******************************************************************************
            TI ARM Clang Linker PC v4.0.3                      
******************************************************************************
>> Linked Tue Jul 29 17:15:22 2025

OUTPUT FILE NAME:   <PantiltTrolley.out>
ENTRY POINT SYMBOL: "_c_int00_noargs"  address: 0000752d


MEMORY CONFIGURATION

         name            origin    length      used     unused   attr    fill
----------------------  --------  ---------  --------  --------  ----  --------
  FLASH                 00000000   00020000  00008dd8  00017228  R  X
  SRAM                  20200000   00008000  000048b0  00003750  RW X
  BCR_CONFIG            41c00000   000000ff  00000000  000000ff  R   
  BSL_CONFIG            41c00100   00000080  00000000  00000080  R   


SEGMENT ALLOCATION MAP

run origin  load origin   length   init length attrs members
----------  ----------- ---------- ----------- ----- -------
00000000    00000000    00008dd8   00008dd8    r-x
  00000000    00000000    000000c0   000000c0    r-- .intvecs
  000000c0    000000c0    00007fb0   00007fb0    r-x .text
  00008070    00008070    00000cf0   00000cf0    r-- .rodata
  00008d60    00008d60    00000078   00000078    r-- .cinit
20200000    20200000    000046b1   00000000    rw-
  20200000    20200000    0000461f   00000000    rw- .bss
  20204620    20204620    00000091   00000000    rw- .data
20207e00    20207e00    00000200   00000000    rw-
  20207e00    20207e00    00000200   00000000    rw- .stack


SECTION ALLOCATION MAP

 output                                  attributes/
section   page    origin      length       input sections
--------  ----  ----------  ----------   ----------------
.intvecs   0    00000000    000000c0     
                  00000000    000000c0     startup_mspm0g350x_ticlang.o (.intvecs)

.text      0    000000c0    00007fb0     
                  000000c0    00000fdc     slave_control.o (.text.Page_Test)
                  0000109c    00000a48     libc.a : e_pow.c.obj (.text.pow)
                  00001ae4    000009d0            : _printfi.c.obj (.text:__TI_printfi)
                  000024b4    00000644            : k_rem_pio2.c.obj (.text.__kernel_rem_pio2)
                  00002af8    00000458            : s_sin.c.obj (.text.sin)
                  00002f50    00000440            : s_cos.c.obj (.text.cos)
                  00003390    00000220            : _printfi.c.obj (.text._pconv_a)
                  000035b0    0000021c     tb6612.o (.text.Motor_Init)
                  000037cc    00000204     ti_msp_dl_config.o (.text.SYSCFG_DL_GPIO_init)
                  000039d0    000001dc     libc.a : _printfi.c.obj (.text._pconv_g)
                  00003bac    00000192     libclang_rt.builtins.a : adddf3.S.obj (.text.adddf3_subdf3)
                  00003d3e    00000002                            : aeabi_div0.c.obj (.text.__aeabi_idiv0)
                  00003d40    00000170     libc.a : e_sqrt.c.obj (.text.sqrt)
                  00003eb0    00000168            : k_sin.c.obj (.text.__kernel_sin)
                  00004018    00000150            : k_cos.c.obj (.text.__kernel_cos)
                  00004168    00000144            : s_floor.c.obj (.text.floor)
                  000042ac    0000013c            : _printfi.c.obj (.text.fcvt)
                  000043e8    00000120            : _printfi.c.obj (.text._pconv_e)
                  00004508    0000011e     yb_protocol.o (.text.Pto_Data_Parse)
                  00004626    00000002     libclang_rt.builtins.a : aeabi_div0.c.obj (.text.__aeabi_ldiv0)
                  00004628    00000118     oled_hardware_i2c.o (.text.OLED_ShowChar)
                  00004740    00000110     oled_hardware_i2c.o (.text.OLED_Init)
                  00004850    0000010c     libclang_rt.builtins.a : divdf3.S.obj (.text.__divdf3)
                  0000495c    00000104     driverlib.a : dl_timer.o (.text.DL_Timer_initFourCCPWMMode)
                  00004a60    000000fc     slave_control.o (.text.Page_Debug_Step_Hor)
                  00004b5c    000000fc     slave_control.o (.text.Page_Debug_Step_Ver)
                  00004c58    000000f2     pid.o (.text.PID_Loc)
                  00004d4a    00000002     --HOLE-- [fill = 0]
                  00004d4c    000000e8     driverlib.a : dl_timer.o (.text.DL_Timer_initTimerMode)
                  00004e34    000000e4     libclang_rt.builtins.a : muldf3.S.obj (.text.__muldf3)
                  00004f18    000000dc     driverlib.a : dl_sysctl_mspm0g1x0x_g3x0x.o (.text.DL_SYSCTL_configSYSPLL)
                  00004ff4    000000d8     slave_control.o (.text.Circle_Location)
                  000050cc    000000d8     ti_msp_dl_config.o (.text.SYSCFG_DL_PWM_MOTOR_init)
                  000051a4    000000d8     keyboard.o (.text.Scan_Keyboard)
                  0000527c    000000d8     libc.a : s_scalbn.c.obj (.text.scalbn)
                  00005354    000000d8     libclang_rt.builtins.a : addsf3.S.obj (.text)
                  0000542c    000000c8     slave_control.o (.text.Page_Home)
                  000054f4    000000b8     tb6612.o (.text.Motor_Set_Duty)
                  000055ac    000000b0     ti_msp_dl_config.o (.text.SYSCFG_DL_initPower)
                  0000565c    000000ac     yb_protocol.o (.text.Pto_Data_Receive)
                  00005708    000000a4     tb6600.o (.text.SMotor_Init)
                  000057ac    000000a2     libclang_rt.builtins.a : udivmoddi4.S.obj (.text)
                  0000584e    00000002     --HOLE-- [fill = 0]
                  00005850    000000a0     slave_control.o (.text.Page_Debug)
                  000058f0    000000a0     libc.a : e_sqrtf.c.obj (.text.sqrtf)
                  00005990    00000098     oled_hardware_i2c.o (.text.OLED_WR_Byte)
                  00005a28    00000094     tb6600.o (.text.SMotor_Set_Speed)
                  00005abc    0000008c     libclang_rt.builtins.a : mulsf3.S.obj (.text.__mulsf3)
                  00005b48    00000084     clock.o (.text.__NVIC_SetPriority)
                  00005bcc    00000084     ti_msp_dl_config.o (.text.__NVIC_SetPriority)
                  00005c50    00000082     libclang_rt.builtins.a : divsf3.S.obj (.text.__divsf3)
                  00005cd2    00000002     --HOLE-- [fill = 0]
                  00005cd4    00000080     trace.o (.text.Trace_Read_Bit)
                  00005d54    00000080     main.o (.text.main)
                  00005dd4    0000007c     trace.o (.text.Get_Trace_Sum)
                  00005e50    0000007c     libc.a : copy_decompress_lzss.c.obj (.text:decompress:lzss)
                  00005ecc    00000078     ti_msp_dl_config.o (.text.SYSCFG_DL_SM_PUL_HOR_init)
                  00005f44    00000078     ti_msp_dl_config.o (.text.SYSCFG_DL_SM_PUL_VER_init)
                  00005fbc    00000074     libclang_rt.builtins.a : comparedf2.c.obj (.text.__gedf2)
                  00006030    00000074                            : truncdfsf2.S.obj (.text.__truncdfsf2)
                  000060a4    00000070     oled_hardware_i2c.o (.text.OLED_ShowString)
                  00006114    0000006a     slave_control.o (.text.Distance)
                  0000617e    0000006a     oled_hardware_i2c.o (.text.OLED_Clear)
                  000061e8    00000068     queue.o (.text.DeQueue)
                  00006250    00000068     libclang_rt.builtins.a : comparedf2.c.obj (.text.__ledf2)
                  000062b8    00000066     queue.o (.text.EnQueue)
                  0000631e    00000066     libc.a : _printfi.c.obj (.text._mcpy)
                  00006384    00000064     tb6600.o (.text.SMotor_Turn_Pulse)
                  000063e8    00000062     libclang_rt.builtins.a : aeabi_dcmp.S.obj (.text.__aeabi_dcmp)
                  0000644a    00000002     --HOLE-- [fill = 0]
                  0000644c    00000062                            : aeabi_fcmp.S.obj (.text.__aeabi_fcmp)
                  000064ae    00000002     --HOLE-- [fill = 0]
                  000064b0    00000060     oled_hardware_i2c.o (.text.oled_i2c_sda_unlock)
                  00006510    0000005e     driverlib.a : dl_i2c.o (.text.DL_I2C_fillControllerTXFIFO)
                  0000656e    00000002     --HOLE-- [fill = 0]
                  00006570    0000005c     slave_control.o (.text.Motor_Modify_Left)
                  000065cc    0000005c     slave_control.o (.text.Motor_Modify_Right)
                  00006628    0000005c     slave_control.o (.text.Stop_Camera)
                  00006684    0000005c     libc.a : s_frexp.c.obj (.text.frexp)
                  000066e0    0000005c     oled_hardware_i2c.o (.text.mspm0_i2c_enable)
                  0000673c    00000058     ti_msp_dl_config.o (.text.SYSCFG_DL_I2C_OLED_init)
                  00006794    00000058     libc.a : _ltoa.c.obj (.text.__TI_ltoa)
                  000067ec    00000058            : _printfi.c.obj (.text._pconv_f)
                  00006844    00000056     libclang_rt.builtins.a : aeabi_idivmod.S.obj (.text.__aeabi_idivmod)
                  0000689a    00000002     --HOLE-- [fill = 0]
                  0000689c    00000054     ti_msp_dl_config.o (.text.SYSCFG_DL_K230_init)
                  000068f0    00000054     ti_msp_dl_config.o (.text.SYSCFG_DL_PC_init)
                  00006944    00000052     libc.a : _printfi.c.obj (.text._ecpy)
                  00006996    00000002     --HOLE-- [fill = 0]
                  00006998    00000050     oled_hardware_i2c.o (.text.DL_I2C_startControllerTransfer)
                  000069e8    00000050     clock.o (.text.SysTick_Config)
                  00006a38    0000004c     ti_msp_dl_config.o (.text.DL_UART_setBaudRateDivisor)
                  00006a84    0000004c     tb6600.o (.text.SMotor_Turn_Degree)
                  00006ad0    0000004c     ti_msp_dl_config.o (.text.SYSCFG_DL_init)
                  00006b1c    0000004a     libclang_rt.builtins.a : fixdfsi.S.obj (.text.__fixdfsi)
                  00006b66    00000002     --HOLE-- [fill = 0]
                  00006b68    00000048     driverlib.a : dl_uart.o (.text.DL_UART_init)
                  00006bb0    00000048     slave_control.o (.text.Page_Calib)
                  00006bf8    00000048     tb6600.o (.text.TIMA1_IRQHandler)
                  00006c40    00000048     tb6600.o (.text.TIMG6_IRQHandler)
                  00006c88    00000044     pid.o (.text.Constrain_Float)
                  00006ccc    00000044     driverlib.a : dl_sysctl_mspm0g1x0x_g3x0x.o (.text.DL_SYSCTL_switchMCLKfromSYSOSCtoHSCLK)
                  00006d10    00000044     queue.o (.text.Queue_Full)
                  00006d54    00000044     tb6600.o (.text.SMotor_Turn_To)
                  00006d98    00000044     oled_hardware_i2c.o (.text.mspm0_i2c_disable)
                  00006ddc    00000040     libclang_rt.builtins.a : aeabi_uidivmod.S.obj (.text.__aeabi_uidivmod)
                  00006e1c    00000040                            : extendsfdf2.S.obj (.text.__extendsfdf2)
                  00006e5c    00000040     libc.a : atoi.c.obj (.text.atoi)
                  00006e9c    0000003c     oled_hardware_i2c.o (.text.DL_GPIO_initPeripheralInputFunctionFeatures)
                  00006ed8    0000003c     ti_msp_dl_config.o (.text.DL_GPIO_initPeripheralInputFunctionFeatures)
                  00006f14    0000003c     ti_msp_dl_config.o (.text.DL_Timer_setCounterControl)
                  00006f50    0000003c     oled_hardware_i2c.o (.text.OLED_Set_Pos)
                  00006f8c    0000003c     ti_msp_dl_config.o (.text.SYSCFG_DL_SYSCTL_init)
                  00006fc8    0000003c     libclang_rt.builtins.a : floatsisf.S.obj (.text.__floatsisf)
                  00007004    0000003c                            : comparesf2.S.obj (.text.__gtsf2)
                  00007040    0000003c     libc.a : autoinit.c.obj (.text:__TI_auto_init_nobinit_nopinit)
                  0000707c    0000003a     libclang_rt.builtins.a : comparesf2.S.obj (.text.__eqsf2)
                  000070b6    00000002     --HOLE-- [fill = 0]
                  000070b8    0000003a                            : muldsi3.S.obj (.text.__muldsi3)
                  000070f2    00000002     --HOLE-- [fill = 0]
                  000070f4    00000038     tb6612.o (.text.Motor_Stop)
                  0000712c    00000038     libclang_rt.builtins.a : fixsfsi.S.obj (.text.__fixsfsi)
                  00007164    00000038     libc.a : sprintf.c.obj (.text.sprintf)
                  0000719c    00000036     queue.o (.text.Queue_Empty)
                  000071d2    00000002     --HOLE-- [fill = 0]
                  000071d4    00000034     oled_hardware_i2c.o (.text.DL_GPIO_initDigitalInputFeatures)
                  00007208    00000034     ti_msp_dl_config.o (.text.DL_GPIO_initDigitalInputFeatures)
                  0000723c    00000032     libclang_rt.builtins.a : fixunssfsi.S.obj (.text.__fixunssfsi)
                  0000726e    00000002     --HOLE-- [fill = 0]
                  00007270    00000030     slave_control.o (.text.Beep)
                  000072a0    00000030     slave_control.o (.text.UART2_IRQHandler)
                  000072d0    00000030     libc.a : _printfi.c.obj (.text._fcpy)
                  00007300    00000030     clock.o (.text.mspm0_delay_ms)
                  00007330    0000002c     slave_control.o (.text.Motor_Stop_All)
                  0000735c    0000002c     ti_msp_dl_config.o (.text.SYSCFG_DL_MOTOR_TIM_INST_init)
                  00007388    0000002c     interrupt.o (.text.__NVIC_EnableIRQ)
                  000073b4    0000002c     main.o (.text.__NVIC_EnableIRQ)
                  000073e0    0000002c     tb6600.o (.text.__NVIC_EnableIRQ)
                  0000740c    0000002c     libclang_rt.builtins.a : floatsidf.S.obj (.text.__floatsidf)
                  00007438    0000002c     clock.o (.text.mspm0_get_clock_ms)
                  00007464    00000028     oled_hardware_i2c.o (.text.DL_Common_updateReg)
                  0000748c    00000028     ti_msp_dl_config.o (.text.DL_Common_updateReg)
                  000074b4    00000028     ti_msp_dl_config.o (.text.DL_I2C_setControllerRXFIFOThreshold)
                  000074dc    00000028     ti_msp_dl_config.o (.text.DL_I2C_setControllerTXFIFOThreshold)
                  00007504    00000028     libclang_rt.builtins.a : floatunsisf.S.obj (.text.__floatunsisf)
                  0000752c    00000028     libc.a : boot_cortex_m.c.obj (.text:_c_int00_noargs)
                  00007554    00000026     ti_msp_dl_config.o (.text.DL_I2C_setAnalogGlitchFilterPulseWidth)
                  0000757a    00000026     driverlib.a : dl_i2c.o (.text.DL_I2C_setClockConfig)
                  000075a0    00000026     queue.o (.text.Init_Queue)
                  000075c6    00000026     tb6600.o (.text.SMotor_Stop)
                  000075ec    00000024     slave_control.o (.text.Motor_Set_Left_Duty)
                  00007610    00000024     slave_control.o (.text.Motor_Set_Right_Duty)
                  00007634    00000024     libclang_rt.builtins.a : muldi3.S.obj (.text.__muldi3)
                  00007658    00000022     libc.a : memccpy.c.obj (.text.memccpy)
                  0000767a    00000002     --HOLE-- [fill = 0]
                  0000767c    00000020     ti_msp_dl_config.o (.text.DL_GPIO_initPeripheralInputFunction)
                  0000769c    00000020     ti_msp_dl_config.o (.text.DL_SYSCTL_setFlashWaitState)
                  000076bc    00000020     driverlib.a : dl_uart.o (.text.DL_UART_receiveDataBlocking)
                  000076dc    00000020                 : dl_uart.o (.text.DL_UART_transmitDataBlocking)
                  000076fc    00000020     tb6600.o (.text.SMotor_Start)
                  0000771c    0000001e     ti_msp_dl_config.o (.text.DL_UART_setOversampling)
                  0000773a    00000002     --HOLE-- [fill = 0]
                  0000773c    0000001e     libclang_rt.builtins.a : ashldi3.S.obj (.text.__ashldi3)
                  0000775a    00000002     --HOLE-- [fill = 0]
                  0000775c    0000001c     oled_hardware_i2c.o (.text.DL_GPIO_enableHiZ)
                  00007778    0000001c     ti_msp_dl_config.o (.text.DL_GPIO_enableHiZ)
                  00007794    0000001c     ti_msp_dl_config.o (.text.DL_GPIO_initPeripheralOutputFunction)
                  000077b0    0000001c     oled_hardware_i2c.o (.text.DL_I2C_getSDAStatus)
                  000077cc    0000001c     interrupt.o (.text.DL_Interrupt_getPendingGroup)
                  000077e8    0000001c     ti_msp_dl_config.o (.text.DL_SYSCTL_setSYSOSCFreq)
                  00007804    0000001c     ti_msp_dl_config.o (.text.DL_SYSCTL_setULPCLKDivider)
                  00007820    0000001c     ti_msp_dl_config.o (.text.DL_Timer_enableInterrupt)
                  0000783c    0000001c     driverlib.a : dl_timer.o (.text.DL_Timer_setCaptCompUpdateMethod)
                  00007858    0000001c                 : dl_timer.o (.text.DL_Timer_setClockConfig)
                  00007874    0000001c     ti_msp_dl_config.o (.text.DL_UART_enableInterrupt)
                  00007890    0000001c     interrupt.o (.text.Interrupt_Init)
                  000078ac    0000001c     slave_control.o (.text.Motor_Walk_Strt)
                  000078c8    00000018     oled_hardware_i2c.o (.text.DL_GPIO_enableOutput)
                  000078e0    00000018     ti_msp_dl_config.o (.text.DL_GPIO_enableOutput)
                  000078f8    00000018     ti_msp_dl_config.o (.text.DL_GPIO_enablePower)
                  00007910    00000018     oled_hardware_i2c.o (.text.DL_GPIO_initDigitalOutput)
                  00007928    00000018     ti_msp_dl_config.o (.text.DL_GPIO_initDigitalOutput)
                  00007940    00000018     ti_msp_dl_config.o (.text.DL_GPIO_reset)
                  00007958    00000018     keyboard.o (.text.DL_GPIO_setPins)
                  00007970    00000018     oled_hardware_i2c.o (.text.DL_GPIO_setPins)
                  00007988    00000018     slave_control.o (.text.DL_GPIO_setPins)
                  000079a0    00000018     tb6600.o (.text.DL_GPIO_setPins)
                  000079b8    00000018     tb6612.o (.text.DL_GPIO_setPins)
                  000079d0    00000018     ti_msp_dl_config.o (.text.DL_GPIO_setPins)
                  000079e8    00000018     oled_hardware_i2c.o (.text.DL_I2C_clearInterruptStatus)
                  00007a00    00000018     ti_msp_dl_config.o (.text.DL_I2C_enableAnalogGlitchFilter)
                  00007a18    00000018     ti_msp_dl_config.o (.text.DL_I2C_enableController)
                  00007a30    00000018     ti_msp_dl_config.o (.text.DL_I2C_enableControllerClockStretching)
                  00007a48    00000018     oled_hardware_i2c.o (.text.DL_I2C_enablePower)
                  00007a60    00000018     ti_msp_dl_config.o (.text.DL_I2C_enablePower)
                  00007a78    00000018     oled_hardware_i2c.o (.text.DL_I2C_getRawInterruptStatus)
                  00007a90    00000018     oled_hardware_i2c.o (.text.DL_I2C_reset)
                  00007aa8    00000018     ti_msp_dl_config.o (.text.DL_I2C_reset)
                  00007ac0    00000018     ti_msp_dl_config.o (.text.DL_I2C_setTimerPeriod)
                  00007ad8    00000018     ti_msp_dl_config.o (.text.DL_SYSCTL_setBORThreshold)
                  00007af0    00000018     ti_msp_dl_config.o (.text.DL_Timer_enablePower)
                  00007b08    00000018     ti_msp_dl_config.o (.text.DL_Timer_reset)
                  00007b20    00000018     driverlib.a : dl_timer.o (.text.DL_Timer_setCaptureCompareOutCtl)
                  00007b38    00000018     tb6600.o (.text.DL_Timer_setLoadValue)
                  00007b50    00000018     tb6600.o (.text.DL_Timer_startCounter)
                  00007b68    00000018     tb6612.o (.text.DL_Timer_startCounter)
                  00007b80    00000018     tb6600.o (.text.DL_Timer_stopCounter)
                  00007b98    00000018     ti_msp_dl_config.o (.text.DL_UART_enablePower)
                  00007bb0    00000018     slave_control.o (.text.DL_UART_getErrorStatus)
                  00007bc8    00000018     ti_msp_dl_config.o (.text.DL_UART_reset)
                  00007be0    00000018     clock.o (.text.SysTick_Init)
                  00007bf8    00000018     libc.a : sprintf.c.obj (.text._outs)
                  00007c10    00000016     keyboard.o (.text.DL_GPIO_readPins)
                  00007c26    00000016     oled_hardware_i2c.o (.text.DL_GPIO_readPins)
                  00007c3c    00000016     trace.o (.text.DL_GPIO_readPins)
                  00007c52    00000016     ti_msp_dl_config.o (.text.DL_UART_enable)
                  00007c68    00000016     slave_control.o (.text.DL_UART_transmitData)
                  00007c7e    00000016     libc.a : k_rem_pio2.c.obj (.text.OUTLINED_FUNCTION_0)
                  00007c94    00000010     libclang_rt.builtins.a : adddf3.S.obj (.tramp.__aeabi_dadd.1)
                  00007ca4    00000014     keyboard.o (.text.DL_GPIO_clearPins)
                  00007cb8    00000014     oled_hardware_i2c.o (.text.DL_GPIO_clearPins)
                  00007ccc    00000014     slave_control.o (.text.DL_GPIO_clearPins)
                  00007ce0    00000014     tb6600.o (.text.DL_GPIO_clearPins)
                  00007cf4    00000014     tb6612.o (.text.DL_GPIO_clearPins)
                  00007d08    00000014     ti_msp_dl_config.o (.text.DL_GPIO_clearPins)
                  00007d1c    00000014     oled_hardware_i2c.o (.text.DL_I2C_getControllerStatus)
                  00007d30    00000014     ti_msp_dl_config.o (.text.DL_I2C_resetControllerTransfer)
                  00007d44    00000014     ti_msp_dl_config.o (.text.DL_SYSCTL_disableSYSPLL)
                  00007d58    00000014     ti_msp_dl_config.o (.text.DL_Timer_enableClock)
                  00007d6c    00000014     tb6612.o (.text.DL_Timer_getLoadValue)
                  00007d80    00000014     ti_msp_dl_config.o (.text.DL_Timer_setCCPDirection)
                  00007d94    00000014     yb_protocol.o (.text.Pto_Clear_CMD_Flag)
                  00007da8    00000014     libclang_rt.builtins.a : aeabi_uldivmod.S.obj (.text.__aeabi_uldivmod)
                  00007dbc    00000014     libc.a : _printfi.c.obj (.text.strchr)
                  00007dd0    00000012     tb6600.o (.text.DL_Timer_getPendingInterrupt)
                  00007de2    00000012     slave_control.o (.text.DL_UART_getPendingInterrupt)
                  00007df4    00000012     driverlib.a : dl_uart.o (.text.DL_UART_setClockConfig)
                  00007e06    00000012     libc.a : memcpy16.S.obj (.text:TI_memcpy_small)
                  00007e18    00000012            : copy_decompress_none.c.obj (.text:decompress:none)
                  00007e2a    00000002     --HOLE-- [fill = 0]
                  00007e2c    00000010     ti_msp_dl_config.o (.text.DL_SYSCTL_disableHFXT)
                  00007e3c    00000010     driverlib.a : dl_timer.o (.text.DL_Timer_setCaptureCompareValue)
                  00007e4c    00000010     libc.a : k_rem_pio2.c.obj (.text.OUTLINED_FUNCTION_2)
                  00007e5c    00000010     yb_protocol.o (.text.Pto_Char_To_Int)
                  00007e6c    00000010     interrupt.o (.text.SysTick_Handler)
                  00007e7c    00000010     oled_hardware_i2c.o (.text.delay_ms)
                  00007e8c    00000010     libc.a : wcslen.c.obj (.text.wcslen)
                  00007e9c    00000010            : copy_zero_init.c.obj (.text:decompress:ZI)
                  00007eac    0000000e            : s_cos.c.obj (.text.OUTLINED_FUNCTION_1)
                  00007eba    00000002     --HOLE-- [fill = 0]
                  00007ebc    00000010     libclang_rt.builtins.a : adddf3.S.obj (.tramp.__aeabi_dsub.1)
                  00007ecc    0000000e     libc.a : s_sin.c.obj (.text.OUTLINED_FUNCTION_1)
                  00007eda    0000000e            : s_cos.c.obj (.text.OUTLINED_FUNCTION_2)
                  00007ee8    0000000e            : s_sin.c.obj (.text.OUTLINED_FUNCTION_2)
                  00007ef6    00000002     --HOLE-- [fill = 0]
                  00007ef8    0000000e     libclang_rt.builtins.a : aeabi_memset.S.obj (.text.__aeabi_memset)
                  00007f06    0000000e     libc.a : _printfi.c.obj (.text.strlen)
                  00007f14    0000000e            : strlen.c.obj (.text.strlen)
                  00007f22    0000000e            : memset16.S.obj (.text:TI_memset_small)
                  00007f30    0000000c     libclang_rt.builtins.a : aeabi_memset.S.obj (.text.__aeabi_memclr)
                  00007f3c    0000000a     driverlib.a : dl_common.o (.text.DL_Common_delayCycles)
                  00007f46    0000000a     interrupt.o (.text.GROUP1_IRQHandler)
                  00007f50    0000000a     libc.a : _printfi.c.obj (.text.OUTLINED_FUNCTION_0)
                  00007f5a    0000000a            : e_pow.c.obj (.text.OUTLINED_FUNCTION_0)
                  00007f64    00000010     libclang_rt.builtins.a : muldf3.S.obj (.tramp.__aeabi_dmul.1)
                  00007f74    0000000a     libc.a : _printfi.c.obj (.text.OUTLINED_FUNCTION_1)
                  00007f7e    0000000a            : e_pow.c.obj (.text.OUTLINED_FUNCTION_1)
                  00007f88    0000000a            : k_rem_pio2.c.obj (.text.OUTLINED_FUNCTION_1)
                  00007f92    0000000a            : e_pow.c.obj (.text.OUTLINED_FUNCTION_6)
                  00007f9c    0000000a            : s_cos.c.obj (.text.OUTLINED_FUNCTION_7)
                  00007fa6    00000002     --HOLE-- [fill = 0]
                  00007fa8    00000010            : k_sin.c.obj (.tramp.__kernel_sin.1)
                  00007fb8    0000000a            : sprintf.c.obj (.text._outc)
                  00007fc2    00000008            : e_pow.c.obj (.text.OUTLINED_FUNCTION_2)
                  00007fca    00000002     --HOLE-- [fill = 0]
                  00007fcc    00000008            : aeabi_portable.c.obj (.text.__aeabi_errno_addr)
                  00007fd4    00000008     libclang_rt.builtins.a : aeabi_memcpy.S.obj (.text.__aeabi_memcpy)
                  00007fdc    00000006     libc.a : k_cos.c.obj (.text.OUTLINED_FUNCTION_0)
                  00007fe2    00000006            : k_sin.c.obj (.text.OUTLINED_FUNCTION_0)
                  00007fe8    00000006            : s_cos.c.obj (.text.OUTLINED_FUNCTION_0)
                  00007fee    00000006            : s_sin.c.obj (.text.OUTLINED_FUNCTION_0)
                  00007ff4    00000006            : e_pow.c.obj (.text.OUTLINED_FUNCTION_3)
                  00007ffa    00000006            : e_pow.c.obj (.text.OUTLINED_FUNCTION_4)
                  00008000    00000006            : s_cos.c.obj (.text.OUTLINED_FUNCTION_4)
                  00008006    00000006            : s_sin.c.obj (.text.OUTLINED_FUNCTION_4)
                  0000800c    00000006            : e_pow.c.obj (.text.OUTLINED_FUNCTION_5)
                  00008012    00000006            : s_cos.c.obj (.text.OUTLINED_FUNCTION_6)
                  00008018    00000006            : s_sin.c.obj (.text.OUTLINED_FUNCTION_6)
                  0000801e    00000006            : exit.c.obj (.text:abort)
                  00008024    00000004     startup_mspm0g350x_ticlang.o (.text.Default_Handler)
                  00008028    00000004     libsysbm.a : hostexit.c.obj (.text.HOSTexit)
                  0000802c    00000004     libc.a : e_pow.c.obj (.text.OUTLINED_FUNCTION_10)
                  00008030    00000004            : s_cos.c.obj (.text.OUTLINED_FUNCTION_3)
                  00008034    00000004            : s_sin.c.obj (.text.OUTLINED_FUNCTION_3)
                  00008038    00000004            : s_cos.c.obj (.text.OUTLINED_FUNCTION_5)
                  0000803c    00000004            : s_sin.c.obj (.text.OUTLINED_FUNCTION_5)
                  00008040    00000004            : e_pow.c.obj (.text.OUTLINED_FUNCTION_7)
                  00008044    00000004            : e_pow.c.obj (.text.OUTLINED_FUNCTION_8)
                  00008048    00000004            : e_pow.c.obj (.text.OUTLINED_FUNCTION_9)
                  0000804c    00000004     startup_mspm0g350x_ticlang.o (.text.Reset_Handler)
                  00008050    00000010     libc.a : boot_cortex_m.c.obj (.tramp._c_int00_noargs.1)
                  00008060    00000004            : pre_init.c.obj (.text._system_pre_init)
                  00008064    0000000c     --HOLE-- [fill = 0]

.cinit     0    00008d60    00000078     
                  00008d60    0000004e     (.cinit..data.load) [load image, compression = lzss]
                  00008dae    00000002     --HOLE-- [fill = 0]
                  00008db0    0000000c     (__TI_handler_table)
                  00008dbc    00000008     (.cinit..bss.load) [load image, compression = zero_init]
                  00008dc4    00000010     (__TI_cinit_table)
                  00008dd4    00000004     --HOLE-- [fill = 0]

.rodata    0    00008070    00000cf0     
                  00008070    000005f0     oled_hardware_i2c.o (.rodata.asc2_1608)
                  00008660    00000228     oled_hardware_i2c.o (.rodata.asc2_0806)
                  00008888    00000108     libc.a : k_rem_pio2.c.obj (.rodata.ipio2)
                  00008990    00000101            : aeabi_ctype.S.obj (.rodata:__aeabi_ctype_table_)
                  00008a91    00000006     slave_control.o (.rodata.str1.12882210153678541480.1)
                  00008a97    00000001     --HOLE-- [fill = 0]
                  00008a98    00000040     libc.a : k_rem_pio2.c.obj (.rodata.PIo2)
                  00008ad8    00000030            : e_pow.c.obj (.rodata.cst16)
                  00008b08    00000028     ti_msp_dl_config.o (.rodata.gSYSPLLConfig)
                  00008b30    0000001e     slave_control.o (.rodata.str1.8126557095944658998.1)
                  00008b4e    0000001b     slave_control.o (.rodata.str1.4168099739114660002.1)
                  00008b69    00000015     slave_control.o (.rodata.str1.16047937720596240741.1)
                  00008b7e    00000002     ti_msp_dl_config.o (.rodata.gI2C_OLEDClockConfig)
                  00008b80    00000014     ti_msp_dl_config.o (.rodata.gMOTOR_TIM_INSTTimerConfig)
                  00008b94    00000014     slave_control.o (.rodata.str1.10572102781991435550.1)
                  00008ba8    00000014     slave_control.o (.rodata.str1.5473277251982731154.1)
                  00008bbc    00000012     slave_control.o (.rodata.str1.9574044608604678251.1)
                  00008bce    00000011     libc.a : _printfi.c.obj (.rodata.str1.10348868589481759720.1)
                  00008bdf    00000011            : _printfi.c.obj (.rodata.str1.15363888844622738466.1)
                  00008bf0    00000011     slave_control.o (.rodata.str1.8471773180393040059.1)
                  00008c01    00000003     ti_msp_dl_config.o (.rodata.gMOTOR_TIM_INSTClockConfig)
                  00008c04    00000010     libc.a : k_rem_pio2.c.obj (.rodata.cst16)
                  00008c14    00000010     slave_control.o (.rodata.str1.2328748832998369038.1)
                  00008c24    00000010     slave_control.o (.rodata.str1.8543509728947385288.1)
                  00008c34    0000000f     slave_control.o (.rodata.str1.17256730692979851966.1)
                  00008c43    0000000f     slave_control.o (.rodata.str1.740961259844707590.1)
                  00008c52    0000000e     slave_control.o (.rodata.str1.13990379041799614126.1)
                  00008c60    0000000e     slave_control.o (.rodata.str1.5595428644238167034.1)
                  00008c6e    0000000e     slave_control.o (.rodata.str1.6302045221187371990.1)
                  00008c7c    0000000d     slave_control.o (.rodata.str1.1006182106699770870.1)
                  00008c89    0000000d     slave_control.o (.rodata.str1.10475564603013461994.1)
                  00008c96    0000000d     slave_control.o (.rodata.str1.2040218487186650791.1)
                  00008ca3    0000000d     slave_control.o (.rodata.str1.7962028249264667288.1)
                  00008cb0    0000000c     slave_control.o (.rodata.str1.15525949550182208629.1)
                  00008cbc    0000000c     slave_control.o (.rodata.str1.181331023340699192.1)
                  00008cc8    0000000c     slave_control.o (.rodata.str1.7462468074651370922.1)
                  00008cd4    0000000b     slave_control.o (.rodata.str1.13923087245300085618.1)
                  00008cdf    0000000b     slave_control.o (.rodata.str1.5162442518715854346.1)
                  00008cea    0000000a     ti_msp_dl_config.o (.rodata.gK230Config)
                  00008cf4    0000000a     ti_msp_dl_config.o (.rodata.gPCConfig)
                  00008cfe    0000000a     slave_control.o (.rodata.str1.6507674665030924177.1)
                  00008d08    00000009     slave_control.o (.rodata.str1.13044077276849370338.1)
                  00008d11    00000009     slave_control.o (.rodata.str1.77396118466644672.1)
                  00008d1a    00000002     ti_msp_dl_config.o (.rodata.gK230ClockConfig)
                  00008d1c    00000008     ti_msp_dl_config.o (.rodata.gPWM_MOTORConfig)
                  00008d24    00000008     ti_msp_dl_config.o (.rodata.gSM_PUL_HORConfig)
                  00008d2c    00000008     ti_msp_dl_config.o (.rodata.gSM_PUL_VERConfig)
                  00008d34    00000008     slave_control.o (.rodata.str1.369370871370282537.1)
                  00008d3c    00000006     slave_control.o (.rodata.str1.14476422381677706553.1)
                  00008d42    00000006     slave_control.o (.rodata.str1.6931031396114040696.1)
                  00008d48    00000003     ti_msp_dl_config.o (.rodata.gPWM_MOTORClockConfig)
                  00008d4b    00000003     ti_msp_dl_config.o (.rodata.gSM_PUL_HORClockConfig)
                  00008d4e    00000003     ti_msp_dl_config.o (.rodata.gSM_PUL_VERClockConfig)
                  00008d51    00000002     ti_msp_dl_config.o (.rodata.gPCClockConfig)
                  00008d53    0000000d     --HOLE-- [fill = 0]

.init_array 
*          0    00000000    00000000     UNINITIALIZED

.binit     0    00000000    00000000     

.bss       0    20200000    0000461f     UNINITIALIZED
                  20200000    00001048     (.common:motor_bl)
                  20201048    00001048     (.common:motor_br)
                  20202090    00001048     (.common:motor_fl)
                  202030d8    00001048     (.common:motor_fr)
                  20204120    00000194     (.common:maze)
                  202042b4    000000bc     (.common:gPWM_MOTORBackup)
                  20204370    000000bc     (.common:gSM_PUL_VERBackup)
                  2020442c    000000a0     (.common:gSM_PUL_HORBackup)
                  202044cc    00000038     (.common:hori_laser_pid)
                  20204504    00000038     (.common:vert_laser_pid)
                  2020453c    00000032     (.common:RxBuffer)
                  2020456e    00000002     (.common:len)
                  20204570    00000024     (.common:smotor_hor)
                  20204594    00000024     (.common:smotor_ver)
                  202045b8    00000020     (.common:oled_buffer)
                  202045d8    00000018     (.common:recv_data)
                  202045f0    00000008     (.common:circle_deg_pos)
                  202045f8    00000008     (.common:trace_state)
                  20204600    00000004     (.common:end_point)
                  20204604    00000004     (.common:gap_point)
                  20204608    00000004     (.common:laser_pos)
                  2020460c    00000004     (.common:start_time)
                  20204610    00000004     (.common:target_pos)
                  20204614    00000004     (.common:tick_ms)
                  20204618    00000004     (.common:trace_sum)
                  2020461c    00000001     (.common:bit)
                  2020461d    00000001     (.common:state)
                  2020461e    00000001     (.common:target_state)

.data      0    20204620    00000091     UNINITIALIZED
                  20204620    00000020     trace.o (.data.gravitys)
                  20204640    00000020     trace.o (.data.trace_pins)
                  20204660    00000020     trace.o (.data.trace_ports)
                  20204680    00000008     keyboard.o (.data.col_pins)
                  20204688    00000008     keyboard.o (.data.col_ports)
                  20204690    00000008     keyboard.o (.data.row_pins)
                  20204698    00000008     keyboard.o (.data.row_ports)
                  202046a0    00000004     keyboard.o (.data.KeyboardData)
                  202046a4    00000004     libc.a : aeabi_portable.c.obj (.data.__aeabi_errno)
                  202046a8    00000001     yb_protocol.o (.data.New_CMD_flag)
                  202046a9    00000001     yb_protocol.o (.data.New_CMD_length)
                  202046aa    00000001     yb_protocol.o (.data.RxFlag)
                  202046ab    00000001     yb_protocol.o (.data.RxIndex)
                  202046ac    00000001     slave_control.o (.data.center_distance)
                  202046ad    00000001     slave_control.o (.data.echo_data)
                  202046ae    00000001     interrupt.o (.data.enable_group1_irq)
                  202046af    00000001     slave_control.o (.data.key)
                  202046b0    00000001     slave_control.o (.data.page_state)

.stack     0    20207e00    00000200     UNINITIALIZED
                  20207e00    00000004     libc.a : boot_cortex_m.c.obj (.stack)
                  20207e04    000001fc     --HOLE--

__llvm_prf_cnts 
*          0    20200000    00000000     UNINITIALIZED

__llvm_prf_bits 
*          0    20200000    00000000     UNINITIALIZED

MODULE SUMMARY

       Module                         code    ro data   rw data
       ------                         ----    -------   -------
    .\
       ti_msp_dl_config.o             2906    122       536    
       main.o                         172     0         32     
       startup_mspm0g350x_ticlang.o   8       192       0      
    +--+------------------------------+-------+---------+---------+
       Total:                         3086    314       568    
                                                               
    .\Drivers\MSPM0\
       clock.o                        328     0         8      
       interrupt.o                    126     0         1      
    +--+------------------------------+-------+---------+---------+
       Total:                         454     0         9      
                                                               
    .\Drivers\OLED_Hardware_I2C\
       oled_hardware_i2c.o            1772    2072      0      
    +--+------------------------------+-------+---------+---------+
       Total:                         1772    2072      0      
                                                               
    .\Keyboard\
       keyboard.o                     282     0         36     
    +--+------------------------------+-------+---------+---------+
       Total:                         282     0         36     
                                                               
    .\Pid\
       pid.o                          310     0         0      
    +--+------------------------------+-------+---------+---------+
       Total:                         310     0         0      
                                                               
    .\Slave_Control\
       slave_control.o                5942    421       572    
       queue.o                        366     0         0      
    +--+------------------------------+-------+---------+---------+
       Total:                         6308    421       572    
                                                               
    .\TB6600\
       tb6600.o                       948     0         72     
    +--+------------------------------+-------+---------+---------+
       Total:                         948     0         72     
                                                               
    .\TB6612\
       tb6612.o                       868     0         16672  
    +--+------------------------------+-------+---------+---------+
       Total:                         868     0         16672  
                                                               
    .\Trace\
       trace.o                        274     0         109    
    +--+------------------------------+-------+---------+---------+
       Total:                         274     0         109    
                                                               
    .\yb_protocol\
       yb_protocol.o                  494     0         54     
    +--+------------------------------+-------+---------+---------+
       Total:                         494     0         54     
                                                               
    C:/ti/mspm0_sdk_2_05_00_05/source/ti/driverlib/lib/ticlang/m0p/mspm0g1x0x_g3x0x/driverlib.a
       dl_timer.o                     588     0         0      
       dl_sysctl_mspm0g1x0x_g3x0x.o   288     0         0      
       dl_uart.o                      154     0         0      
       dl_i2c.o                       132     0         0      
       dl_common.o                    10      0         0      
    +--+------------------------------+-------+---------+---------+
       Total:                         1172    0         0      
                                                               
    C:\ti\ccs2010\ccs\tools\compiler\ti-cgt-armllvm_4.0.3.LTS\lib\armv6m-ti-none-eabi/c/libc.a
       _printfi.c.obj                 4510    34        0      
       e_pow.c.obj                    2704    48        0      
       k_rem_pio2.c.obj               1652    344       0      
       s_sin.c.obj                    1166    0         0      
       s_cos.c.obj                    1152    0         0      
       k_sin.c.obj                    382     0         0      
       e_sqrt.c.obj                   368     0         0      
       k_cos.c.obj                    342     0         0      
       s_floor.c.obj                  324     0         0      
       aeabi_ctype.S.obj              0       257       0      
       s_scalbn.c.obj                 216     0         0      
       e_sqrtf.c.obj                  160     0         0      
       copy_decompress_lzss.c.obj     124     0         0      
       s_frexp.c.obj                  92      0         0      
       sprintf.c.obj                  90      0         0      
       _ltoa.c.obj                    88      0         0      
       atoi.c.obj                     64      0         0      
       autoinit.c.obj                 60      0         0      
       boot_cortex_m.c.obj            56      0         0      
       memccpy.c.obj                  34      0         0      
       copy_decompress_none.c.obj     18      0         0      
       memcpy16.S.obj                 18      0         0      
       copy_zero_init.c.obj           16      0         0      
       wcslen.c.obj                   16      0         0      
       memset16.S.obj                 14      0         0      
       strlen.c.obj                   14      0         0      
       aeabi_portable.c.obj           8       0         4      
       exit.c.obj                     6       0         0      
       pre_init.c.obj                 4       0         0      
    +--+------------------------------+-------+---------+---------+
       Total:                         13698   683       4      
                                                               
    C:\ti\ccs2010\ccs\tools\compiler\ti-cgt-armllvm_4.0.3.LTS\lib\armv6m-ti-none-eabi/c/libsysbm.a
       hostexit.c.obj                 4       0         0      
    +--+------------------------------+-------+---------+---------+
       Total:                         4       0         0      
                                                               
    C:\ti\ccs2010\ccs\tools\compiler\ti-cgt-armllvm_4.0.3.LTS\lib\armv6m-ti-none-eabi/libclang_rt.builtins.a
       adddf3.S.obj                   434     0         0      
       divdf3.S.obj                   268     0         0      
       muldf3.S.obj                   244     0         0      
       comparedf2.c.obj               220     0         0      
       addsf3.S.obj                   216     0         0      
       udivmoddi4.S.obj               162     0         0      
       mulsf3.S.obj                   140     0         0      
       divsf3.S.obj                   130     0         0      
       comparesf2.S.obj               118     0         0      
       truncdfsf2.S.obj               116     0         0      
       aeabi_dcmp.S.obj               98      0         0      
       aeabi_fcmp.S.obj               98      0         0      
       aeabi_idivmod.S.obj            86      0         0      
       fixdfsi.S.obj                  74      0         0      
       aeabi_uidivmod.S.obj           64      0         0      
       extendsfdf2.S.obj              64      0         0      
       floatsisf.S.obj                60      0         0      
       muldsi3.S.obj                  58      0         0      
       fixsfsi.S.obj                  56      0         0      
       fixunssfsi.S.obj               50      0         0      
       floatsidf.S.obj                44      0         0      
       floatunsisf.S.obj              40      0         0      
       muldi3.S.obj                   36      0         0      
       ashldi3.S.obj                  30      0         0      
       aeabi_memset.S.obj             26      0         0      
       aeabi_uldivmod.S.obj           20      0         0      
       aeabi_memcpy.S.obj             8       0         0      
       aeabi_div0.c.obj               4       0         0      
    +--+------------------------------+-------+---------+---------+
       Total:                         2964    0         0      
                                                               
       Stack:                         0       0         512    
       Linker Generated:              0       114       0      
    +--+------------------------------+-------+---------+---------+
       Grand Total:                   32634   3604      18608  


LINKER GENERATED COPY TABLES

__TI_cinit_table @ 00008dc4 records: 2, size/record: 8, table size: 16
	.data: load addr=00008d60, load size=0000004e bytes, run addr=20204620, run size=00000091 bytes, compression=lzss
	.bss: load addr=00008dbc, load size=00000008 bytes, run addr=20200000, run size=0000461f bytes, compression=zero_init


LINKER GENERATED HANDLER TABLE

__TI_handler_table @ 00008db0 records: 3, size/record: 4, table size: 12
	index: 0, handler: __TI_decompress_lzss
	index: 1, handler: __TI_decompress_none
	index: 2, handler: __TI_zero_init


FAR CALL TRAMPOLINES

callee name               trampoline name
   callee addr  tramp addr   call addr  call info
--------------  -----------  ---------  ----------------
__aeabi_dadd              $Tramp$TT$L$PI$$__aeabi_dadd
   00003bb7     00007c94     00007c92   libc.a : k_rem_pio2.c.obj (.text.OUTLINED_FUNCTION_0)
                             00007f90          : k_rem_pio2.c.obj (.text.OUTLINED_FUNCTION_1)
                             00007fec          : s_cos.c.obj (.text.OUTLINED_FUNCTION_0)
                             00007ff2          : s_sin.c.obj (.text.OUTLINED_FUNCTION_0)
                             00007ff8          : e_pow.c.obj (.text.OUTLINED_FUNCTION_3)
                             0000802e          : e_pow.c.obj (.text.OUTLINED_FUNCTION_10)
                             00008032          : s_cos.c.obj (.text.OUTLINED_FUNCTION_3)
                             00008036          : s_sin.c.obj (.text.OUTLINED_FUNCTION_3)
                             00008042          : e_pow.c.obj (.text.OUTLINED_FUNCTION_7)
                             0000804a          : e_pow.c.obj (.text.OUTLINED_FUNCTION_9)
__aeabi_dsub              $Tramp$TT$L$PI$$__aeabi_dsub
   00003bad     00007ebc     00007eb8   libc.a : s_cos.c.obj (.text.OUTLINED_FUNCTION_1)
                             00007ed8          : s_sin.c.obj (.text.OUTLINED_FUNCTION_1)
                             00007ee6          : s_cos.c.obj (.text.OUTLINED_FUNCTION_2)
                             00007ef4          : s_sin.c.obj (.text.OUTLINED_FUNCTION_2)
                             00007f58          : _printfi.c.obj (.text.OUTLINED_FUNCTION_0)
                             00007fc8          : e_pow.c.obj (.text.OUTLINED_FUNCTION_2)
                             00008016          : s_cos.c.obj (.text.OUTLINED_FUNCTION_6)
                             0000801c          : s_sin.c.obj (.text.OUTLINED_FUNCTION_6)
                             0000803a          : s_cos.c.obj (.text.OUTLINED_FUNCTION_5)
                             0000803e          : s_sin.c.obj (.text.OUTLINED_FUNCTION_5)
__aeabi_dmul              $Tramp$TT$L$PI$$__aeabi_dmul
   00004e35     00007f64     00007f62   libc.a : e_pow.c.obj (.text.OUTLINED_FUNCTION_0)
                             00007f86          : e_pow.c.obj (.text.OUTLINED_FUNCTION_1)
                             00007f9a          : e_pow.c.obj (.text.OUTLINED_FUNCTION_6)
                             00007fe0          : k_cos.c.obj (.text.OUTLINED_FUNCTION_0)
                             00007fe6          : k_sin.c.obj (.text.OUTLINED_FUNCTION_0)
                             00007ffe          : e_pow.c.obj (.text.OUTLINED_FUNCTION_4)
                             00008004          : s_cos.c.obj (.text.OUTLINED_FUNCTION_4)
                             0000800a          : s_sin.c.obj (.text.OUTLINED_FUNCTION_4)
                             00008010          : e_pow.c.obj (.text.OUTLINED_FUNCTION_5)
                             00008046          : e_pow.c.obj (.text.OUTLINED_FUNCTION_8)
__kernel_sin              $Tramp$TT$L$PI$$__kernel_sin
   00003eb1     00007fa8     00007fa4   libc.a : s_cos.c.obj (.text.OUTLINED_FUNCTION_7)
_c_int00_noargs           $Tramp$TT$L$PI$$_c_int00_noargs
   0000752d     00008050     0000804c   startup_mspm0g350x_ticlang.o (.text.Reset_Handler)

[5 trampolines]
[32 trampoline calls]


GLOBAL SYMBOLS: SORTED ALPHABETICALLY BY Name 

address   name                                 
-------   ----                                 
00008025  ADC0_IRQHandler                      
00008025  ADC1_IRQHandler                      
00008025  AES_IRQHandler                       
00007271  Beep                                 
00008028  C$$EXIT                              
00008025  CANFD0_IRQHandler                    
00004ff5  Circle_Location                      
00006c89  Constrain_Float                      
00008025  DAC0_IRQHandler                      
00007f3d  DL_Common_delayCycles                
00006511  DL_I2C_fillControllerTXFIFO          
0000757b  DL_I2C_setClockConfig                
00004f19  DL_SYSCTL_configSYSPLL               
00006ccd  DL_SYSCTL_switchMCLKfromSYSOSCtoHSCLK
0000495d  DL_Timer_initFourCCPWMMode           
00004d4d  DL_Timer_initTimerMode               
0000783d  DL_Timer_setCaptCompUpdateMethod     
00007b21  DL_Timer_setCaptureCompareOutCtl     
00007e3d  DL_Timer_setCaptureCompareValue      
00007859  DL_Timer_setClockConfig              
00006b69  DL_UART_init                         
000076bd  DL_UART_receiveDataBlocking          
00007df5  DL_UART_setClockConfig               
000076dd  DL_UART_transmitDataBlocking         
00008025  DMA_IRQHandler                       
000061e9  DeQueue                              
00008025  Default_Handler                      
00006115  Distance                             
000062b9  EnQueue                              
00008025  GROUP0_IRQHandler                    
00007f47  GROUP1_IRQHandler                    
00005dd5  Get_Trace_Sum                        
00008029  HOSTexit                             
00008025  HardFault_Handler                    
00008025  I2C0_IRQHandler                      
00008025  I2C1_IRQHandler                      
000075a1  Init_Queue                           
00007891  Interrupt_Init                       
202046a0  KeyboardData                         
000035b1  Motor_Init                           
00006571  Motor_Modify_Left                    
000065cd  Motor_Modify_Right                   
000054f5  Motor_Set_Duty                       
000075ed  Motor_Set_Left_Duty                  
00007611  Motor_Set_Right_Duty                 
000070f5  Motor_Stop                           
00007331  Motor_Stop_All                       
000078ad  Motor_Walk_Strt                      
00008025  NMI_Handler                          
202046a8  New_CMD_flag                         
202046a9  New_CMD_length                       
0000617f  OLED_Clear                           
00004741  OLED_Init                            
00006f51  OLED_Set_Pos                         
00004629  OLED_ShowChar                        
000060a5  OLED_ShowString                      
00005991  OLED_WR_Byte                         
00004c59  PID_Loc                              
00006bb1  Page_Calib                           
00005851  Page_Debug                           
00004a61  Page_Debug_Step_Hor                  
00004b5d  Page_Debug_Step_Ver                  
0000542d  Page_Home                            
000000c1  Page_Test                            
00008025  PendSV_Handler                       
00007e5d  Pto_Char_To_Int                      
00007d95  Pto_Clear_CMD_Flag                   
00004509  Pto_Data_Parse                       
0000565d  Pto_Data_Receive                     
0000719d  Queue_Empty                          
00006d11  Queue_Full                           
00008025  RTC_IRQHandler                       
0000804d  Reset_Handler                        
2020453c  RxBuffer                             
202046aa  RxFlag                               
202046ab  RxIndex                              
00005709  SMotor_Init                          
00005a29  SMotor_Set_Speed                     
000076fd  SMotor_Start                         
000075c7  SMotor_Stop                          
00006a85  SMotor_Turn_Degree                   
00006385  SMotor_Turn_Pulse                    
00006d55  SMotor_Turn_To                       
00008025  SPI0_IRQHandler                      
00008025  SPI1_IRQHandler                      
00008025  SVC_Handler                          
000037cd  SYSCFG_DL_GPIO_init                  
0000673d  SYSCFG_DL_I2C_OLED_init              
0000689d  SYSCFG_DL_K230_init                  
0000735d  SYSCFG_DL_MOTOR_TIM_INST_init        
000068f1  SYSCFG_DL_PC_init                    
000050cd  SYSCFG_DL_PWM_MOTOR_init             
00005ecd  SYSCFG_DL_SM_PUL_HOR_init            
00005f45  SYSCFG_DL_SM_PUL_VER_init            
00006f8d  SYSCFG_DL_SYSCTL_init                
00006ad1  SYSCFG_DL_init                       
000055ad  SYSCFG_DL_initPower                  
000051a5  Scan_Keyboard                        
00006629  Stop_Camera                          
00007e6d  SysTick_Handler                      
00007be1  SysTick_Init                         
00008025  TIMA0_IRQHandler                     
00006bf9  TIMA1_IRQHandler                     
00008025  TIMG0_IRQHandler                     
00008025  TIMG12_IRQHandler                    
00006c41  TIMG6_IRQHandler                     
00008025  TIMG7_IRQHandler                     
00008025  TIMG8_IRQHandler                     
00007e07  TI_memcpy_small                      
00007f23  TI_memset_small                      
00005cd5  Trace_Read_Bit                       
00008025  UART0_IRQHandler                     
00008025  UART1_IRQHandler                     
000072a1  UART2_IRQHandler                     
00008025  UART3_IRQHandler                     
20208000  __STACK_END                          
00000200  __STACK_SIZE                         
00000000  __TI_ATRegion0_region_sz             
00000000  __TI_ATRegion0_src_addr              
00000000  __TI_ATRegion0_trg_addr              
00000000  __TI_ATRegion1_region_sz             
00000000  __TI_ATRegion1_src_addr              
00000000  __TI_ATRegion1_trg_addr              
00000000  __TI_ATRegion2_region_sz             
00000000  __TI_ATRegion2_src_addr              
00000000  __TI_ATRegion2_trg_addr              
00008dc4  __TI_CINIT_Base                      
00008dd4  __TI_CINIT_Limit                     
00008dd4  __TI_CINIT_Warm                      
00008db0  __TI_Handler_Table_Base              
00008dbc  __TI_Handler_Table_Limit             
00007041  __TI_auto_init_nobinit_nopinit       
00005e51  __TI_decompress_lzss                 
00007e19  __TI_decompress_none                 
00006795  __TI_ltoa                            
ffffffff  __TI_pprof_out_hndl                  
00001ae5  __TI_printfi                         
ffffffff  __TI_prof_data_size                  
ffffffff  __TI_prof_data_start                 
00000000  __TI_static_base__                   
00007e9d  __TI_zero_init                       
00003bb7  __adddf3                             
0000535f  __addsf3                             
00008990  __aeabi_ctype_table_                 
00008990  __aeabi_ctype_table_C                
00006031  __aeabi_d2f                          
00006b1d  __aeabi_d2iz                         
00003bb7  __aeabi_dadd                         
000063e9  __aeabi_dcmpeq                       
00006425  __aeabi_dcmpge                       
00006439  __aeabi_dcmpgt                       
00006411  __aeabi_dcmple                       
000063fd  __aeabi_dcmplt                       
00004851  __aeabi_ddiv                         
00004e35  __aeabi_dmul                         
00003bad  __aeabi_dsub                         
202046a4  __aeabi_errno                        
00007fcd  __aeabi_errno_addr                   
00006e1d  __aeabi_f2d                          
0000712d  __aeabi_f2iz                         
0000723d  __aeabi_f2uiz                        
0000535f  __aeabi_fadd                         
0000644d  __aeabi_fcmpeq                       
00006489  __aeabi_fcmpge                       
0000649d  __aeabi_fcmpgt                       
00006475  __aeabi_fcmple                       
00006461  __aeabi_fcmplt                       
00005c51  __aeabi_fdiv                         
00005abd  __aeabi_fmul                         
00005355  __aeabi_fsub                         
0000740d  __aeabi_i2d                          
00006fc9  __aeabi_i2f                          
00006845  __aeabi_idiv                         
00003d3f  __aeabi_idiv0                        
00006845  __aeabi_idivmod                      
00004627  __aeabi_ldiv0                        
0000773d  __aeabi_llsl                         
00007635  __aeabi_lmul                         
00007f31  __aeabi_memclr                       
00007f31  __aeabi_memclr4                      
00007f31  __aeabi_memclr8                      
00007fd5  __aeabi_memcpy                       
00007fd5  __aeabi_memcpy4                      
00007fd5  __aeabi_memcpy8                      
00007ef9  __aeabi_memset                       
00007ef9  __aeabi_memset4                      
00007ef9  __aeabi_memset8                      
00007505  __aeabi_ui2f                         
00006ddd  __aeabi_uidiv                        
00006ddd  __aeabi_uidivmod                     
00007da9  __aeabi_uldivmod                     
0000773d  __ashldi3                            
ffffffff  __binit__                            
00006251  __cmpdf2                             
0000707d  __cmpsf2                             
00004851  __divdf3                             
00005c51  __divsf3                             
00006251  __eqdf2                              
0000707d  __eqsf2                              
00006e1d  __extendsfdf2                        
00006b1d  __fixdfsi                            
0000712d  __fixsfsi                            
0000723d  __fixunssfsi                         
0000740d  __floatsidf                          
00006fc9  __floatsisf                          
00007505  __floatunsisf                        
00005fbd  __gedf2                              
00007005  __gesf2                              
00005fbd  __gtdf2                              
00007005  __gtsf2                              
00004019  __kernel_cos                         
000024b5  __kernel_rem_pio2                    
00003eb1  __kernel_sin                         
00006251  __ledf2                              
0000707d  __lesf2                              
00006251  __ltdf2                              
0000707d  __ltsf2                              
UNDEFED   __mpu_init                           
00004e35  __muldf3                             
00007635  __muldi3                             
000070b9  __muldsi3                            
00005abd  __mulsf3                             
00006251  __nedf2                              
0000707d  __nesf2                              
20207e00  __stack                              
20200000  __start___llvm_prf_bits              
20200000  __start___llvm_prf_cnts              
20200000  __stop___llvm_prf_bits               
20200000  __stop___llvm_prf_cnts               
00003bad  __subdf3                             
00005355  __subsf3                             
00006031  __truncdfsf2                         
000057ad  __udivmoddi4                         
0000752d  _c_int00_noargs                      
UNDEFED   _system_post_cinit                   
00008061  _system_pre_init                     
0000801f  abort                                
00008660  asc2_0806                            
00008070  asc2_1608                            
00006e5d  atoi                                 
ffffffff  binit                                
2020461c  bit                                  
202046ac  center_distance                      
202045f0  circle_deg_pos                       
20204680  col_pins                             
20204688  col_ports                            
00002f51  cos                                  
00002f51  cosl                                 
00007e7d  delay_ms                             
202046ad  echo_data                            
202046ae  enable_group1_irq                    
20204600  end_point                            
00004169  floor                                
00004169  floorl                               
00006685  frexp                                
00006685  frexpl                               
202042b4  gPWM_MOTORBackup                     
2020442c  gSM_PUL_HORBackup                    
20204370  gSM_PUL_VERBackup                    
20204604  gap_point                            
20204620  gravitys                             
202044cc  hori_laser_pid                       
00000000  interruptVectors                     
202046af  key                                  
20204608  laser_pos                            
0000527d  ldexp                                
0000527d  ldexpl                               
2020456e  len                                  
00005d55  main                                 
20204120  maze                                 
00007659  memccpy                              
20200000  motor_bl                             
20201048  motor_br                             
20202090  motor_fl                             
202030d8  motor_fr                             
00007301  mspm0_delay_ms                       
00007439  mspm0_get_clock_ms                   
202045b8  oled_buffer                          
000064b1  oled_i2c_sda_unlock                  
202046b0  page_state                           
0000109d  pow                                  
0000109d  powl                                 
202045d8  recv_data                            
20204690  row_pins                             
20204698  row_ports                            
0000527d  scalbn                               
0000527d  scalbnl                              
00002af9  sin                                  
00002af9  sinl                                 
20204570  smotor_hor                           
20204594  smotor_ver                           
00007165  sprintf                              
00003d41  sqrt                                 
000058f1  sqrtf                                
00003d41  sqrtl                                
2020460c  start_time                           
2020461d  state                                
00007f15  strlen                               
20204610  target_pos                           
2020461e  target_state                         
20204614  tick_ms                              
20204640  trace_pins                           
20204660  trace_ports                          
202045f8  trace_state                          
20204618  trace_sum                            
20204504  vert_laser_pid                       
00007e8d  wcslen                               


GLOBAL SYMBOLS: SORTED BY Symbol Address 

address   name                                 
-------   ----                                 
00000000  __TI_ATRegion0_region_sz             
00000000  __TI_ATRegion0_src_addr              
00000000  __TI_ATRegion0_trg_addr              
00000000  __TI_ATRegion1_region_sz             
00000000  __TI_ATRegion1_src_addr              
00000000  __TI_ATRegion1_trg_addr              
00000000  __TI_ATRegion2_region_sz             
00000000  __TI_ATRegion2_src_addr              
00000000  __TI_ATRegion2_trg_addr              
00000000  __TI_static_base__                   
00000000  interruptVectors                     
000000c1  Page_Test                            
00000200  __STACK_SIZE                         
0000109d  pow                                  
0000109d  powl                                 
00001ae5  __TI_printfi                         
000024b5  __kernel_rem_pio2                    
00002af9  sin                                  
00002af9  sinl                                 
00002f51  cos                                  
00002f51  cosl                                 
000035b1  Motor_Init                           
000037cd  SYSCFG_DL_GPIO_init                  
00003bad  __aeabi_dsub                         
00003bad  __subdf3                             
00003bb7  __adddf3                             
00003bb7  __aeabi_dadd                         
00003d3f  __aeabi_idiv0                        
00003d41  sqrt                                 
00003d41  sqrtl                                
00003eb1  __kernel_sin                         
00004019  __kernel_cos                         
00004169  floor                                
00004169  floorl                               
00004509  Pto_Data_Parse                       
00004627  __aeabi_ldiv0                        
00004629  OLED_ShowChar                        
00004741  OLED_Init                            
00004851  __aeabi_ddiv                         
00004851  __divdf3                             
0000495d  DL_Timer_initFourCCPWMMode           
00004a61  Page_Debug_Step_Hor                  
00004b5d  Page_Debug_Step_Ver                  
00004c59  PID_Loc                              
00004d4d  DL_Timer_initTimerMode               
00004e35  __aeabi_dmul                         
00004e35  __muldf3                             
00004f19  DL_SYSCTL_configSYSPLL               
00004ff5  Circle_Location                      
000050cd  SYSCFG_DL_PWM_MOTOR_init             
000051a5  Scan_Keyboard                        
0000527d  ldexp                                
0000527d  ldexpl                               
0000527d  scalbn                               
0000527d  scalbnl                              
00005355  __aeabi_fsub                         
00005355  __subsf3                             
0000535f  __addsf3                             
0000535f  __aeabi_fadd                         
0000542d  Page_Home                            
000054f5  Motor_Set_Duty                       
000055ad  SYSCFG_DL_initPower                  
0000565d  Pto_Data_Receive                     
00005709  SMotor_Init                          
000057ad  __udivmoddi4                         
00005851  Page_Debug                           
000058f1  sqrtf                                
00005991  OLED_WR_Byte                         
00005a29  SMotor_Set_Speed                     
00005abd  __aeabi_fmul                         
00005abd  __mulsf3                             
00005c51  __aeabi_fdiv                         
00005c51  __divsf3                             
00005cd5  Trace_Read_Bit                       
00005d55  main                                 
00005dd5  Get_Trace_Sum                        
00005e51  __TI_decompress_lzss                 
00005ecd  SYSCFG_DL_SM_PUL_HOR_init            
00005f45  SYSCFG_DL_SM_PUL_VER_init            
00005fbd  __gedf2                              
00005fbd  __gtdf2                              
00006031  __aeabi_d2f                          
00006031  __truncdfsf2                         
000060a5  OLED_ShowString                      
00006115  Distance                             
0000617f  OLED_Clear                           
000061e9  DeQueue                              
00006251  __cmpdf2                             
00006251  __eqdf2                              
00006251  __ledf2                              
00006251  __ltdf2                              
00006251  __nedf2                              
000062b9  EnQueue                              
00006385  SMotor_Turn_Pulse                    
000063e9  __aeabi_dcmpeq                       
000063fd  __aeabi_dcmplt                       
00006411  __aeabi_dcmple                       
00006425  __aeabi_dcmpge                       
00006439  __aeabi_dcmpgt                       
0000644d  __aeabi_fcmpeq                       
00006461  __aeabi_fcmplt                       
00006475  __aeabi_fcmple                       
00006489  __aeabi_fcmpge                       
0000649d  __aeabi_fcmpgt                       
000064b1  oled_i2c_sda_unlock                  
00006511  DL_I2C_fillControllerTXFIFO          
00006571  Motor_Modify_Left                    
000065cd  Motor_Modify_Right                   
00006629  Stop_Camera                          
00006685  frexp                                
00006685  frexpl                               
0000673d  SYSCFG_DL_I2C_OLED_init              
00006795  __TI_ltoa                            
00006845  __aeabi_idiv                         
00006845  __aeabi_idivmod                      
0000689d  SYSCFG_DL_K230_init                  
000068f1  SYSCFG_DL_PC_init                    
00006a85  SMotor_Turn_Degree                   
00006ad1  SYSCFG_DL_init                       
00006b1d  __aeabi_d2iz                         
00006b1d  __fixdfsi                            
00006b69  DL_UART_init                         
00006bb1  Page_Calib                           
00006bf9  TIMA1_IRQHandler                     
00006c41  TIMG6_IRQHandler                     
00006c89  Constrain_Float                      
00006ccd  DL_SYSCTL_switchMCLKfromSYSOSCtoHSCLK
00006d11  Queue_Full                           
00006d55  SMotor_Turn_To                       
00006ddd  __aeabi_uidiv                        
00006ddd  __aeabi_uidivmod                     
00006e1d  __aeabi_f2d                          
00006e1d  __extendsfdf2                        
00006e5d  atoi                                 
00006f51  OLED_Set_Pos                         
00006f8d  SYSCFG_DL_SYSCTL_init                
00006fc9  __aeabi_i2f                          
00006fc9  __floatsisf                          
00007005  __gesf2                              
00007005  __gtsf2                              
00007041  __TI_auto_init_nobinit_nopinit       
0000707d  __cmpsf2                             
0000707d  __eqsf2                              
0000707d  __lesf2                              
0000707d  __ltsf2                              
0000707d  __nesf2                              
000070b9  __muldsi3                            
000070f5  Motor_Stop                           
0000712d  __aeabi_f2iz                         
0000712d  __fixsfsi                            
00007165  sprintf                              
0000719d  Queue_Empty                          
0000723d  __aeabi_f2uiz                        
0000723d  __fixunssfsi                         
00007271  Beep                                 
000072a1  UART2_IRQHandler                     
00007301  mspm0_delay_ms                       
00007331  Motor_Stop_All                       
0000735d  SYSCFG_DL_MOTOR_TIM_INST_init        
0000740d  __aeabi_i2d                          
0000740d  __floatsidf                          
00007439  mspm0_get_clock_ms                   
00007505  __aeabi_ui2f                         
00007505  __floatunsisf                        
0000752d  _c_int00_noargs                      
0000757b  DL_I2C_setClockConfig                
000075a1  Init_Queue                           
000075c7  SMotor_Stop                          
000075ed  Motor_Set_Left_Duty                  
00007611  Motor_Set_Right_Duty                 
00007635  __aeabi_lmul                         
00007635  __muldi3                             
00007659  memccpy                              
000076bd  DL_UART_receiveDataBlocking          
000076dd  DL_UART_transmitDataBlocking         
000076fd  SMotor_Start                         
0000773d  __aeabi_llsl                         
0000773d  __ashldi3                            
0000783d  DL_Timer_setCaptCompUpdateMethod     
00007859  DL_Timer_setClockConfig              
00007891  Interrupt_Init                       
000078ad  Motor_Walk_Strt                      
00007b21  DL_Timer_setCaptureCompareOutCtl     
00007be1  SysTick_Init                         
00007d95  Pto_Clear_CMD_Flag                   
00007da9  __aeabi_uldivmod                     
00007df5  DL_UART_setClockConfig               
00007e07  TI_memcpy_small                      
00007e19  __TI_decompress_none                 
00007e3d  DL_Timer_setCaptureCompareValue      
00007e5d  Pto_Char_To_Int                      
00007e6d  SysTick_Handler                      
00007e7d  delay_ms                             
00007e8d  wcslen                               
00007e9d  __TI_zero_init                       
00007ef9  __aeabi_memset                       
00007ef9  __aeabi_memset4                      
00007ef9  __aeabi_memset8                      
00007f15  strlen                               
00007f23  TI_memset_small                      
00007f31  __aeabi_memclr                       
00007f31  __aeabi_memclr4                      
00007f31  __aeabi_memclr8                      
00007f3d  DL_Common_delayCycles                
00007f47  GROUP1_IRQHandler                    
00007fcd  __aeabi_errno_addr                   
00007fd5  __aeabi_memcpy                       
00007fd5  __aeabi_memcpy4                      
00007fd5  __aeabi_memcpy8                      
0000801f  abort                                
00008025  ADC0_IRQHandler                      
00008025  ADC1_IRQHandler                      
00008025  AES_IRQHandler                       
00008025  CANFD0_IRQHandler                    
00008025  DAC0_IRQHandler                      
00008025  DMA_IRQHandler                       
00008025  Default_Handler                      
00008025  GROUP0_IRQHandler                    
00008025  HardFault_Handler                    
00008025  I2C0_IRQHandler                      
00008025  I2C1_IRQHandler                      
00008025  NMI_Handler                          
00008025  PendSV_Handler                       
00008025  RTC_IRQHandler                       
00008025  SPI0_IRQHandler                      
00008025  SPI1_IRQHandler                      
00008025  SVC_Handler                          
00008025  TIMA0_IRQHandler                     
00008025  TIMG0_IRQHandler                     
00008025  TIMG12_IRQHandler                    
00008025  TIMG7_IRQHandler                     
00008025  TIMG8_IRQHandler                     
00008025  UART0_IRQHandler                     
00008025  UART1_IRQHandler                     
00008025  UART3_IRQHandler                     
00008028  C$$EXIT                              
00008029  HOSTexit                             
0000804d  Reset_Handler                        
00008061  _system_pre_init                     
00008070  asc2_1608                            
00008660  asc2_0806                            
00008990  __aeabi_ctype_table_                 
00008990  __aeabi_ctype_table_C                
00008db0  __TI_Handler_Table_Base              
00008dbc  __TI_Handler_Table_Limit             
00008dc4  __TI_CINIT_Base                      
00008dd4  __TI_CINIT_Limit                     
00008dd4  __TI_CINIT_Warm                      
20200000  __start___llvm_prf_bits              
20200000  __start___llvm_prf_cnts              
20200000  __stop___llvm_prf_bits               
20200000  __stop___llvm_prf_cnts               
20200000  motor_bl                             
20201048  motor_br                             
20202090  motor_fl                             
202030d8  motor_fr                             
20204120  maze                                 
202042b4  gPWM_MOTORBackup                     
20204370  gSM_PUL_VERBackup                    
2020442c  gSM_PUL_HORBackup                    
202044cc  hori_laser_pid                       
20204504  vert_laser_pid                       
2020453c  RxBuffer                             
2020456e  len                                  
20204570  smotor_hor                           
20204594  smotor_ver                           
202045b8  oled_buffer                          
202045d8  recv_data                            
202045f0  circle_deg_pos                       
202045f8  trace_state                          
20204600  end_point                            
20204604  gap_point                            
20204608  laser_pos                            
2020460c  start_time                           
20204610  target_pos                           
20204614  tick_ms                              
20204618  trace_sum                            
2020461c  bit                                  
2020461d  state                                
2020461e  target_state                         
20204620  gravitys                             
20204640  trace_pins                           
20204660  trace_ports                          
20204680  col_pins                             
20204688  col_ports                            
20204690  row_pins                             
20204698  row_ports                            
202046a0  KeyboardData                         
202046a4  __aeabi_errno                        
202046a8  New_CMD_flag                         
202046a9  New_CMD_length                       
202046aa  RxFlag                               
202046ab  RxIndex                              
202046ac  center_distance                      
202046ad  echo_data                            
202046ae  enable_group1_irq                    
202046af  key                                  
202046b0  page_state                           
20207e00  __stack                              
20208000  __STACK_END                          
ffffffff  __TI_pprof_out_hndl                  
ffffffff  __TI_prof_data_size                  
ffffffff  __TI_prof_data_start                 
ffffffff  __binit__                            
ffffffff  binit                                
UNDEFED   __mpu_init                           
UNDEFED   _system_post_cinit                   

[307 symbols]
