<?xml version="1.0" encoding="ISO-8859-1" ?>
<link_info>
   <banner>TI ARM Clang Linker PC v4.0.3.LTS</banner>
   <copyright>Copyright (c) 1996-2018 Texas Instruments Incorporated</copyright>
   <command_line>C:\ti\ccs2010\ccs\tools\compiler\ti-cgt-armllvm_4.0.3.LTS\bin\tiarmlnk -IC:\ti\ccs2010\ccs\tools\compiler\ti-cgt-armllvm_4.0.3.LTS\lib -o PantiltTrolley.out -mPantiltTrolley.map -iC:/ti/mspm0_sdk_2_05_00_05/source -iD:/Program/chip/M0_Project/PantiltTrolley -iD:/Program/chip/M0_Project/PantiltTrolley/Debug/syscfg -iC:/ti/ccs2010/ccs/tools/compiler/ti-cgt-armllvm_4.0.3.LTS/lib --diag_wrap=off --display_error_number --warn_sections --xml_link_info=PantiltTrolley_linkInfo.xml --rom_model ./ti_msp_dl_config.o ./startup_mspm0g350x_ticlang.o ./main.o ./Drivers/MSPM0/clock.o ./Drivers/MSPM0/interrupt.o ./Drivers/OLED_Hardware_I2C/oled_hardware_i2c.o ./Keyboard/keyboard.o ./Pid/pid.o ./Slave_Control/queue.o ./Slave_Control/slave_control.o ./TB6600/tb6600.o ./TB6612/tb6612.o ./Trace/trace.o ./yb_protocol/yb_protocol.o -l./device_linker.cmd -ldevice.cmd.genlibs -llibc.a -lC:/ti/mspm0_sdk_2_05_00_05/source/ti/driverlib/lib/ticlang/m0p/mspm0g1x0x_g3x0x/driverlib.a --start-group -llibc++.a -llibc++abi.a -llibc.a -llibsys.a -llibsysbm.a -llibclang_rt.builtins.a -llibclang_rt.profile.a --end-group --cg_opt_level=0</command_line>
   <link_time>0x6888912a</link_time>
   <link_errors>0x0</link_errors>
   <output_file>D:\Program\chip\M0_Project\PantiltTrolley\Debug\PantiltTrolley.out</output_file>
   <entry_point>
      <name>_c_int00_noargs</name>
      <address>0x752d</address>
   </entry_point>
   <input_file_list>
      <input_file id="fl-1">
         <path>D:\Program\chip\M0_Project\PantiltTrolley\Debug\.\</path>
         <kind>object</kind>
         <file>ti_msp_dl_config.o</file>
         <name>ti_msp_dl_config.o</name>
      </input_file>
      <input_file id="fl-2">
         <path>D:\Program\chip\M0_Project\PantiltTrolley\Debug\.\</path>
         <kind>object</kind>
         <file>startup_mspm0g350x_ticlang.o</file>
         <name>startup_mspm0g350x_ticlang.o</name>
      </input_file>
      <input_file id="fl-3">
         <path>D:\Program\chip\M0_Project\PantiltTrolley\Debug\.\</path>
         <kind>object</kind>
         <file>main.o</file>
         <name>main.o</name>
      </input_file>
      <input_file id="fl-4">
         <path>D:\Program\chip\M0_Project\PantiltTrolley\Debug\.\Drivers\MSPM0\</path>
         <kind>object</kind>
         <file>clock.o</file>
         <name>clock.o</name>
      </input_file>
      <input_file id="fl-5">
         <path>D:\Program\chip\M0_Project\PantiltTrolley\Debug\.\Drivers\MSPM0\</path>
         <kind>object</kind>
         <file>interrupt.o</file>
         <name>interrupt.o</name>
      </input_file>
      <input_file id="fl-6">
         <path>D:\Program\chip\M0_Project\PantiltTrolley\Debug\.\Drivers\OLED_Hardware_I2C\</path>
         <kind>object</kind>
         <file>oled_hardware_i2c.o</file>
         <name>oled_hardware_i2c.o</name>
      </input_file>
      <input_file id="fl-7">
         <path>D:\Program\chip\M0_Project\PantiltTrolley\Debug\.\Keyboard\</path>
         <kind>object</kind>
         <file>keyboard.o</file>
         <name>keyboard.o</name>
      </input_file>
      <input_file id="fl-8">
         <path>D:\Program\chip\M0_Project\PantiltTrolley\Debug\.\Pid\</path>
         <kind>object</kind>
         <file>pid.o</file>
         <name>pid.o</name>
      </input_file>
      <input_file id="fl-9">
         <path>D:\Program\chip\M0_Project\PantiltTrolley\Debug\.\Slave_Control\</path>
         <kind>object</kind>
         <file>queue.o</file>
         <name>queue.o</name>
      </input_file>
      <input_file id="fl-a">
         <path>D:\Program\chip\M0_Project\PantiltTrolley\Debug\.\Slave_Control\</path>
         <kind>object</kind>
         <file>slave_control.o</file>
         <name>slave_control.o</name>
      </input_file>
      <input_file id="fl-b">
         <path>D:\Program\chip\M0_Project\PantiltTrolley\Debug\.\TB6600\</path>
         <kind>object</kind>
         <file>tb6600.o</file>
         <name>tb6600.o</name>
      </input_file>
      <input_file id="fl-c">
         <path>D:\Program\chip\M0_Project\PantiltTrolley\Debug\.\TB6612\</path>
         <kind>object</kind>
         <file>tb6612.o</file>
         <name>tb6612.o</name>
      </input_file>
      <input_file id="fl-d">
         <path>D:\Program\chip\M0_Project\PantiltTrolley\Debug\.\Trace\</path>
         <kind>object</kind>
         <file>trace.o</file>
         <name>trace.o</name>
      </input_file>
      <input_file id="fl-e">
         <path>D:\Program\chip\M0_Project\PantiltTrolley\Debug\.\yb_protocol\</path>
         <kind>object</kind>
         <file>yb_protocol.o</file>
         <name>yb_protocol.o</name>
      </input_file>
      <input_file id="fl-1c">
         <path>D:\Program\chip\M0_Project\PantiltTrolley\Debug\</path>
         <kind>object</kind>
         <file>&lt;internal&gt;</file>
         <name>&lt;internal&gt;</name>
      </input_file>
      <input_file id="fl-1d">
         <path>C:\ti\mspm0_sdk_2_05_00_05\source\ti\driverlib\lib\ticlang\m0p\mspm0g1x0x_g3x0x\</path>
         <kind>archive</kind>
         <file>driverlib.a</file>
         <name>dl_common.o</name>
      </input_file>
      <input_file id="fl-1e">
         <path>C:\ti\mspm0_sdk_2_05_00_05\source\ti\driverlib\lib\ticlang\m0p\mspm0g1x0x_g3x0x\</path>
         <kind>archive</kind>
         <file>driverlib.a</file>
         <name>dl_i2c.o</name>
      </input_file>
      <input_file id="fl-1f">
         <path>C:\ti\mspm0_sdk_2_05_00_05\source\ti\driverlib\lib\ticlang\m0p\mspm0g1x0x_g3x0x\</path>
         <kind>archive</kind>
         <file>driverlib.a</file>
         <name>dl_timer.o</name>
      </input_file>
      <input_file id="fl-20">
         <path>C:\ti\mspm0_sdk_2_05_00_05\source\ti\driverlib\lib\ticlang\m0p\mspm0g1x0x_g3x0x\</path>
         <kind>archive</kind>
         <file>driverlib.a</file>
         <name>dl_uart.o</name>
      </input_file>
      <input_file id="fl-21">
         <path>C:\ti\mspm0_sdk_2_05_00_05\source\ti\driverlib\lib\ticlang\m0p\mspm0g1x0x_g3x0x\</path>
         <kind>archive</kind>
         <file>driverlib.a</file>
         <name>dl_sysctl_mspm0g1x0x_g3x0x.o</name>
      </input_file>
      <input_file id="fl-38">
         <path>C:\ti\ccs2010\ccs\tools\compiler\ti-cgt-armllvm_4.0.3.LTS\lib\armv6m-ti-none-eabi\c\</path>
         <kind>archive</kind>
         <file>libc.a</file>
         <name>sprintf.c.obj</name>
      </input_file>
      <input_file id="fl-39">
         <path>C:\ti\ccs2010\ccs\tools\compiler\ti-cgt-armllvm_4.0.3.LTS\lib\armv6m-ti-none-eabi\c\</path>
         <kind>archive</kind>
         <file>libc.a</file>
         <name>sscanf.c.obj</name>
      </input_file>
      <input_file id="fl-3a">
         <path>C:\ti\ccs2010\ccs\tools\compiler\ti-cgt-armllvm_4.0.3.LTS\lib\armv6m-ti-none-eabi\c\</path>
         <kind>archive</kind>
         <file>libc.a</file>
         <name>e_pow.c.obj</name>
      </input_file>
      <input_file id="fl-3b">
         <path>C:\ti\ccs2010\ccs\tools\compiler\ti-cgt-armllvm_4.0.3.LTS\lib\armv6m-ti-none-eabi\c\</path>
         <kind>archive</kind>
         <file>libc.a</file>
         <name>e_sqrt.c.obj</name>
      </input_file>
      <input_file id="fl-3c">
         <path>C:\ti\ccs2010\ccs\tools\compiler\ti-cgt-armllvm_4.0.3.LTS\lib\armv6m-ti-none-eabi\c\</path>
         <kind>archive</kind>
         <file>libc.a</file>
         <name>s_cos.c.obj</name>
      </input_file>
      <input_file id="fl-3d">
         <path>C:\ti\ccs2010\ccs\tools\compiler\ti-cgt-armllvm_4.0.3.LTS\lib\armv6m-ti-none-eabi\c\</path>
         <kind>archive</kind>
         <file>libc.a</file>
         <name>s_scalbn.c.obj</name>
      </input_file>
      <input_file id="fl-3e">
         <path>C:\ti\ccs2010\ccs\tools\compiler\ti-cgt-armllvm_4.0.3.LTS\lib\armv6m-ti-none-eabi\c\</path>
         <kind>archive</kind>
         <file>libc.a</file>
         <name>s_sin.c.obj</name>
      </input_file>
      <input_file id="fl-3f">
         <path>C:\ti\ccs2010\ccs\tools\compiler\ti-cgt-armllvm_4.0.3.LTS\lib\armv6m-ti-none-eabi\c\</path>
         <kind>archive</kind>
         <file>libc.a</file>
         <name>e_sqrtf.c.obj</name>
      </input_file>
      <input_file id="fl-40">
         <path>C:\ti\ccs2010\ccs\tools\compiler\ti-cgt-armllvm_4.0.3.LTS\lib\armv6m-ti-none-eabi\c\</path>
         <kind>archive</kind>
         <file>libc.a</file>
         <name>aeabi_ctype.S.obj</name>
      </input_file>
      <input_file id="fl-41">
         <path>C:\ti\ccs2010\ccs\tools\compiler\ti-cgt-armllvm_4.0.3.LTS\lib\armv6m-ti-none-eabi\c\</path>
         <kind>archive</kind>
         <file>libc.a</file>
         <name>aeabi_portable.c.obj</name>
      </input_file>
      <input_file id="fl-42">
         <path>C:\ti\ccs2010\ccs\tools\compiler\ti-cgt-armllvm_4.0.3.LTS\lib\armv6m-ti-none-eabi\c\</path>
         <kind>archive</kind>
         <file>libc.a</file>
         <name>assert.c.obj</name>
      </input_file>
      <input_file id="fl-43">
         <path>C:\ti\ccs2010\ccs\tools\compiler\ti-cgt-armllvm_4.0.3.LTS\lib\armv6m-ti-none-eabi\c\</path>
         <kind>archive</kind>
         <file>libc.a</file>
         <name>atoi.c.obj</name>
      </input_file>
      <input_file id="fl-44">
         <path>C:\ti\ccs2010\ccs\tools\compiler\ti-cgt-armllvm_4.0.3.LTS\lib\armv6m-ti-none-eabi\c\</path>
         <kind>archive</kind>
         <file>libc.a</file>
         <name>defs.c.obj</name>
      </input_file>
      <input_file id="fl-45">
         <path>C:\ti\ccs2010\ccs\tools\compiler\ti-cgt-armllvm_4.0.3.LTS\lib\armv6m-ti-none-eabi\c\</path>
         <kind>archive</kind>
         <file>libc.a</file>
         <name>memory.c.obj</name>
      </input_file>
      <input_file id="fl-46">
         <path>C:\ti\ccs2010\ccs\tools\compiler\ti-cgt-armllvm_4.0.3.LTS\lib\armv6m-ti-none-eabi\c\</path>
         <kind>archive</kind>
         <file>libc.a</file>
         <name>strlen.c.obj</name>
      </input_file>
      <input_file id="fl-47">
         <path>C:\ti\ccs2010\ccs\tools\compiler\ti-cgt-armllvm_4.0.3.LTS\lib\armv6m-ti-none-eabi\c\</path>
         <kind>archive</kind>
         <file>libc.a</file>
         <name>k_rem_pio2.c.obj</name>
      </input_file>
      <input_file id="fl-48">
         <path>C:\ti\ccs2010\ccs\tools\compiler\ti-cgt-armllvm_4.0.3.LTS\lib\armv6m-ti-none-eabi\c\</path>
         <kind>archive</kind>
         <file>libc.a</file>
         <name>boot_cortex_m.c.obj</name>
      </input_file>
      <input_file id="fl-49">
         <path>C:\ti\ccs2010\ccs\tools\compiler\ti-cgt-armllvm_4.0.3.LTS\lib\armv6m-ti-none-eabi\c\</path>
         <kind>archive</kind>
         <file>libc.a</file>
         <name>mathacl_init.c.obj</name>
      </input_file>
      <input_file id="fl-4a">
         <path>C:\ti\ccs2010\ccs\tools\compiler\ti-cgt-armllvm_4.0.3.LTS\lib\armv6m-ti-none-eabi\c\</path>
         <kind>archive</kind>
         <file>libc.a</file>
         <name>autoinit.c.obj</name>
      </input_file>
      <input_file id="fl-4b">
         <path>C:\ti\ccs2010\ccs\tools\compiler\ti-cgt-armllvm_4.0.3.LTS\lib\armv6m-ti-none-eabi\c\</path>
         <kind>archive</kind>
         <file>libc.a</file>
         <name>pre_init.c.obj</name>
      </input_file>
      <input_file id="fl-4c">
         <path>C:\ti\ccs2010\ccs\tools\compiler\ti-cgt-armllvm_4.0.3.LTS\lib\armv6m-ti-none-eabi\c\</path>
         <kind>archive</kind>
         <file>libc.a</file>
         <name>cpy_tbl.c.obj</name>
      </input_file>
      <input_file id="fl-4d">
         <path>C:\ti\ccs2010\ccs\tools\compiler\ti-cgt-armllvm_4.0.3.LTS\lib\armv6m-ti-none-eabi\c\</path>
         <kind>archive</kind>
         <file>libc.a</file>
         <name>copy_zero_init.c.obj</name>
      </input_file>
      <input_file id="fl-4e">
         <path>C:\ti\ccs2010\ccs\tools\compiler\ti-cgt-armllvm_4.0.3.LTS\lib\armv6m-ti-none-eabi\c\</path>
         <kind>archive</kind>
         <file>libc.a</file>
         <name>copy_decompress_none.c.obj</name>
      </input_file>
      <input_file id="fl-4f">
         <path>C:\ti\ccs2010\ccs\tools\compiler\ti-cgt-armllvm_4.0.3.LTS\lib\armv6m-ti-none-eabi\c\</path>
         <kind>archive</kind>
         <file>libc.a</file>
         <name>copy_decompress_lzss.c.obj</name>
      </input_file>
      <input_file id="fl-50">
         <path>C:\ti\ccs2010\ccs\tools\compiler\ti-cgt-armllvm_4.0.3.LTS\lib\armv6m-ti-none-eabi\c\</path>
         <kind>archive</kind>
         <file>libc.a</file>
         <name>_printfi.c.obj</name>
      </input_file>
      <input_file id="fl-51">
         <path>C:\ti\ccs2010\ccs\tools\compiler\ti-cgt-armllvm_4.0.3.LTS\lib\armv6m-ti-none-eabi\c\</path>
         <kind>archive</kind>
         <file>libc.a</file>
         <name>_scanfi.c.obj</name>
      </input_file>
      <input_file id="fl-52">
         <path>C:\ti\ccs2010\ccs\tools\compiler\ti-cgt-armllvm_4.0.3.LTS\lib\armv6m-ti-none-eabi\c\</path>
         <kind>archive</kind>
         <file>libc.a</file>
         <name>fflush.c.obj</name>
      </input_file>
      <input_file id="fl-53">
         <path>C:\ti\ccs2010\ccs\tools\compiler\ti-cgt-armllvm_4.0.3.LTS\lib\armv6m-ti-none-eabi\c\</path>
         <kind>archive</kind>
         <file>libc.a</file>
         <name>fputs.c.obj</name>
      </input_file>
      <input_file id="fl-54">
         <path>C:\ti\ccs2010\ccs\tools\compiler\ti-cgt-armllvm_4.0.3.LTS\lib\armv6m-ti-none-eabi\c\</path>
         <kind>archive</kind>
         <file>libc.a</file>
         <name>_io_perm.c.obj</name>
      </input_file>
      <input_file id="fl-55">
         <path>C:\ti\ccs2010\ccs\tools\compiler\ti-cgt-armllvm_4.0.3.LTS\lib\armv6m-ti-none-eabi\c\</path>
         <kind>archive</kind>
         <file>libc.a</file>
         <name>setvbuf.c.obj</name>
      </input_file>
      <input_file id="fl-56">
         <path>C:\ti\ccs2010\ccs\tools\compiler\ti-cgt-armllvm_4.0.3.LTS\lib\armv6m-ti-none-eabi\c\</path>
         <kind>archive</kind>
         <file>libc.a</file>
         <name>k_cos.c.obj</name>
      </input_file>
      <input_file id="fl-57">
         <path>C:\ti\ccs2010\ccs\tools\compiler\ti-cgt-armllvm_4.0.3.LTS\lib\armv6m-ti-none-eabi\c\</path>
         <kind>archive</kind>
         <file>libc.a</file>
         <name>k_sin.c.obj</name>
      </input_file>
      <input_file id="fl-58">
         <path>C:\ti\ccs2010\ccs\tools\compiler\ti-cgt-armllvm_4.0.3.LTS\lib\armv6m-ti-none-eabi\c\</path>
         <kind>archive</kind>
         <file>libc.a</file>
         <name>s_floor.c.obj</name>
      </input_file>
      <input_file id="fl-59">
         <path>C:\ti\ccs2010\ccs\tools\compiler\ti-cgt-armllvm_4.0.3.LTS\lib\armv6m-ti-none-eabi\c\</path>
         <kind>archive</kind>
         <file>libc.a</file>
         <name>s_frexp.c.obj</name>
      </input_file>
      <input_file id="fl-5a">
         <path>C:\ti\ccs2010\ccs\tools\compiler\ti-cgt-armllvm_4.0.3.LTS\lib\armv6m-ti-none-eabi\c\</path>
         <kind>archive</kind>
         <file>libc.a</file>
         <name>wcslen.c.obj</name>
      </input_file>
      <input_file id="fl-5b">
         <path>C:\ti\ccs2010\ccs\tools\compiler\ti-cgt-armllvm_4.0.3.LTS\lib\armv6m-ti-none-eabi\c\</path>
         <kind>archive</kind>
         <file>libc.a</file>
         <name>exit.c.obj</name>
      </input_file>
      <input_file id="fl-5c">
         <path>C:\ti\ccs2010\ccs\tools\compiler\ti-cgt-armllvm_4.0.3.LTS\lib\armv6m-ti-none-eabi\c\</path>
         <kind>archive</kind>
         <file>libc.a</file>
         <name>_lock.c.obj</name>
      </input_file>
      <input_file id="fl-5d">
         <path>C:\ti\ccs2010\ccs\tools\compiler\ti-cgt-armllvm_4.0.3.LTS\lib\armv6m-ti-none-eabi\c\</path>
         <kind>archive</kind>
         <file>libc.a</file>
         <name>_ltoa.c.obj</name>
      </input_file>
      <input_file id="fl-5e">
         <path>C:\ti\ccs2010\ccs\tools\compiler\ti-cgt-armllvm_4.0.3.LTS\lib\armv6m-ti-none-eabi\c\</path>
         <kind>archive</kind>
         <file>libc.a</file>
         <name>args_main.c.obj</name>
      </input_file>
      <input_file id="fl-5f">
         <path>C:\ti\ccs2010\ccs\tools\compiler\ti-cgt-armllvm_4.0.3.LTS\lib\armv6m-ti-none-eabi\c\</path>
         <kind>archive</kind>
         <file>libc.a</file>
         <name>memccpy.c.obj</name>
      </input_file>
      <input_file id="fl-60">
         <path>C:\ti\ccs2010\ccs\tools\compiler\ti-cgt-armllvm_4.0.3.LTS\lib\armv6m-ti-none-eabi\c\</path>
         <kind>archive</kind>
         <file>libc.a</file>
         <name>strtod.c.obj</name>
      </input_file>
      <input_file id="fl-61">
         <path>C:\ti\ccs2010\ccs\tools\compiler\ti-cgt-armllvm_4.0.3.LTS\lib\armv6m-ti-none-eabi\c\</path>
         <kind>archive</kind>
         <file>libc.a</file>
         <name>strtol.c.obj</name>
      </input_file>
      <input_file id="fl-62">
         <path>C:\ti\ccs2010\ccs\tools\compiler\ti-cgt-armllvm_4.0.3.LTS\lib\armv6m-ti-none-eabi\c\</path>
         <kind>archive</kind>
         <file>libc.a</file>
         <name>strtoll.c.obj</name>
      </input_file>
      <input_file id="fl-63">
         <path>C:\ti\ccs2010\ccs\tools\compiler\ti-cgt-armllvm_4.0.3.LTS\lib\armv6m-ti-none-eabi\c\</path>
         <kind>archive</kind>
         <file>libc.a</file>
         <name>strtoul.c.obj</name>
      </input_file>
      <input_file id="fl-64">
         <path>C:\ti\ccs2010\ccs\tools\compiler\ti-cgt-armllvm_4.0.3.LTS\lib\armv6m-ti-none-eabi\c\</path>
         <kind>archive</kind>
         <file>libc.a</file>
         <name>strtoull.c.obj</name>
      </input_file>
      <input_file id="fl-65">
         <path>C:\ti\ccs2010\ccs\tools\compiler\ti-cgt-armllvm_4.0.3.LTS\lib\armv6m-ti-none-eabi\c\</path>
         <kind>archive</kind>
         <file>libc.a</file>
         <name>fopen.c.obj</name>
      </input_file>
      <input_file id="fl-66">
         <path>C:\ti\ccs2010\ccs\tools\compiler\ti-cgt-armllvm_4.0.3.LTS\lib\armv6m-ti-none-eabi\c\</path>
         <kind>archive</kind>
         <file>libc.a</file>
         <name>fseek.c.obj</name>
      </input_file>
      <input_file id="fl-67">
         <path>C:\ti\ccs2010\ccs\tools\compiler\ti-cgt-armllvm_4.0.3.LTS\lib\armv6m-ti-none-eabi\c\</path>
         <kind>archive</kind>
         <file>libc.a</file>
         <name>fclose.c.obj</name>
      </input_file>
      <input_file id="fl-107">
         <path>C:\ti\ccs2010\ccs\tools\compiler\ti-cgt-armllvm_4.0.3.LTS\lib\armv6m-ti-none-eabi\c\</path>
         <kind>archive</kind>
         <file>libsysbm.a</file>
         <name>hostexit.c.obj</name>
      </input_file>
      <input_file id="fl-108">
         <path>C:\ti\ccs2010\ccs\tools\compiler\ti-cgt-armllvm_4.0.3.LTS\lib\armv6m-ti-none-eabi\c\</path>
         <kind>archive</kind>
         <file>libsysbm.a</file>
         <name>write.c.obj</name>
      </input_file>
      <input_file id="fl-109">
         <path>C:\ti\ccs2010\ccs\tools\compiler\ti-cgt-armllvm_4.0.3.LTS\lib\armv6m-ti-none-eabi\c\</path>
         <kind>archive</kind>
         <file>libsysbm.a</file>
         <name>host_device.c.obj</name>
      </input_file>
      <input_file id="fl-10a">
         <path>C:\ti\ccs2010\ccs\tools\compiler\ti-cgt-armllvm_4.0.3.LTS\lib\armv6m-ti-none-eabi\c\</path>
         <kind>archive</kind>
         <file>libsysbm.a</file>
         <name>remove.c.obj</name>
      </input_file>
      <input_file id="fl-10b">
         <path>C:\ti\ccs2010\ccs\tools\compiler\ti-cgt-armllvm_4.0.3.LTS\lib\armv6m-ti-none-eabi\c\</path>
         <kind>archive</kind>
         <file>libsysbm.a</file>
         <name>open.c.obj</name>
      </input_file>
      <input_file id="fl-10c">
         <path>C:\ti\ccs2010\ccs\tools\compiler\ti-cgt-armllvm_4.0.3.LTS\lib\armv6m-ti-none-eabi\c\</path>
         <kind>archive</kind>
         <file>libsysbm.a</file>
         <name>lseek.c.obj</name>
      </input_file>
      <input_file id="fl-10d">
         <path>C:\ti\ccs2010\ccs\tools\compiler\ti-cgt-armllvm_4.0.3.LTS\lib\armv6m-ti-none-eabi\c\</path>
         <kind>archive</kind>
         <file>libsysbm.a</file>
         <name>close.c.obj</name>
      </input_file>
      <input_file id="fl-10e">
         <path>C:\ti\ccs2010\ccs\tools\compiler\ti-cgt-armllvm_4.0.3.LTS\lib\armv6m-ti-none-eabi\c\</path>
         <kind>archive</kind>
         <file>libsysbm.a</file>
         <name>unlink.c.obj</name>
      </input_file>
      <input_file id="fl-10f">
         <path>C:\ti\ccs2010\ccs\tools\compiler\ti-cgt-armllvm_4.0.3.LTS\lib\armv6m-ti-none-eabi\c\</path>
         <kind>archive</kind>
         <file>libsysbm.a</file>
         <name>hostclose.c.obj</name>
      </input_file>
      <input_file id="fl-110">
         <path>C:\ti\ccs2010\ccs\tools\compiler\ti-cgt-armllvm_4.0.3.LTS\lib\armv6m-ti-none-eabi\c\</path>
         <kind>archive</kind>
         <file>libsysbm.a</file>
         <name>hostlseek.c.obj</name>
      </input_file>
      <input_file id="fl-111">
         <path>C:\ti\ccs2010\ccs\tools\compiler\ti-cgt-armllvm_4.0.3.LTS\lib\armv6m-ti-none-eabi\c\</path>
         <kind>archive</kind>
         <file>libsysbm.a</file>
         <name>hostopen.c.obj</name>
      </input_file>
      <input_file id="fl-112">
         <path>C:\ti\ccs2010\ccs\tools\compiler\ti-cgt-armllvm_4.0.3.LTS\lib\armv6m-ti-none-eabi\c\</path>
         <kind>archive</kind>
         <file>libsysbm.a</file>
         <name>hostread.c.obj</name>
      </input_file>
      <input_file id="fl-113">
         <path>C:\ti\ccs2010\ccs\tools\compiler\ti-cgt-armllvm_4.0.3.LTS\lib\armv6m-ti-none-eabi\c\</path>
         <kind>archive</kind>
         <file>libsysbm.a</file>
         <name>hostrename.c.obj</name>
      </input_file>
      <input_file id="fl-114">
         <path>C:\ti\ccs2010\ccs\tools\compiler\ti-cgt-armllvm_4.0.3.LTS\lib\armv6m-ti-none-eabi\c\</path>
         <kind>archive</kind>
         <file>libsysbm.a</file>
         <name>hostunlink.c.obj</name>
      </input_file>
      <input_file id="fl-115">
         <path>C:\ti\ccs2010\ccs\tools\compiler\ti-cgt-armllvm_4.0.3.LTS\lib\armv6m-ti-none-eabi\c\</path>
         <kind>archive</kind>
         <file>libsysbm.a</file>
         <name>hostwrite.c.obj</name>
      </input_file>
      <input_file id="fl-116">
         <path>C:\ti\ccs2010\ccs\tools\compiler\ti-cgt-armllvm_4.0.3.LTS\lib\armv6m-ti-none-eabi\c\</path>
         <kind>archive</kind>
         <file>libsysbm.a</file>
         <name>trgmsg.c.obj</name>
      </input_file>
      <input_file id="fl-117">
         <path>C:\ti\ccs2010\ccs\tools\compiler\ti-cgt-armllvm_4.0.3.LTS\lib\armv6m-ti-none-eabi\</path>
         <kind>archive</kind>
         <file>libclang_rt.builtins.a</file>
         <name>addsf3.S.obj</name>
      </input_file>
      <input_file id="fl-118">
         <path>C:\ti\ccs2010\ccs\tools\compiler\ti-cgt-armllvm_4.0.3.LTS\lib\armv6m-ti-none-eabi\</path>
         <kind>archive</kind>
         <file>libclang_rt.builtins.a</file>
         <name>adddf3.S.obj</name>
      </input_file>
      <input_file id="fl-119">
         <path>C:\ti\ccs2010\ccs\tools\compiler\ti-cgt-armllvm_4.0.3.LTS\lib\armv6m-ti-none-eabi\</path>
         <kind>archive</kind>
         <file>libclang_rt.builtins.a</file>
         <name>muldf3.S.obj</name>
      </input_file>
      <input_file id="fl-11a">
         <path>C:\ti\ccs2010\ccs\tools\compiler\ti-cgt-armllvm_4.0.3.LTS\lib\armv6m-ti-none-eabi\</path>
         <kind>archive</kind>
         <file>libclang_rt.builtins.a</file>
         <name>muldsi3.S.obj</name>
      </input_file>
      <input_file id="fl-11b">
         <path>C:\ti\ccs2010\ccs\tools\compiler\ti-cgt-armllvm_4.0.3.LTS\lib\armv6m-ti-none-eabi\</path>
         <kind>archive</kind>
         <file>libclang_rt.builtins.a</file>
         <name>mulsf3.S.obj</name>
      </input_file>
      <input_file id="fl-11c">
         <path>C:\ti\ccs2010\ccs\tools\compiler\ti-cgt-armllvm_4.0.3.LTS\lib\armv6m-ti-none-eabi\</path>
         <kind>archive</kind>
         <file>libclang_rt.builtins.a</file>
         <name>divsf3.S.obj</name>
      </input_file>
      <input_file id="fl-11d">
         <path>C:\ti\ccs2010\ccs\tools\compiler\ti-cgt-armllvm_4.0.3.LTS\lib\armv6m-ti-none-eabi\</path>
         <kind>archive</kind>
         <file>libclang_rt.builtins.a</file>
         <name>divdf3.S.obj</name>
      </input_file>
      <input_file id="fl-11e">
         <path>C:\ti\ccs2010\ccs\tools\compiler\ti-cgt-armllvm_4.0.3.LTS\lib\armv6m-ti-none-eabi\</path>
         <kind>archive</kind>
         <file>libclang_rt.builtins.a</file>
         <name>extendsfdf2.S.obj</name>
      </input_file>
      <input_file id="fl-11f">
         <path>C:\ti\ccs2010\ccs\tools\compiler\ti-cgt-armllvm_4.0.3.LTS\lib\armv6m-ti-none-eabi\</path>
         <kind>archive</kind>
         <file>libclang_rt.builtins.a</file>
         <name>fixdfsi.S.obj</name>
      </input_file>
      <input_file id="fl-120">
         <path>C:\ti\ccs2010\ccs\tools\compiler\ti-cgt-armllvm_4.0.3.LTS\lib\armv6m-ti-none-eabi\</path>
         <kind>archive</kind>
         <file>libclang_rt.builtins.a</file>
         <name>fixsfsi.S.obj</name>
      </input_file>
      <input_file id="fl-121">
         <path>C:\ti\ccs2010\ccs\tools\compiler\ti-cgt-armllvm_4.0.3.LTS\lib\armv6m-ti-none-eabi\</path>
         <kind>archive</kind>
         <file>libclang_rt.builtins.a</file>
         <name>fixunssfsi.S.obj</name>
      </input_file>
      <input_file id="fl-122">
         <path>C:\ti\ccs2010\ccs\tools\compiler\ti-cgt-armllvm_4.0.3.LTS\lib\armv6m-ti-none-eabi\</path>
         <kind>archive</kind>
         <file>libclang_rt.builtins.a</file>
         <name>floatsidf.S.obj</name>
      </input_file>
      <input_file id="fl-123">
         <path>C:\ti\ccs2010\ccs\tools\compiler\ti-cgt-armllvm_4.0.3.LTS\lib\armv6m-ti-none-eabi\</path>
         <kind>archive</kind>
         <file>libclang_rt.builtins.a</file>
         <name>floatsisf.S.obj</name>
      </input_file>
      <input_file id="fl-124">
         <path>C:\ti\ccs2010\ccs\tools\compiler\ti-cgt-armllvm_4.0.3.LTS\lib\armv6m-ti-none-eabi\</path>
         <kind>archive</kind>
         <file>libclang_rt.builtins.a</file>
         <name>floatunsisf.S.obj</name>
      </input_file>
      <input_file id="fl-125">
         <path>C:\ti\ccs2010\ccs\tools\compiler\ti-cgt-armllvm_4.0.3.LTS\lib\armv6m-ti-none-eabi\</path>
         <kind>archive</kind>
         <file>libclang_rt.builtins.a</file>
         <name>muldi3.S.obj</name>
      </input_file>
      <input_file id="fl-126">
         <path>C:\ti\ccs2010\ccs\tools\compiler\ti-cgt-armllvm_4.0.3.LTS\lib\armv6m-ti-none-eabi\</path>
         <kind>archive</kind>
         <file>libclang_rt.builtins.a</file>
         <name>truncdfsf2.S.obj</name>
      </input_file>
      <input_file id="fl-127">
         <path>C:\ti\ccs2010\ccs\tools\compiler\ti-cgt-armllvm_4.0.3.LTS\lib\armv6m-ti-none-eabi\</path>
         <kind>archive</kind>
         <file>libclang_rt.builtins.a</file>
         <name>aeabi_dcmp.S.obj</name>
      </input_file>
      <input_file id="fl-128">
         <path>C:\ti\ccs2010\ccs\tools\compiler\ti-cgt-armllvm_4.0.3.LTS\lib\armv6m-ti-none-eabi\</path>
         <kind>archive</kind>
         <file>libclang_rt.builtins.a</file>
         <name>aeabi_fcmp.S.obj</name>
      </input_file>
      <input_file id="fl-129">
         <path>C:\ti\ccs2010\ccs\tools\compiler\ti-cgt-armllvm_4.0.3.LTS\lib\armv6m-ti-none-eabi\</path>
         <kind>archive</kind>
         <file>libclang_rt.builtins.a</file>
         <name>aeabi_idivmod.S.obj</name>
      </input_file>
      <input_file id="fl-12a">
         <path>C:\ti\ccs2010\ccs\tools\compiler\ti-cgt-armllvm_4.0.3.LTS\lib\armv6m-ti-none-eabi\</path>
         <kind>archive</kind>
         <file>libclang_rt.builtins.a</file>
         <name>aeabi_memcpy.S.obj</name>
      </input_file>
      <input_file id="fl-12b">
         <path>C:\ti\ccs2010\ccs\tools\compiler\ti-cgt-armllvm_4.0.3.LTS\lib\armv6m-ti-none-eabi\</path>
         <kind>archive</kind>
         <file>libclang_rt.builtins.a</file>
         <name>aeabi_memset.S.obj</name>
      </input_file>
      <input_file id="fl-12c">
         <path>C:\ti\ccs2010\ccs\tools\compiler\ti-cgt-armllvm_4.0.3.LTS\lib\armv6m-ti-none-eabi\</path>
         <kind>archive</kind>
         <file>libclang_rt.builtins.a</file>
         <name>aeabi_uidivmod.S.obj</name>
      </input_file>
      <input_file id="fl-12d">
         <path>C:\ti\ccs2010\ccs\tools\compiler\ti-cgt-armllvm_4.0.3.LTS\lib\armv6m-ti-none-eabi\</path>
         <kind>archive</kind>
         <file>libclang_rt.builtins.a</file>
         <name>aeabi_uldivmod.S.obj</name>
      </input_file>
      <input_file id="fl-12e">
         <path>C:\ti\ccs2010\ccs\tools\compiler\ti-cgt-armllvm_4.0.3.LTS\lib\armv6m-ti-none-eabi\</path>
         <kind>archive</kind>
         <file>libclang_rt.builtins.a</file>
         <name>comparesf2.S.obj</name>
      </input_file>
      <input_file id="fl-12f">
         <path>C:\ti\ccs2010\ccs\tools\compiler\ti-cgt-armllvm_4.0.3.LTS\lib\armv6m-ti-none-eabi\</path>
         <kind>archive</kind>
         <file>libclang_rt.builtins.a</file>
         <name>udivmoddi4.S.obj</name>
      </input_file>
      <input_file id="fl-130">
         <path>C:\ti\ccs2010\ccs\tools\compiler\ti-cgt-armllvm_4.0.3.LTS\lib\armv6m-ti-none-eabi\</path>
         <kind>archive</kind>
         <file>libclang_rt.builtins.a</file>
         <name>ashldi3.S.obj</name>
      </input_file>
      <input_file id="fl-131">
         <path>C:\ti\ccs2010\ccs\tools\compiler\ti-cgt-armllvm_4.0.3.LTS\lib\armv6m-ti-none-eabi\</path>
         <kind>archive</kind>
         <file>libclang_rt.builtins.a</file>
         <name>comparedf2.c.obj</name>
      </input_file>
      <input_file id="fl-132">
         <path>C:\ti\ccs2010\ccs\tools\compiler\ti-cgt-armllvm_4.0.3.LTS\lib\armv6m-ti-none-eabi\</path>
         <kind>archive</kind>
         <file>libclang_rt.builtins.a</file>
         <name>aeabi_div0.c.obj</name>
      </input_file>
      <input_file id="fl-133">
         <path>C:\ti\ccs2010\ccs\tools\compiler\ti-cgt-armllvm_4.0.3.LTS\lib\armv6m-ti-none-eabi\c\</path>
         <kind>archive</kind>
         <file>libc.a</file>
         <name>getdevice.c.obj</name>
      </input_file>
      <input_file id="fl-134">
         <path>C:\ti\ccs2010\ccs\tools\compiler\ti-cgt-armllvm_4.0.3.LTS\lib\armv6m-ti-none-eabi\c\</path>
         <kind>archive</kind>
         <file>libc.a</file>
         <name>memcpy16.S.obj</name>
      </input_file>
      <input_file id="fl-135">
         <path>C:\ti\ccs2010\ccs\tools\compiler\ti-cgt-armllvm_4.0.3.LTS\lib\armv6m-ti-none-eabi\c\</path>
         <kind>archive</kind>
         <file>libc.a</file>
         <name>memset16.S.obj</name>
      </input_file>
      <input_file id="fl-136">
         <path>C:\ti\ccs2010\ccs\tools\compiler\ti-cgt-armllvm_4.0.3.LTS\lib\armv6m-ti-none-eabi\c\</path>
         <kind>archive</kind>
         <file>libc.a</file>
         <name>strcmp-armv6m.S.obj</name>
      </input_file>
   </input_file_list>
   <object_component_list>
      <object_component id="oc-18">
         <name>.intvecs</name>
         <load_address>0x0</load_address>
         <readonly>true</readonly>
         <run_address>0x0</run_address>
         <size>0xc0</size>
         <alignment>0x4</alignment>
         <input_file_ref idref="fl-2"/>
      </object_component>
      <object_component id="oc-d4">
         <name>.text.Page_Test</name>
         <load_address>0xc0</load_address>
         <readonly>true</readonly>
         <executable>true</executable>
         <run_address>0xc0</run_address>
         <size>0xfdc</size>
         <alignment>0x4</alignment>
         <input_file_ref idref="fl-a"/>
      </object_component>
      <object_component id="oc-23b">
         <name>.text.pow</name>
         <load_address>0x109c</load_address>
         <readonly>true</readonly>
         <executable>true</executable>
         <run_address>0x109c</run_address>
         <size>0xa48</size>
         <alignment>0x4</alignment>
         <input_file_ref idref="fl-3a"/>
      </object_component>
      <object_component id="oc-2a1">
         <name>.text:__TI_printfi</name>
         <load_address>0x1ae4</load_address>
         <readonly>true</readonly>
         <executable>true</executable>
         <run_address>0x1ae4</run_address>
         <size>0x9d0</size>
         <alignment>0x4</alignment>
         <input_file_ref idref="fl-50"/>
      </object_component>
      <object_component id="oc-2e6">
         <name>.text.__kernel_rem_pio2</name>
         <load_address>0x24b4</load_address>
         <readonly>true</readonly>
         <executable>true</executable>
         <run_address>0x24b4</run_address>
         <size>0x644</size>
         <alignment>0x4</alignment>
         <input_file_ref idref="fl-47"/>
      </object_component>
      <object_component id="oc-261">
         <name>.text.sin</name>
         <load_address>0x2af8</load_address>
         <readonly>true</readonly>
         <executable>true</executable>
         <run_address>0x2af8</run_address>
         <size>0x458</size>
         <alignment>0x4</alignment>
         <input_file_ref idref="fl-3e"/>
      </object_component>
      <object_component id="oc-25b">
         <name>.text.cos</name>
         <load_address>0x2f50</load_address>
         <readonly>true</readonly>
         <executable>true</executable>
         <run_address>0x2f50</run_address>
         <size>0x440</size>
         <alignment>0x4</alignment>
         <input_file_ref idref="fl-3c"/>
      </object_component>
      <object_component id="oc-31f">
         <name>.text._pconv_a</name>
         <load_address>0x3390</load_address>
         <readonly>true</readonly>
         <executable>true</executable>
         <run_address>0x3390</run_address>
         <size>0x220</size>
         <alignment>0x4</alignment>
         <input_file_ref idref="fl-50"/>
      </object_component>
      <object_component id="oc-ca">
         <name>.text.Motor_Init</name>
         <load_address>0x35b0</load_address>
         <readonly>true</readonly>
         <executable>true</executable>
         <run_address>0x35b0</run_address>
         <size>0x21c</size>
         <alignment>0x4</alignment>
         <input_file_ref idref="fl-c"/>
      </object_component>
      <object_component id="oc-fd">
         <name>.text.SYSCFG_DL_GPIO_init</name>
         <load_address>0x37cc</load_address>
         <readonly>true</readonly>
         <executable>true</executable>
         <run_address>0x37cc</run_address>
         <size>0x204</size>
         <alignment>0x4</alignment>
         <input_file_ref idref="fl-1"/>
      </object_component>
      <object_component id="oc-320">
         <name>.text._pconv_g</name>
         <load_address>0x39d0</load_address>
         <readonly>true</readonly>
         <executable>true</executable>
         <run_address>0x39d0</run_address>
         <size>0x1dc</size>
         <alignment>0x4</alignment>
         <input_file_ref idref="fl-50"/>
      </object_component>
      <object_component id="oc-234">
         <name>.text.adddf3_subdf3</name>
         <load_address>0x3bac</load_address>
         <readonly>true</readonly>
         <executable>true</executable>
         <run_address>0x3bac</run_address>
         <size>0x192</size>
         <alignment>0x4</alignment>
         <input_file_ref idref="fl-118"/>
      </object_component>
      <object_component id="oc-2fe">
         <name>.text.__aeabi_idiv0</name>
         <load_address>0x3d3e</load_address>
         <readonly>true</readonly>
         <executable>true</executable>
         <run_address>0x3d3e</run_address>
         <size>0x2</size>
         <alignment>0x2</alignment>
         <input_file_ref idref="fl-132"/>
      </object_component>
      <object_component id="oc-2c2">
         <name>.text.sqrt</name>
         <load_address>0x3d40</load_address>
         <readonly>true</readonly>
         <executable>true</executable>
         <run_address>0x3d40</run_address>
         <size>0x170</size>
         <alignment>0x4</alignment>
         <input_file_ref idref="fl-3b"/>
      </object_component>
      <object_component id="oc-2ef">
         <name>.text.__kernel_sin</name>
         <load_address>0x3eb0</load_address>
         <readonly>true</readonly>
         <executable>true</executable>
         <run_address>0x3eb0</run_address>
         <size>0x168</size>
         <alignment>0x4</alignment>
         <input_file_ref idref="fl-57"/>
      </object_component>
      <object_component id="oc-2d9">
         <name>.text.__kernel_cos</name>
         <load_address>0x4018</load_address>
         <readonly>true</readonly>
         <executable>true</executable>
         <run_address>0x4018</run_address>
         <size>0x150</size>
         <alignment>0x4</alignment>
         <input_file_ref idref="fl-56"/>
      </object_component>
      <object_component id="oc-33d">
         <name>.text.floor</name>
         <load_address>0x4168</load_address>
         <readonly>true</readonly>
         <executable>true</executable>
         <run_address>0x4168</run_address>
         <size>0x144</size>
         <alignment>0x4</alignment>
         <input_file_ref idref="fl-58"/>
      </object_component>
      <object_component id="oc-367">
         <name>.text.fcvt</name>
         <load_address>0x42ac</load_address>
         <readonly>true</readonly>
         <executable>true</executable>
         <run_address>0x42ac</run_address>
         <size>0x13c</size>
         <alignment>0x4</alignment>
         <input_file_ref idref="fl-50"/>
      </object_component>
      <object_component id="oc-322">
         <name>.text._pconv_e</name>
         <load_address>0x43e8</load_address>
         <readonly>true</readonly>
         <executable>true</executable>
         <run_address>0x43e8</run_address>
         <size>0x120</size>
         <alignment>0x4</alignment>
         <input_file_ref idref="fl-50"/>
      </object_component>
      <object_component id="oc-147">
         <name>.text.Pto_Data_Parse</name>
         <load_address>0x4508</load_address>
         <readonly>true</readonly>
         <executable>true</executable>
         <run_address>0x4508</run_address>
         <size>0x11e</size>
         <alignment>0x2</alignment>
         <input_file_ref idref="fl-e"/>
      </object_component>
      <object_component id="oc-36d">
         <name>.text.__aeabi_ldiv0</name>
         <load_address>0x4626</load_address>
         <readonly>true</readonly>
         <executable>true</executable>
         <run_address>0x4626</run_address>
         <size>0x2</size>
         <alignment>0x2</alignment>
         <input_file_ref idref="fl-132"/>
      </object_component>
      <object_component id="oc-20b">
         <name>.text.OLED_ShowChar</name>
         <load_address>0x4628</load_address>
         <readonly>true</readonly>
         <executable>true</executable>
         <run_address>0x4628</run_address>
         <size>0x118</size>
         <alignment>0x4</alignment>
         <input_file_ref idref="fl-6"/>
      </object_component>
      <object_component id="oc-c4">
         <name>.text.OLED_Init</name>
         <load_address>0x4740</load_address>
         <readonly>true</readonly>
         <executable>true</executable>
         <run_address>0x4740</run_address>
         <size>0x110</size>
         <alignment>0x4</alignment>
         <input_file_ref idref="fl-6"/>
      </object_component>
      <object_component id="oc-227">
         <name>.text.__divdf3</name>
         <load_address>0x4850</load_address>
         <readonly>true</readonly>
         <executable>true</executable>
         <run_address>0x4850</run_address>
         <size>0x10c</size>
         <alignment>0x4</alignment>
         <input_file_ref idref="fl-11d"/>
      </object_component>
      <object_component id="oc-1c7">
         <name>.text.DL_Timer_initFourCCPWMMode</name>
         <load_address>0x495c</load_address>
         <readonly>true</readonly>
         <executable>true</executable>
         <run_address>0x495c</run_address>
         <size>0x104</size>
         <alignment>0x4</alignment>
         <input_file_ref idref="fl-1f"/>
      </object_component>
      <object_component id="oc-d5">
         <name>.text.Page_Debug_Step_Hor</name>
         <load_address>0x4a60</load_address>
         <readonly>true</readonly>
         <executable>true</executable>
         <run_address>0x4a60</run_address>
         <size>0xfc</size>
         <alignment>0x4</alignment>
         <input_file_ref idref="fl-a"/>
      </object_component>
      <object_component id="oc-d6">
         <name>.text.Page_Debug_Step_Ver</name>
         <load_address>0x4b5c</load_address>
         <readonly>true</readonly>
         <executable>true</executable>
         <run_address>0x4b5c</run_address>
         <size>0xfc</size>
         <alignment>0x4</alignment>
         <input_file_ref idref="fl-a"/>
      </object_component>
      <object_component id="oc-14e">
         <name>.text.PID_Loc</name>
         <load_address>0x4c58</load_address>
         <readonly>true</readonly>
         <executable>true</executable>
         <run_address>0x4c58</run_address>
         <size>0xf2</size>
         <alignment>0x2</alignment>
         <input_file_ref idref="fl-8"/>
      </object_component>
      <object_component id="oc-1d5">
         <name>.text.DL_Timer_initTimerMode</name>
         <load_address>0x4d4c</load_address>
         <readonly>true</readonly>
         <executable>true</executable>
         <run_address>0x4d4c</run_address>
         <size>0xe8</size>
         <alignment>0x4</alignment>
         <input_file_ref idref="fl-1f"/>
      </object_component>
      <object_component id="oc-230">
         <name>.text.__muldf3</name>
         <load_address>0x4e34</load_address>
         <readonly>true</readonly>
         <executable>true</executable>
         <run_address>0x4e34</run_address>
         <size>0xe4</size>
         <alignment>0x4</alignment>
         <input_file_ref idref="fl-119"/>
      </object_component>
      <object_component id="oc-1bd">
         <name>.text.DL_SYSCTL_configSYSPLL</name>
         <load_address>0x4f18</load_address>
         <readonly>true</readonly>
         <executable>true</executable>
         <run_address>0x4f18</run_address>
         <size>0xdc</size>
         <alignment>0x4</alignment>
         <input_file_ref idref="fl-21"/>
      </object_component>
      <object_component id="oc-16e">
         <name>.text.Circle_Location</name>
         <load_address>0x4ff4</load_address>
         <readonly>true</readonly>
         <executable>true</executable>
         <run_address>0x4ff4</run_address>
         <size>0xd8</size>
         <alignment>0x4</alignment>
         <input_file_ref idref="fl-a"/>
      </object_component>
      <object_component id="oc-ff">
         <name>.text.SYSCFG_DL_PWM_MOTOR_init</name>
         <load_address>0x50cc</load_address>
         <readonly>true</readonly>
         <executable>true</executable>
         <run_address>0x50cc</run_address>
         <size>0xd8</size>
         <alignment>0x4</alignment>
         <input_file_ref idref="fl-1"/>
      </object_component>
      <object_component id="oc-125">
         <name>.text.Scan_Keyboard</name>
         <load_address>0x51a4</load_address>
         <readonly>true</readonly>
         <executable>true</executable>
         <run_address>0x51a4</run_address>
         <size>0xd8</size>
         <alignment>0x4</alignment>
         <input_file_ref idref="fl-7"/>
      </object_component>
      <object_component id="oc-2bd">
         <name>.text.scalbn</name>
         <load_address>0x527c</load_address>
         <readonly>true</readonly>
         <executable>true</executable>
         <run_address>0x527c</run_address>
         <size>0xd8</size>
         <alignment>0x4</alignment>
         <input_file_ref idref="fl-3d"/>
      </object_component>
      <object_component id="oc-24c">
         <name>.text</name>
         <load_address>0x5354</load_address>
         <readonly>true</readonly>
         <executable>true</executable>
         <run_address>0x5354</run_address>
         <size>0xd8</size>
         <alignment>0x4</alignment>
         <input_file_ref idref="fl-117"/>
      </object_component>
      <object_component id="oc-d1">
         <name>.text.Page_Home</name>
         <load_address>0x542c</load_address>
         <readonly>true</readonly>
         <executable>true</executable>
         <run_address>0x542c</run_address>
         <size>0xc8</size>
         <alignment>0x4</alignment>
         <input_file_ref idref="fl-a"/>
      </object_component>
      <object_component id="oc-2a6">
         <name>.text.Motor_Set_Duty</name>
         <load_address>0x54f4</load_address>
         <readonly>true</readonly>
         <executable>true</executable>
         <run_address>0x54f4</run_address>
         <size>0xb8</size>
         <alignment>0x4</alignment>
         <input_file_ref idref="fl-c"/>
      </object_component>
      <object_component id="oc-fc">
         <name>.text.SYSCFG_DL_initPower</name>
         <load_address>0x55ac</load_address>
         <readonly>true</readonly>
         <executable>true</executable>
         <run_address>0x55ac</run_address>
         <size>0xb0</size>
         <alignment>0x4</alignment>
         <input_file_ref idref="fl-1"/>
      </object_component>
      <object_component id="oc-73">
         <name>.text.Pto_Data_Receive</name>
         <load_address>0x565c</load_address>
         <readonly>true</readonly>
         <executable>true</executable>
         <run_address>0x565c</run_address>
         <size>0xac</size>
         <alignment>0x4</alignment>
         <input_file_ref idref="fl-e"/>
      </object_component>
      <object_component id="oc-cf">
         <name>.text.SMotor_Init</name>
         <load_address>0x5708</load_address>
         <readonly>true</readonly>
         <executable>true</executable>
         <run_address>0x5708</run_address>
         <size>0xa4</size>
         <alignment>0x4</alignment>
         <input_file_ref idref="fl-b"/>
      </object_component>
      <object_component id="oc-355">
         <name>.text</name>
         <load_address>0x57ac</load_address>
         <readonly>true</readonly>
         <executable>true</executable>
         <run_address>0x57ac</run_address>
         <size>0xa2</size>
         <alignment>0x4</alignment>
         <input_file_ref idref="fl-12f"/>
      </object_component>
      <object_component id="oc-d3">
         <name>.text.Page_Debug</name>
         <load_address>0x5850</load_address>
         <readonly>true</readonly>
         <executable>true</executable>
         <run_address>0x5850</run_address>
         <size>0xa0</size>
         <alignment>0x4</alignment>
         <input_file_ref idref="fl-a"/>
      </object_component>
      <object_component id="oc-241">
         <name>.text.sqrtf</name>
         <load_address>0x58f0</load_address>
         <readonly>true</readonly>
         <executable>true</executable>
         <run_address>0x58f0</run_address>
         <size>0xa0</size>
         <alignment>0x4</alignment>
         <input_file_ref idref="fl-3f"/>
      </object_component>
      <object_component id="oc-110">
         <name>.text.OLED_WR_Byte</name>
         <load_address>0x5990</load_address>
         <readonly>true</readonly>
         <executable>true</executable>
         <run_address>0x5990</run_address>
         <size>0x98</size>
         <alignment>0x4</alignment>
         <input_file_ref idref="fl-6"/>
      </object_component>
      <object_component id="oc-123">
         <name>.text.SMotor_Set_Speed</name>
         <load_address>0x5a28</load_address>
         <readonly>true</readonly>
         <executable>true</executable>
         <run_address>0x5a28</run_address>
         <size>0x94</size>
         <alignment>0x4</alignment>
         <input_file_ref idref="fl-b"/>
      </object_component>
      <object_component id="oc-1fd">
         <name>.text.__mulsf3</name>
         <load_address>0x5abc</load_address>
         <readonly>true</readonly>
         <executable>true</executable>
         <run_address>0x5abc</run_address>
         <size>0x8c</size>
         <alignment>0x4</alignment>
         <input_file_ref idref="fl-11b"/>
      </object_component>
      <object_component id="oc-10c">
         <name>.text.__NVIC_SetPriority</name>
         <load_address>0x5b48</load_address>
         <readonly>true</readonly>
         <executable>true</executable>
         <run_address>0x5b48</run_address>
         <size>0x84</size>
         <alignment>0x4</alignment>
         <input_file_ref idref="fl-4"/>
      </object_component>
      <object_component id="oc-1d0">
         <name>.text.__NVIC_SetPriority</name>
         <load_address>0x5bcc</load_address>
         <readonly>true</readonly>
         <executable>true</executable>
         <run_address>0x5bcc</run_address>
         <size>0x84</size>
         <alignment>0x4</alignment>
         <input_file_ref idref="fl-1"/>
      </object_component>
      <object_component id="oc-201">
         <name>.text.__divsf3</name>
         <load_address>0x5c50</load_address>
         <readonly>true</readonly>
         <executable>true</executable>
         <run_address>0x5c50</run_address>
         <size>0x82</size>
         <alignment>0x4</alignment>
         <input_file_ref idref="fl-11c"/>
      </object_component>
      <object_component id="oc-135">
         <name>.text.Trace_Read_Bit</name>
         <load_address>0x5cd4</load_address>
         <readonly>true</readonly>
         <executable>true</executable>
         <run_address>0x5cd4</run_address>
         <size>0x80</size>
         <alignment>0x4</alignment>
         <input_file_ref idref="fl-d"/>
      </object_component>
      <object_component id="oc-8f">
         <name>.text.main</name>
         <load_address>0x5d54</load_address>
         <readonly>true</readonly>
         <executable>true</executable>
         <run_address>0x5d54</run_address>
         <size>0x80</size>
         <alignment>0x4</alignment>
         <input_file_ref idref="fl-3"/>
      </object_component>
      <object_component id="oc-140">
         <name>.text.Get_Trace_Sum</name>
         <load_address>0x5dd4</load_address>
         <readonly>true</readonly>
         <executable>true</executable>
         <run_address>0x5dd4</run_address>
         <size>0x7c</size>
         <alignment>0x4</alignment>
         <input_file_ref idref="fl-d"/>
      </object_component>
      <object_component id="oc-1c">
         <name>.text:decompress:lzss</name>
         <load_address>0x5e50</load_address>
         <readonly>true</readonly>
         <executable>true</executable>
         <run_address>0x5e50</run_address>
         <size>0x7c</size>
         <alignment>0x4</alignment>
         <input_file_ref idref="fl-4f"/>
      </object_component>
      <object_component id="oc-100">
         <name>.text.SYSCFG_DL_SM_PUL_HOR_init</name>
         <load_address>0x5ecc</load_address>
         <readonly>true</readonly>
         <executable>true</executable>
         <run_address>0x5ecc</run_address>
         <size>0x78</size>
         <alignment>0x4</alignment>
         <input_file_ref idref="fl-1"/>
      </object_component>
      <object_component id="oc-101">
         <name>.text.SYSCFG_DL_SM_PUL_VER_init</name>
         <load_address>0x5f44</load_address>
         <readonly>true</readonly>
         <executable>true</executable>
         <run_address>0x5f44</run_address>
         <size>0x78</size>
         <alignment>0x4</alignment>
         <input_file_ref idref="fl-1"/>
      </object_component>
      <object_component id="oc-2d3">
         <name>.text.__gedf2</name>
         <load_address>0x5fbc</load_address>
         <readonly>true</readonly>
         <executable>true</executable>
         <run_address>0x5fbc</run_address>
         <size>0x74</size>
         <alignment>0x4</alignment>
         <input_file_ref idref="fl-131"/>
      </object_component>
      <object_component id="oc-22b">
         <name>.text.__truncdfsf2</name>
         <load_address>0x6030</load_address>
         <readonly>true</readonly>
         <executable>true</executable>
         <run_address>0x6030</run_address>
         <size>0x74</size>
         <alignment>0x10</alignment>
         <input_file_ref idref="fl-126"/>
      </object_component>
      <object_component id="oc-124">
         <name>.text.OLED_ShowString</name>
         <load_address>0x60a4</load_address>
         <readonly>true</readonly>
         <executable>true</executable>
         <run_address>0x60a4</run_address>
         <size>0x70</size>
         <alignment>0x2</alignment>
         <input_file_ref idref="fl-6"/>
      </object_component>
      <object_component id="oc-148">
         <name>.text.Distance</name>
         <load_address>0x6114</load_address>
         <readonly>true</readonly>
         <executable>true</executable>
         <run_address>0x6114</run_address>
         <size>0x6a</size>
         <alignment>0x2</alignment>
         <input_file_ref idref="fl-a"/>
      </object_component>
      <object_component id="oc-111">
         <name>.text.OLED_Clear</name>
         <load_address>0x617e</load_address>
         <readonly>true</readonly>
         <executable>true</executable>
         <run_address>0x617e</run_address>
         <size>0x6a</size>
         <alignment>0x2</alignment>
         <input_file_ref idref="fl-6"/>
      </object_component>
      <object_component id="oc-17b">
         <name>.text.DeQueue</name>
         <load_address>0x61e8</load_address>
         <readonly>true</readonly>
         <executable>true</executable>
         <run_address>0x61e8</run_address>
         <size>0x68</size>
         <alignment>0x2</alignment>
         <input_file_ref idref="fl-9"/>
      </object_component>
      <object_component id="oc-2cd">
         <name>.text.__ledf2</name>
         <load_address>0x6250</load_address>
         <readonly>true</readonly>
         <executable>true</executable>
         <run_address>0x6250</run_address>
         <size>0x68</size>
         <alignment>0x4</alignment>
         <input_file_ref idref="fl-131"/>
      </object_component>
      <object_component id="oc-175">
         <name>.text.EnQueue</name>
         <load_address>0x62b8</load_address>
         <readonly>true</readonly>
         <executable>true</executable>
         <run_address>0x62b8</run_address>
         <size>0x66</size>
         <alignment>0x2</alignment>
         <input_file_ref idref="fl-9"/>
      </object_component>
      <object_component id="oc-366">
         <name>.text._mcpy</name>
         <load_address>0x631e</load_address>
         <readonly>true</readonly>
         <executable>true</executable>
         <run_address>0x631e</run_address>
         <size>0x66</size>
         <alignment>0x2</alignment>
         <input_file_ref idref="fl-50"/>
      </object_component>
      <object_component id="oc-274">
         <name>.text.SMotor_Turn_Pulse</name>
         <load_address>0x6384</load_address>
         <readonly>true</readonly>
         <executable>true</executable>
         <run_address>0x6384</run_address>
         <size>0x64</size>
         <alignment>0x2</alignment>
         <input_file_ref idref="fl-b"/>
      </object_component>
      <object_component id="oc-253">
         <name>.text.__aeabi_dcmp</name>
         <load_address>0x63e8</load_address>
         <readonly>true</readonly>
         <executable>true</executable>
         <run_address>0x63e8</run_address>
         <size>0x62</size>
         <alignment>0x4</alignment>
         <input_file_ref idref="fl-127"/>
      </object_component>
      <object_component id="oc-149">
         <name>.text.__aeabi_fcmp</name>
         <load_address>0x644c</load_address>
         <readonly>true</readonly>
         <executable>true</executable>
         <run_address>0x644c</run_address>
         <size>0x62</size>
         <alignment>0x4</alignment>
         <input_file_ref idref="fl-128"/>
      </object_component>
      <object_component id="oc-10e">
         <name>.text.oled_i2c_sda_unlock</name>
         <load_address>0x64b0</load_address>
         <readonly>true</readonly>
         <executable>true</executable>
         <run_address>0x64b0</run_address>
         <size>0x60</size>
         <alignment>0x4</alignment>
         <input_file_ref idref="fl-6"/>
      </object_component>
      <object_component id="oc-1f7">
         <name>.text.DL_I2C_fillControllerTXFIFO</name>
         <load_address>0x6510</load_address>
         <readonly>true</readonly>
         <executable>true</executable>
         <run_address>0x6510</run_address>
         <size>0x5e</size>
         <alignment>0x2</alignment>
         <input_file_ref idref="fl-1e"/>
      </object_component>
      <object_component id="oc-142">
         <name>.text.Motor_Modify_Left</name>
         <load_address>0x6570</load_address>
         <readonly>true</readonly>
         <executable>true</executable>
         <run_address>0x6570</run_address>
         <size>0x5c</size>
         <alignment>0x4</alignment>
         <input_file_ref idref="fl-a"/>
      </object_component>
      <object_component id="oc-143">
         <name>.text.Motor_Modify_Right</name>
         <load_address>0x65cc</load_address>
         <readonly>true</readonly>
         <executable>true</executable>
         <run_address>0x65cc</run_address>
         <size>0x5c</size>
         <alignment>0x4</alignment>
         <input_file_ref idref="fl-a"/>
      </object_component>
      <object_component id="oc-181">
         <name>.text.Stop_Camera</name>
         <load_address>0x6628</load_address>
         <readonly>true</readonly>
         <executable>true</executable>
         <run_address>0x6628</run_address>
         <size>0x5c</size>
         <alignment>0x4</alignment>
         <input_file_ref idref="fl-a"/>
      </object_component>
      <object_component id="oc-35a">
         <name>.text.frexp</name>
         <load_address>0x6684</load_address>
         <readonly>true</readonly>
         <executable>true</executable>
         <run_address>0x6684</run_address>
         <size>0x5c</size>
         <alignment>0x4</alignment>
         <input_file_ref idref="fl-59"/>
      </object_component>
      <object_component id="oc-1f5">
         <name>.text.mspm0_i2c_enable</name>
         <load_address>0x66e0</load_address>
         <readonly>true</readonly>
         <executable>true</executable>
         <run_address>0x66e0</run_address>
         <size>0x5c</size>
         <alignment>0x4</alignment>
         <input_file_ref idref="fl-6"/>
      </object_component>
      <object_component id="oc-103">
         <name>.text.SYSCFG_DL_I2C_OLED_init</name>
         <load_address>0x673c</load_address>
         <readonly>true</readonly>
         <executable>true</executable>
         <run_address>0x673c</run_address>
         <size>0x58</size>
         <alignment>0x4</alignment>
         <input_file_ref idref="fl-1"/>
      </object_component>
      <object_component id="oc-35e">
         <name>.text.__TI_ltoa</name>
         <load_address>0x6794</load_address>
         <readonly>true</readonly>
         <executable>true</executable>
         <run_address>0x6794</run_address>
         <size>0x58</size>
         <alignment>0x2</alignment>
         <input_file_ref idref="fl-5d"/>
      </object_component>
      <object_component id="oc-321">
         <name>.text._pconv_f</name>
         <load_address>0x67ec</load_address>
         <readonly>true</readonly>
         <executable>true</executable>
         <run_address>0x67ec</run_address>
         <size>0x58</size>
         <alignment>0x2</alignment>
         <input_file_ref idref="fl-50"/>
      </object_component>
      <object_component id="oc-338">
         <name>.text.__aeabi_idivmod</name>
         <load_address>0x6844</load_address>
         <readonly>true</readonly>
         <executable>true</executable>
         <run_address>0x6844</run_address>
         <size>0x56</size>
         <alignment>0x4</alignment>
         <input_file_ref idref="fl-129"/>
      </object_component>
      <object_component id="oc-105">
         <name>.text.SYSCFG_DL_K230_init</name>
         <load_address>0x689c</load_address>
         <readonly>true</readonly>
         <executable>true</executable>
         <run_address>0x689c</run_address>
         <size>0x54</size>
         <alignment>0x4</alignment>
         <input_file_ref idref="fl-1"/>
      </object_component>
      <object_component id="oc-104">
         <name>.text.SYSCFG_DL_PC_init</name>
         <load_address>0x68f0</load_address>
         <readonly>true</readonly>
         <executable>true</executable>
         <run_address>0x68f0</run_address>
         <size>0x54</size>
         <alignment>0x4</alignment>
         <input_file_ref idref="fl-1"/>
      </object_component>
      <object_component id="oc-364">
         <name>.text._ecpy</name>
         <load_address>0x6944</load_address>
         <readonly>true</readonly>
         <executable>true</executable>
         <run_address>0x6944</run_address>
         <size>0x52</size>
         <alignment>0x2</alignment>
         <input_file_ref idref="fl-50"/>
      </object_component>
      <object_component id="oc-1fa">
         <name>.text.DL_I2C_startControllerTransfer</name>
         <load_address>0x6998</load_address>
         <readonly>true</readonly>
         <executable>true</executable>
         <run_address>0x6998</run_address>
         <size>0x50</size>
         <alignment>0x4</alignment>
         <input_file_ref idref="fl-6"/>
      </object_component>
      <object_component id="oc-10b">
         <name>.text.SysTick_Config</name>
         <load_address>0x69e8</load_address>
         <readonly>true</readonly>
         <executable>true</executable>
         <run_address>0x69e8</run_address>
         <size>0x50</size>
         <alignment>0x4</alignment>
         <input_file_ref idref="fl-4"/>
      </object_component>
      <object_component id="oc-1ea">
         <name>.text.DL_UART_setBaudRateDivisor</name>
         <load_address>0x6a38</load_address>
         <readonly>true</readonly>
         <executable>true</executable>
         <run_address>0x6a38</run_address>
         <size>0x4c</size>
         <alignment>0x4</alignment>
         <input_file_ref idref="fl-1"/>
      </object_component>
      <object_component id="oc-18b">
         <name>.text.SMotor_Turn_Degree</name>
         <load_address>0x6a84</load_address>
         <readonly>true</readonly>
         <executable>true</executable>
         <run_address>0x6a84</run_address>
         <size>0x4c</size>
         <alignment>0x2</alignment>
         <input_file_ref idref="fl-b"/>
      </object_component>
      <object_component id="oc-bd">
         <name>.text.SYSCFG_DL_init</name>
         <load_address>0x6ad0</load_address>
         <readonly>true</readonly>
         <executable>true</executable>
         <run_address>0x6ad0</run_address>
         <size>0x4c</size>
         <alignment>0x4</alignment>
         <input_file_ref idref="fl-1"/>
      </object_component>
      <object_component id="oc-2d5">
         <name>.text.__fixdfsi</name>
         <load_address>0x6b1c</load_address>
         <readonly>true</readonly>
         <executable>true</executable>
         <run_address>0x6b1c</run_address>
         <size>0x4a</size>
         <alignment>0x4</alignment>
         <input_file_ref idref="fl-11f"/>
      </object_component>
      <object_component id="oc-1e8">
         <name>.text.DL_UART_init</name>
         <load_address>0x6b68</load_address>
         <readonly>true</readonly>
         <executable>true</executable>
         <run_address>0x6b68</run_address>
         <size>0x48</size>
         <alignment>0x4</alignment>
         <input_file_ref idref="fl-20"/>
      </object_component>
      <object_component id="oc-d2">
         <name>.text.Page_Calib</name>
         <load_address>0x6bb0</load_address>
         <readonly>true</readonly>
         <executable>true</executable>
         <run_address>0x6bb0</run_address>
         <size>0x48</size>
         <alignment>0x4</alignment>
         <input_file_ref idref="fl-a"/>
      </object_component>
      <object_component id="oc-44">
         <name>.text.TIMA1_IRQHandler</name>
         <load_address>0x6bf8</load_address>
         <readonly>true</readonly>
         <executable>true</executable>
         <run_address>0x6bf8</run_address>
         <size>0x48</size>
         <alignment>0x4</alignment>
         <input_file_ref idref="fl-b"/>
      </object_component>
      <object_component id="oc-3f">
         <name>.text.TIMG6_IRQHandler</name>
         <load_address>0x6c40</load_address>
         <readonly>true</readonly>
         <executable>true</executable>
         <run_address>0x6c40</run_address>
         <size>0x48</size>
         <alignment>0x4</alignment>
         <input_file_ref idref="fl-b"/>
      </object_component>
      <object_component id="oc-250">
         <name>.text.Constrain_Float</name>
         <load_address>0x6c88</load_address>
         <readonly>true</readonly>
         <executable>true</executable>
         <run_address>0x6c88</run_address>
         <size>0x44</size>
         <alignment>0x2</alignment>
         <input_file_ref idref="fl-8"/>
      </object_component>
      <object_component id="oc-1c4">
         <name>.text.DL_SYSCTL_switchMCLKfromSYSOSCtoHSCLK</name>
         <load_address>0x6ccc</load_address>
         <readonly>true</readonly>
         <executable>true</executable>
         <run_address>0x6ccc</run_address>
         <size>0x44</size>
         <alignment>0x4</alignment>
         <input_file_ref idref="fl-21"/>
      </object_component>
      <object_component id="oc-269">
         <name>.text.Queue_Full</name>
         <load_address>0x6d10</load_address>
         <readonly>true</readonly>
         <executable>true</executable>
         <run_address>0x6d10</run_address>
         <size>0x44</size>
         <alignment>0x2</alignment>
         <input_file_ref idref="fl-9"/>
      </object_component>
      <object_component id="oc-153">
         <name>.text.SMotor_Turn_To</name>
         <load_address>0x6d54</load_address>
         <readonly>true</readonly>
         <executable>true</executable>
         <run_address>0x6d54</run_address>
         <size>0x44</size>
         <alignment>0x4</alignment>
         <input_file_ref idref="fl-b"/>
      </object_component>
      <object_component id="oc-1f1">
         <name>.text.mspm0_i2c_disable</name>
         <load_address>0x6d98</load_address>
         <readonly>true</readonly>
         <executable>true</executable>
         <run_address>0x6d98</run_address>
         <size>0x44</size>
         <alignment>0x4</alignment>
         <input_file_ref idref="fl-6"/>
      </object_component>
      <object_component id="oc-26a">
         <name>.text.__aeabi_uidivmod</name>
         <load_address>0x6ddc</load_address>
         <readonly>true</readonly>
         <executable>true</executable>
         <run_address>0x6ddc</run_address>
         <size>0x40</size>
         <alignment>0x4</alignment>
         <input_file_ref idref="fl-12c"/>
      </object_component>
      <object_component id="oc-154">
         <name>.text.__extendsfdf2</name>
         <load_address>0x6e1c</load_address>
         <readonly>true</readonly>
         <executable>true</executable>
         <run_address>0x6e1c</run_address>
         <size>0x40</size>
         <alignment>0x4</alignment>
         <input_file_ref idref="fl-11e"/>
      </object_component>
      <object_component id="oc-2a9">
         <name>.text.atoi</name>
         <load_address>0x6e5c</load_address>
         <readonly>true</readonly>
         <executable>true</executable>
         <run_address>0x6e5c</run_address>
         <size>0x40</size>
         <alignment>0x4</alignment>
         <input_file_ref idref="fl-43"/>
      </object_component>
      <object_component id="oc-28c">
         <name>.text.DL_GPIO_initPeripheralInputFunctionFeatures</name>
         <load_address>0x6e9c</load_address>
         <readonly>true</readonly>
         <executable>true</executable>
         <run_address>0x6e9c</run_address>
         <size>0x3c</size>
         <alignment>0x4</alignment>
         <input_file_ref idref="fl-6"/>
      </object_component>
      <object_component id="oc-1b1">
         <name>.text.DL_GPIO_initPeripheralInputFunctionFeatures</name>
         <load_address>0x6ed8</load_address>
         <readonly>true</readonly>
         <executable>true</executable>
         <run_address>0x6ed8</run_address>
         <size>0x3c</size>
         <alignment>0x4</alignment>
         <input_file_ref idref="fl-1"/>
      </object_component>
      <object_component id="oc-1c8">
         <name>.text.DL_Timer_setCounterControl</name>
         <load_address>0x6f14</load_address>
         <readonly>true</readonly>
         <executable>true</executable>
         <run_address>0x6f14</run_address>
         <size>0x3c</size>
         <alignment>0x4</alignment>
         <input_file_ref idref="fl-1"/>
      </object_component>
      <object_component id="oc-297">
         <name>.text.OLED_Set_Pos</name>
         <load_address>0x6f50</load_address>
         <readonly>true</readonly>
         <executable>true</executable>
         <run_address>0x6f50</run_address>
         <size>0x3c</size>
         <alignment>0x2</alignment>
         <input_file_ref idref="fl-6"/>
      </object_component>
      <object_component id="oc-fe">
         <name>.text.SYSCFG_DL_SYSCTL_init</name>
         <load_address>0x6f8c</load_address>
         <readonly>true</readonly>
         <executable>true</executable>
         <run_address>0x6f8c</run_address>
         <size>0x3c</size>
         <alignment>0x4</alignment>
         <input_file_ref idref="fl-1"/>
      </object_component>
      <object_component id="oc-17c">
         <name>.text.__floatsisf</name>
         <load_address>0x6fc8</load_address>
         <readonly>true</readonly>
         <executable>true</executable>
         <run_address>0x6fc8</run_address>
         <size>0x3c</size>
         <alignment>0x4</alignment>
         <input_file_ref idref="fl-123"/>
      </object_component>
      <object_component id="oc-24a">
         <name>.text.__gtsf2</name>
         <load_address>0x7004</load_address>
         <readonly>true</readonly>
         <executable>true</executable>
         <run_address>0x7004</run_address>
         <size>0x3c</size>
         <alignment>0x4</alignment>
         <input_file_ref idref="fl-12e"/>
      </object_component>
      <object_component id="oc-e1">
         <name>.text:__TI_auto_init_nobinit_nopinit</name>
         <load_address>0x7040</load_address>
         <readonly>true</readonly>
         <executable>true</executable>
         <run_address>0x7040</run_address>
         <size>0x3c</size>
         <alignment>0x4</alignment>
         <input_file_ref idref="fl-4a"/>
      </object_component>
      <object_component id="oc-245">
         <name>.text.__eqsf2</name>
         <load_address>0x707c</load_address>
         <readonly>true</readonly>
         <executable>true</executable>
         <run_address>0x707c</run_address>
         <size>0x3a</size>
         <alignment>0x4</alignment>
         <input_file_ref idref="fl-12e"/>
      </object_component>
      <object_component id="oc-290">
         <name>.text.__muldsi3</name>
         <load_address>0x70b8</load_address>
         <readonly>true</readonly>
         <executable>true</executable>
         <run_address>0x70b8</run_address>
         <size>0x3a</size>
         <alignment>0x4</alignment>
         <input_file_ref idref="fl-11a"/>
      </object_component>
      <object_component id="oc-222">
         <name>.text.Motor_Stop</name>
         <load_address>0x70f4</load_address>
         <readonly>true</readonly>
         <executable>true</executable>
         <run_address>0x70f4</run_address>
         <size>0x38</size>
         <alignment>0x4</alignment>
         <input_file_ref idref="fl-c"/>
      </object_component>
      <object_component id="oc-270">
         <name>.text.__fixsfsi</name>
         <load_address>0x712c</load_address>
         <readonly>true</readonly>
         <executable>true</executable>
         <run_address>0x712c</run_address>
         <size>0x38</size>
         <alignment>0x4</alignment>
         <input_file_ref idref="fl-120"/>
      </object_component>
      <object_component id="oc-13a">
         <name>.text.sprintf</name>
         <load_address>0x7164</load_address>
         <readonly>true</readonly>
         <executable>true</executable>
         <run_address>0x7164</run_address>
         <size>0x38</size>
         <alignment>0x4</alignment>
         <input_file_ref idref="fl-38"/>
      </object_component>
      <object_component id="oc-180">
         <name>.text.Queue_Empty</name>
         <load_address>0x719c</load_address>
         <readonly>true</readonly>
         <executable>true</executable>
         <run_address>0x719c</run_address>
         <size>0x36</size>
         <alignment>0x2</alignment>
         <input_file_ref idref="fl-9"/>
      </object_component>
      <object_component id="oc-28a">
         <name>.text.DL_GPIO_initDigitalInputFeatures</name>
         <load_address>0x71d4</load_address>
         <readonly>true</readonly>
         <executable>true</executable>
         <run_address>0x71d4</run_address>
         <size>0x34</size>
         <alignment>0x4</alignment>
         <input_file_ref idref="fl-6"/>
      </object_component>
      <object_component id="oc-1b5">
         <name>.text.DL_GPIO_initDigitalInputFeatures</name>
         <load_address>0x7208</load_address>
         <readonly>true</readonly>
         <executable>true</executable>
         <run_address>0x7208</run_address>
         <size>0x34</size>
         <alignment>0x4</alignment>
         <input_file_ref idref="fl-1"/>
      </object_component>
      <object_component id="oc-205">
         <name>.text.__fixunssfsi</name>
         <load_address>0x723c</load_address>
         <readonly>true</readonly>
         <executable>true</executable>
         <run_address>0x723c</run_address>
         <size>0x32</size>
         <alignment>0x4</alignment>
         <input_file_ref idref="fl-121"/>
      </object_component>
      <object_component id="oc-146">
         <name>.text.Beep</name>
         <load_address>0x7270</load_address>
         <readonly>true</readonly>
         <executable>true</executable>
         <run_address>0x7270</run_address>
         <size>0x30</size>
         <alignment>0x4</alignment>
         <input_file_ref idref="fl-a"/>
      </object_component>
      <object_component id="oc-3a">
         <name>.text.UART2_IRQHandler</name>
         <load_address>0x72a0</load_address>
         <readonly>true</readonly>
         <executable>true</executable>
         <run_address>0x72a0</run_address>
         <size>0x30</size>
         <alignment>0x4</alignment>
         <input_file_ref idref="fl-a"/>
      </object_component>
      <object_component id="oc-365">
         <name>.text._fcpy</name>
         <load_address>0x72d0</load_address>
         <readonly>true</readonly>
         <executable>true</executable>
         <run_address>0x72d0</run_address>
         <size>0x30</size>
         <alignment>0x2</alignment>
         <input_file_ref idref="fl-50"/>
      </object_component>
      <object_component id="oc-145">
         <name>.text.mspm0_delay_ms</name>
         <load_address>0x7300</load_address>
         <readonly>true</readonly>
         <executable>true</executable>
         <run_address>0x7300</run_address>
         <size>0x30</size>
         <alignment>0x4</alignment>
         <input_file_ref idref="fl-4"/>
      </object_component>
      <object_component id="oc-141">
         <name>.text.Motor_Stop_All</name>
         <load_address>0x7330</load_address>
         <readonly>true</readonly>
         <executable>true</executable>
         <run_address>0x7330</run_address>
         <size>0x2c</size>
         <alignment>0x4</alignment>
         <input_file_ref idref="fl-a"/>
      </object_component>
      <object_component id="oc-102">
         <name>.text.SYSCFG_DL_MOTOR_TIM_INST_init</name>
         <load_address>0x735c</load_address>
         <readonly>true</readonly>
         <executable>true</executable>
         <run_address>0x735c</run_address>
         <size>0x2c</size>
         <alignment>0x4</alignment>
         <input_file_ref idref="fl-1"/>
      </object_component>
      <object_component id="oc-114">
         <name>.text.__NVIC_EnableIRQ</name>
         <load_address>0x7388</load_address>
         <readonly>true</readonly>
         <executable>true</executable>
         <run_address>0x7388</run_address>
         <size>0x2c</size>
         <alignment>0x4</alignment>
         <input_file_ref idref="fl-5"/>
      </object_component>
      <object_component id="oc-d0">
         <name>.text.__NVIC_EnableIRQ</name>
         <load_address>0x73b4</load_address>
         <readonly>true</readonly>
         <executable>true</executable>
         <run_address>0x73b4</run_address>
         <size>0x2c</size>
         <alignment>0x4</alignment>
         <input_file_ref idref="fl-3"/>
      </object_component>
      <object_component id="oc-122">
         <name>.text.__NVIC_EnableIRQ</name>
         <load_address>0x73e0</load_address>
         <readonly>true</readonly>
         <executable>true</executable>
         <run_address>0x73e0</run_address>
         <size>0x2c</size>
         <alignment>0x4</alignment>
         <input_file_ref idref="fl-b"/>
      </object_component>
      <object_component id="oc-223">
         <name>.text.__floatsidf</name>
         <load_address>0x740c</load_address>
         <readonly>true</readonly>
         <executable>true</executable>
         <run_address>0x740c</run_address>
         <size>0x2c</size>
         <alignment>0x4</alignment>
         <input_file_ref idref="fl-122"/>
      </object_component>
      <object_component id="oc-1f6">
         <name>.text.mspm0_get_clock_ms</name>
         <load_address>0x7438</load_address>
         <readonly>true</readonly>
         <executable>true</executable>
         <run_address>0x7438</run_address>
         <size>0x2c</size>
         <alignment>0x4</alignment>
         <input_file_ref idref="fl-4"/>
      </object_component>
      <object_component id="oc-28f">
         <name>.text.DL_Common_updateReg</name>
         <load_address>0x7464</load_address>
         <readonly>true</readonly>
         <executable>true</executable>
         <run_address>0x7464</run_address>
         <size>0x28</size>
         <alignment>0x2</alignment>
         <input_file_ref idref="fl-6"/>
      </object_component>
      <object_component id="oc-283">
         <name>.text.DL_Common_updateReg</name>
         <load_address>0x748c</load_address>
         <readonly>true</readonly>
         <executable>true</executable>
         <run_address>0x748c</run_address>
         <size>0x28</size>
         <alignment>0x2</alignment>
         <input_file_ref idref="fl-1"/>
      </object_component>
      <object_component id="oc-1e3">
         <name>.text.DL_I2C_setControllerRXFIFOThreshold</name>
         <load_address>0x74b4</load_address>
         <readonly>true</readonly>
         <executable>true</executable>
         <run_address>0x74b4</run_address>
         <size>0x28</size>
         <alignment>0x4</alignment>
         <input_file_ref idref="fl-1"/>
      </object_component>
      <object_component id="oc-1e2">
         <name>.text.DL_I2C_setControllerTXFIFOThreshold</name>
         <load_address>0x74dc</load_address>
         <readonly>true</readonly>
[...]
         <object_component_ref idref="oc-1e7"/>
      </symbol>
      <symbol id="sm-3b4">
         <name>DL_UART_receiveDataBlocking</name>
         <value>0x76bd</value>
         <object_component_ref idref="oc-6d"/>
      </symbol>
      <symbol id="sm-3b5">
         <name>DL_UART_transmitDataBlocking</name>
         <value>0x76dd</value>
         <object_component_ref idref="oc-174"/>
      </symbol>
      <symbol id="sm-3c3">
         <name>DL_SYSCTL_configSYSPLL</name>
         <value>0x4f19</value>
         <object_component_ref idref="oc-1bd"/>
      </symbol>
      <symbol id="sm-3c4">
         <name>DL_SYSCTL_switchMCLKfromSYSOSCtoHSCLK</name>
         <value>0x6ccd</value>
         <object_component_ref idref="oc-1c4"/>
      </symbol>
      <symbol id="sm-3d5">
         <name>sprintf</name>
         <value>0x7165</value>
         <object_component_ref idref="oc-13a"/>
      </symbol>
      <symbol id="sm-40a">
         <name>pow</name>
         <value>0x109d</value>
         <object_component_ref idref="oc-23b"/>
      </symbol>
      <symbol id="sm-40b">
         <name>powl</name>
         <value>0x109d</value>
         <object_component_ref idref="oc-23b"/>
      </symbol>
      <symbol id="sm-415">
         <name>sqrt</name>
         <value>0x3d41</value>
         <object_component_ref idref="oc-2c2"/>
      </symbol>
      <symbol id="sm-416">
         <name>sqrtl</name>
         <value>0x3d41</value>
         <object_component_ref idref="oc-2c2"/>
      </symbol>
      <symbol id="sm-439">
         <name>cos</name>
         <value>0x2f51</value>
         <object_component_ref idref="oc-25b"/>
      </symbol>
      <symbol id="sm-43a">
         <name>cosl</name>
         <value>0x2f51</value>
         <object_component_ref idref="oc-25b"/>
      </symbol>
      <symbol id="sm-444">
         <name>scalbn</name>
         <value>0x527d</value>
         <object_component_ref idref="oc-2bd"/>
      </symbol>
      <symbol id="sm-445">
         <name>ldexp</name>
         <value>0x527d</value>
         <object_component_ref idref="oc-2bd"/>
      </symbol>
      <symbol id="sm-446">
         <name>scalbnl</name>
         <value>0x527d</value>
         <object_component_ref idref="oc-2bd"/>
      </symbol>
      <symbol id="sm-447">
         <name>ldexpl</name>
         <value>0x527d</value>
         <object_component_ref idref="oc-2bd"/>
      </symbol>
      <symbol id="sm-467">
         <name>sin</name>
         <value>0x2af9</value>
         <object_component_ref idref="oc-261"/>
      </symbol>
      <symbol id="sm-468">
         <name>sinl</name>
         <value>0x2af9</value>
         <object_component_ref idref="oc-261"/>
      </symbol>
      <symbol id="sm-472">
         <name>sqrtf</name>
         <value>0x58f1</value>
         <object_component_ref idref="oc-241"/>
      </symbol>
      <symbol id="sm-473">
         <name>__aeabi_ctype_table_</name>
         <value>0x8990</value>
         <object_component_ref idref="oc-324"/>
      </symbol>
      <symbol id="sm-474">
         <name>__aeabi_ctype_table_C</name>
         <value>0x8990</value>
         <object_component_ref idref="oc-324"/>
      </symbol>
      <symbol id="sm-47f">
         <name>__aeabi_errno_addr</name>
         <value>0x7fcd</value>
         <object_component_ref idref="oc-2ae"/>
      </symbol>
      <symbol id="sm-480">
         <name>__aeabi_errno</name>
         <value>0x202046a4</value>
         <object_component_ref idref="oc-328"/>
      </symbol>
      <symbol id="sm-48b">
         <name>atoi</name>
         <value>0x6e5d</value>
         <object_component_ref idref="oc-2a9"/>
      </symbol>
      <symbol id="sm-496">
         <name>strlen</name>
         <value>0x7f15</value>
         <object_component_ref idref="oc-166"/>
      </symbol>
      <symbol id="sm-4b2">
         <name>__kernel_rem_pio2</name>
         <value>0x24b5</value>
         <object_component_ref idref="oc-2e6"/>
      </symbol>
      <symbol id="sm-4bd">
         <name>_c_int00_noargs</name>
         <value>0x752d</value>
         <object_component_ref idref="oc-60"/>
      </symbol>
      <symbol id="sm-4be">
         <name>__stack</name>
         <value>0x20207e00</value>
         <object_component_ref idref="oc-1a"/>
      </symbol>
      <symbol id="sm-4cd">
         <name>__TI_auto_init_nobinit_nopinit</name>
         <value>0x7041</value>
         <object_component_ref idref="oc-e1"/>
      </symbol>
      <symbol id="sm-4d5">
         <name>_system_pre_init</name>
         <value>0x8061</value>
         <object_component_ref idref="oc-8b"/>
      </symbol>
      <symbol id="sm-4e0">
         <name>__TI_zero_init</name>
         <value>0x7e9d</value>
         <object_component_ref idref="oc-5d"/>
      </symbol>
      <symbol id="sm-4e9">
         <name>__TI_decompress_none</name>
         <value>0x7e19</value>
         <object_component_ref idref="oc-20"/>
      </symbol>
      <symbol id="sm-4f4">
         <name>__TI_decompress_lzss</name>
         <value>0x5e51</value>
         <object_component_ref idref="oc-1c"/>
      </symbol>
      <symbol id="sm-53d">
         <name>__TI_printfi</name>
         <value>0x1ae5</value>
         <object_component_ref idref="oc-2a1"/>
      </symbol>
      <symbol id="sm-550">
         <name>__kernel_cos</name>
         <value>0x4019</value>
         <object_component_ref idref="oc-2d9"/>
      </symbol>
      <symbol id="sm-55e">
         <name>__kernel_sin</name>
         <value>0x3eb1</value>
         <object_component_ref idref="oc-2ef"/>
      </symbol>
      <symbol id="sm-56b">
         <name>floor</name>
         <value>0x4169</value>
         <object_component_ref idref="oc-33d"/>
      </symbol>
      <symbol id="sm-56c">
         <name>floorl</name>
         <value>0x4169</value>
         <object_component_ref idref="oc-33d"/>
      </symbol>
      <symbol id="sm-576">
         <name>frexp</name>
         <value>0x6685</value>
         <object_component_ref idref="oc-35a"/>
      </symbol>
      <symbol id="sm-577">
         <name>frexpl</name>
         <value>0x6685</value>
         <object_component_ref idref="oc-35a"/>
      </symbol>
      <symbol id="sm-580">
         <name>wcslen</name>
         <value>0x7e8d</value>
         <object_component_ref idref="oc-312"/>
      </symbol>
      <symbol id="sm-58a">
         <name>abort</name>
         <value>0x801f</value>
         <object_component_ref idref="oc-da"/>
      </symbol>
      <symbol id="sm-594">
         <name>__TI_ltoa</name>
         <value>0x6795</value>
         <object_component_ref idref="oc-35e"/>
      </symbol>
      <symbol id="sm-59e">
         <name>memccpy</name>
         <value>0x7659</value>
         <object_component_ref idref="oc-30b"/>
      </symbol>
      <symbol id="sm-5ae">
         <name>HOSTexit</name>
         <value>0x8029</value>
         <object_component_ref idref="oc-192"/>
      </symbol>
      <symbol id="sm-5af">
         <name>C$$EXIT</name>
         <value>0x8028</value>
         <object_component_ref idref="oc-192"/>
      </symbol>
      <symbol id="sm-5c4">
         <name>__aeabi_fadd</name>
         <value>0x535f</value>
         <object_component_ref idref="oc-24c"/>
      </symbol>
      <symbol id="sm-5c5">
         <name>__addsf3</name>
         <value>0x535f</value>
         <object_component_ref idref="oc-24c"/>
      </symbol>
      <symbol id="sm-5c6">
         <name>__aeabi_fsub</name>
         <value>0x5355</value>
         <object_component_ref idref="oc-24c"/>
      </symbol>
      <symbol id="sm-5c7">
         <name>__subsf3</name>
         <value>0x5355</value>
         <object_component_ref idref="oc-24c"/>
      </symbol>
      <symbol id="sm-5cd">
         <name>__aeabi_dadd</name>
         <value>0x3bb7</value>
         <object_component_ref idref="oc-234"/>
      </symbol>
      <symbol id="sm-5ce">
         <name>__adddf3</name>
         <value>0x3bb7</value>
         <object_component_ref idref="oc-234"/>
      </symbol>
      <symbol id="sm-5cf">
         <name>__aeabi_dsub</name>
         <value>0x3bad</value>
         <object_component_ref idref="oc-234"/>
      </symbol>
      <symbol id="sm-5d0">
         <name>__subdf3</name>
         <value>0x3bad</value>
         <object_component_ref idref="oc-234"/>
      </symbol>
      <symbol id="sm-5dc">
         <name>__aeabi_dmul</name>
         <value>0x4e35</value>
         <object_component_ref idref="oc-230"/>
      </symbol>
      <symbol id="sm-5dd">
         <name>__muldf3</name>
         <value>0x4e35</value>
         <object_component_ref idref="oc-230"/>
      </symbol>
      <symbol id="sm-5e6">
         <name>__muldsi3</name>
         <value>0x70b9</value>
         <object_component_ref idref="oc-290"/>
      </symbol>
      <symbol id="sm-5ec">
         <name>__aeabi_fmul</name>
         <value>0x5abd</value>
         <object_component_ref idref="oc-1fd"/>
      </symbol>
      <symbol id="sm-5ed">
         <name>__mulsf3</name>
         <value>0x5abd</value>
         <object_component_ref idref="oc-1fd"/>
      </symbol>
      <symbol id="sm-5f3">
         <name>__aeabi_fdiv</name>
         <value>0x5c51</value>
         <object_component_ref idref="oc-201"/>
      </symbol>
      <symbol id="sm-5f4">
         <name>__divsf3</name>
         <value>0x5c51</value>
         <object_component_ref idref="oc-201"/>
      </symbol>
      <symbol id="sm-5fa">
         <name>__aeabi_ddiv</name>
         <value>0x4851</value>
         <object_component_ref idref="oc-227"/>
      </symbol>
      <symbol id="sm-5fb">
         <name>__divdf3</name>
         <value>0x4851</value>
         <object_component_ref idref="oc-227"/>
      </symbol>
      <symbol id="sm-601">
         <name>__aeabi_f2d</name>
         <value>0x6e1d</value>
         <object_component_ref idref="oc-154"/>
      </symbol>
      <symbol id="sm-602">
         <name>__extendsfdf2</name>
         <value>0x6e1d</value>
         <object_component_ref idref="oc-154"/>
      </symbol>
      <symbol id="sm-608">
         <name>__aeabi_d2iz</name>
         <value>0x6b1d</value>
         <object_component_ref idref="oc-2d5"/>
      </symbol>
      <symbol id="sm-609">
         <name>__fixdfsi</name>
         <value>0x6b1d</value>
         <object_component_ref idref="oc-2d5"/>
      </symbol>
      <symbol id="sm-60f">
         <name>__aeabi_f2iz</name>
         <value>0x712d</value>
         <object_component_ref idref="oc-270"/>
      </symbol>
      <symbol id="sm-610">
         <name>__fixsfsi</name>
         <value>0x712d</value>
         <object_component_ref idref="oc-270"/>
      </symbol>
      <symbol id="sm-616">
         <name>__aeabi_f2uiz</name>
         <value>0x723d</value>
         <object_component_ref idref="oc-205"/>
      </symbol>
      <symbol id="sm-617">
         <name>__fixunssfsi</name>
         <value>0x723d</value>
         <object_component_ref idref="oc-205"/>
      </symbol>
      <symbol id="sm-61d">
         <name>__aeabi_i2d</name>
         <value>0x740d</value>
         <object_component_ref idref="oc-223"/>
      </symbol>
      <symbol id="sm-61e">
         <name>__floatsidf</name>
         <value>0x740d</value>
         <object_component_ref idref="oc-223"/>
      </symbol>
      <symbol id="sm-624">
         <name>__aeabi_i2f</name>
         <value>0x6fc9</value>
         <object_component_ref idref="oc-17c"/>
      </symbol>
      <symbol id="sm-625">
         <name>__floatsisf</name>
         <value>0x6fc9</value>
         <object_component_ref idref="oc-17c"/>
      </symbol>
      <symbol id="sm-62b">
         <name>__aeabi_ui2f</name>
         <value>0x7505</value>
         <object_component_ref idref="oc-118"/>
      </symbol>
      <symbol id="sm-62c">
         <name>__floatunsisf</name>
         <value>0x7505</value>
         <object_component_ref idref="oc-118"/>
      </symbol>
      <symbol id="sm-632">
         <name>__aeabi_lmul</name>
         <value>0x7635</value>
         <object_component_ref idref="oc-316"/>
      </symbol>
      <symbol id="sm-633">
         <name>__muldi3</name>
         <value>0x7635</value>
         <object_component_ref idref="oc-316"/>
      </symbol>
      <symbol id="sm-63a">
         <name>__aeabi_d2f</name>
         <value>0x6031</value>
         <object_component_ref idref="oc-22b"/>
      </symbol>
      <symbol id="sm-63b">
         <name>__truncdfsf2</name>
         <value>0x6031</value>
         <object_component_ref idref="oc-22b"/>
      </symbol>
      <symbol id="sm-641">
         <name>__aeabi_dcmpeq</name>
         <value>0x63e9</value>
         <object_component_ref idref="oc-253"/>
      </symbol>
      <symbol id="sm-642">
         <name>__aeabi_dcmplt</name>
         <value>0x63fd</value>
         <object_component_ref idref="oc-253"/>
      </symbol>
      <symbol id="sm-643">
         <name>__aeabi_dcmple</name>
         <value>0x6411</value>
         <object_component_ref idref="oc-253"/>
      </symbol>
      <symbol id="sm-644">
         <name>__aeabi_dcmpge</name>
         <value>0x6425</value>
         <object_component_ref idref="oc-253"/>
      </symbol>
      <symbol id="sm-645">
         <name>__aeabi_dcmpgt</name>
         <value>0x6439</value>
         <object_component_ref idref="oc-253"/>
      </symbol>
      <symbol id="sm-64b">
         <name>__aeabi_fcmpeq</name>
         <value>0x644d</value>
         <object_component_ref idref="oc-149"/>
      </symbol>
      <symbol id="sm-64c">
         <name>__aeabi_fcmplt</name>
         <value>0x6461</value>
         <object_component_ref idref="oc-149"/>
      </symbol>
      <symbol id="sm-64d">
         <name>__aeabi_fcmple</name>
         <value>0x6475</value>
         <object_component_ref idref="oc-149"/>
      </symbol>
      <symbol id="sm-64e">
         <name>__aeabi_fcmpge</name>
         <value>0x6489</value>
         <object_component_ref idref="oc-149"/>
      </symbol>
      <symbol id="sm-64f">
         <name>__aeabi_fcmpgt</name>
         <value>0x649d</value>
         <object_component_ref idref="oc-149"/>
      </symbol>
      <symbol id="sm-655">
         <name>__aeabi_idiv</name>
         <value>0x6845</value>
         <object_component_ref idref="oc-338"/>
      </symbol>
      <symbol id="sm-656">
         <name>__aeabi_idivmod</name>
         <value>0x6845</value>
         <object_component_ref idref="oc-338"/>
      </symbol>
      <symbol id="sm-65c">
         <name>__aeabi_memcpy</name>
         <value>0x7fd5</value>
         <object_component_ref idref="oc-50"/>
      </symbol>
      <symbol id="sm-65d">
         <name>__aeabi_memcpy4</name>
         <value>0x7fd5</value>
         <object_component_ref idref="oc-50"/>
      </symbol>
      <symbol id="sm-65e">
         <name>__aeabi_memcpy8</name>
         <value>0x7fd5</value>
         <object_component_ref idref="oc-50"/>
      </symbol>
      <symbol id="sm-667">
         <name>__aeabi_memset</name>
         <value>0x7ef9</value>
         <object_component_ref idref="oc-30a"/>
      </symbol>
      <symbol id="sm-668">
         <name>__aeabi_memset4</name>
         <value>0x7ef9</value>
         <object_component_ref idref="oc-30a"/>
      </symbol>
      <symbol id="sm-669">
         <name>__aeabi_memset8</name>
         <value>0x7ef9</value>
         <object_component_ref idref="oc-30a"/>
      </symbol>
      <symbol id="sm-66a">
         <name>__aeabi_memclr</name>
         <value>0x7f31</value>
         <object_component_ref idref="oc-86"/>
      </symbol>
      <symbol id="sm-66b">
         <name>__aeabi_memclr4</name>
         <value>0x7f31</value>
         <object_component_ref idref="oc-86"/>
      </symbol>
      <symbol id="sm-66c">
         <name>__aeabi_memclr8</name>
         <value>0x7f31</value>
         <object_component_ref idref="oc-86"/>
      </symbol>
      <symbol id="sm-672">
         <name>__aeabi_uidiv</name>
         <value>0x6ddd</value>
         <object_component_ref idref="oc-26a"/>
      </symbol>
      <symbol id="sm-673">
         <name>__aeabi_uidivmod</name>
         <value>0x6ddd</value>
         <object_component_ref idref="oc-26a"/>
      </symbol>
      <symbol id="sm-679">
         <name>__aeabi_uldivmod</name>
         <value>0x7da9</value>
         <object_component_ref idref="oc-31b"/>
      </symbol>
      <symbol id="sm-682">
         <name>__eqsf2</name>
         <value>0x707d</value>
         <object_component_ref idref="oc-245"/>
      </symbol>
      <symbol id="sm-683">
         <name>__lesf2</name>
         <value>0x707d</value>
         <object_component_ref idref="oc-245"/>
      </symbol>
      <symbol id="sm-684">
         <name>__ltsf2</name>
         <value>0x707d</value>
         <object_component_ref idref="oc-245"/>
      </symbol>
      <symbol id="sm-685">
         <name>__nesf2</name>
         <value>0x707d</value>
         <object_component_ref idref="oc-245"/>
      </symbol>
      <symbol id="sm-686">
         <name>__cmpsf2</name>
         <value>0x707d</value>
         <object_component_ref idref="oc-245"/>
      </symbol>
      <symbol id="sm-687">
         <name>__gtsf2</name>
         <value>0x7005</value>
         <object_component_ref idref="oc-24a"/>
      </symbol>
      <symbol id="sm-688">
         <name>__gesf2</name>
         <value>0x7005</value>
         <object_component_ref idref="oc-24a"/>
      </symbol>
      <symbol id="sm-68e">
         <name>__udivmoddi4</name>
         <value>0x57ad</value>
         <object_component_ref idref="oc-355"/>
      </symbol>
      <symbol id="sm-694">
         <name>__aeabi_llsl</name>
         <value>0x773d</value>
         <object_component_ref idref="oc-36e"/>
      </symbol>
      <symbol id="sm-695">
         <name>__ashldi3</name>
         <value>0x773d</value>
         <object_component_ref idref="oc-36e"/>
      </symbol>
      <symbol id="sm-6a3">
         <name>__ledf2</name>
         <value>0x6251</value>
         <object_component_ref idref="oc-2cd"/>
      </symbol>
      <symbol id="sm-6a4">
         <name>__gedf2</name>
         <value>0x5fbd</value>
         <object_component_ref idref="oc-2d3"/>
      </symbol>
      <symbol id="sm-6a5">
         <name>__cmpdf2</name>
         <value>0x6251</value>
         <object_component_ref idref="oc-2cd"/>
      </symbol>
      <symbol id="sm-6a6">
         <name>__eqdf2</name>
         <value>0x6251</value>
         <object_component_ref idref="oc-2cd"/>
      </symbol>
      <symbol id="sm-6a7">
         <name>__ltdf2</name>
         <value>0x6251</value>
         <object_component_ref idref="oc-2cd"/>
      </symbol>
      <symbol id="sm-6a8">
         <name>__nedf2</name>
         <value>0x6251</value>
         <object_component_ref idref="oc-2cd"/>
      </symbol>
      <symbol id="sm-6a9">
         <name>__gtdf2</name>
         <value>0x5fbd</value>
         <object_component_ref idref="oc-2d3"/>
      </symbol>
      <symbol id="sm-6b5">
         <name>__aeabi_idiv0</name>
         <value>0x3d3f</value>
         <object_component_ref idref="oc-2fe"/>
      </symbol>
      <symbol id="sm-6b6">
         <name>__aeabi_ldiv0</name>
         <value>0x4627</value>
         <object_component_ref idref="oc-36d"/>
      </symbol>
      <symbol id="sm-6c0">
         <name>TI_memcpy_small</name>
         <value>0x7e07</value>
         <object_component_ref idref="oc-b3"/>
      </symbol>
      <symbol id="sm-6c9">
         <name>TI_memset_small</name>
         <value>0x7f23</value>
         <object_component_ref idref="oc-f6"/>
      </symbol>
      <symbol id="sm-6ca">
         <name>__TI_static_base__</name>
         <value>0x0</value>
      </symbol>
      <symbol id="sm-6ce">
         <name>__mpu_init</name>
         <value>0x0</value>
      </symbol>
      <symbol id="sm-6cf">
         <name>_system_post_cinit</name>
         <value>0x0</value>
      </symbol>
   </symbol_table>
   <title>Link successful</title>
</link_info>
