******************************************************************************
            TI ARM Clang Linker PC v4.0.3                      
******************************************************************************
>> Linked Tue Jul 29 21:49:40 2025

OUTPUT FILE NAME:   <PurpleDraw.out>
ENTRY POINT SYMBOL: "_c_int00_noargs"  address: 00005689


MEMORY CONFIGURATION

         name            origin    length      used     unused   attr    fill
----------------------  --------  ---------  --------  --------  ----  --------
  FLASH                 00000000   00020000  00006cf8  00019308  R  X
  SRAM                  20200000   00008000  00004614  000039ec  RW X
  BCR_CONFIG            41c00000   000000ff  00000000  000000ff  R   
  BSL_CONFIG            41c00100   00000080  00000000  00000080  R   


SEGMENT ALLOCATION MAP

run origin  load origin   length   init length attrs members
----------  ----------- ---------- ----------- ----- -------
00000000    00000000    00006cf8   00006cf8    r-x
  00000000    00000000    000000c0   000000c0    r-- .intvecs
  000000c0    000000c0    00005fd0   00005fd0    r-x .text
  00006090    00006090    00000c20   00000c20    r-- .rodata
  00006cb0    00006cb0    00000048   00000048    r-- .cinit
20200000    20200000    00004414   00000000    rw-
  20200000    20200000    000043e4   00000000    rw- .bss
  202043e4    202043e4    00000030   00000000    rw- .data
20207e00    20207e00    00000200   00000000    rw-
  20207e00    20207e00    00000200   00000000    rw- .stack


SECTION ALLOCATION MAP

 output                                  attributes/
section   page    origin      length       input sections
--------  ----  ----------  ----------   ----------------
.intvecs   0    00000000    000000c0     
                  00000000    000000c0     startup_mspm0g350x_ticlang.o (.intvecs)

.text      0    000000c0    00005fd0     
                  000000c0    000009d0     libc.a : _printfi.c.obj (.text:__TI_printfi)
                  00000a90    00000644            : k_rem_pio2.c.obj (.text.__kernel_rem_pio2)
                  000010d4    00000458            : s_sin.c.obj (.text.sin)
                  0000152c    00000440            : s_cos.c.obj (.text.cos)
                  0000196c    000002f8            : s_atan.c.obj (.text.atan)
                  00001c64    00000220            : _printfi.c.obj (.text._pconv_a)
                  00001e84    0000021c     tb6612.o (.text.Motor_Init)
                  000020a0    00000204     ti_msp_dl_config.o (.text.SYSCFG_DL_GPIO_init)
                  000022a4    000001dc     libc.a : _printfi.c.obj (.text._pconv_g)
                  00002480    00000192     libclang_rt.builtins.a : adddf3.S.obj (.text.adddf3_subdf3)
                  00002612    00000002                            : aeabi_div0.c.obj (.text.__aeabi_idiv0)
                  00002614    00000168     libc.a : k_sin.c.obj (.text.__kernel_sin)
                  0000277c    00000150            : k_cos.c.obj (.text.__kernel_cos)
                  000028cc    00000144            : s_floor.c.obj (.text.floor)
                  00002a10    0000013c            : _printfi.c.obj (.text.fcvt)
                  00002b4c    00000120            : _printfi.c.obj (.text._pconv_e)
                  00002c6c    00000118     oled_hardware_i2c.o (.text.OLED_ShowChar)
                  00002d84    00000110     oled_hardware_i2c.o (.text.OLED_Init)
                  00002e94    0000010c     libclang_rt.builtins.a : divdf3.S.obj (.text.__divdf3)
                  00002fa0    00000104     driverlib.a : dl_timer.o (.text.DL_Timer_initFourCCPWMMode)
                  000030a4    000000fc     slave_control.o (.text.Page_Debug_Step_Hor)
                  000031a0    000000fc     slave_control.o (.text.Page_Debug_Step_Ver)
                  0000329c    000000e8     driverlib.a : dl_timer.o (.text.DL_Timer_initTimerMode)
                  00003384    000000e4     libclang_rt.builtins.a : muldf3.S.obj (.text.__muldf3)
                  00003468    000000dc     driverlib.a : dl_sysctl_mspm0g1x0x_g3x0x.o (.text.DL_SYSCTL_configSYSPLL)
                  00003544    000000d8     ti_msp_dl_config.o (.text.SYSCFG_DL_PWM_MOTOR_init)
                  0000361c    000000d8     keyboard.o (.text.Scan_Keyboard)
                  000036f4    000000d8     libc.a : s_scalbn.c.obj (.text.scalbn)
                  000037cc    000000d8     libclang_rt.builtins.a : addsf3.S.obj (.text)
                  000038a4    000000c8     slave_control.o (.text.Page_Home)
                  0000396c    000000c4     slave_control.o (.text.Draw_SinPI)
                  00003a30    000000b0     slave_control.o (.text.Page_Test)
                  00003ae0    000000b0     ti_msp_dl_config.o (.text.SYSCFG_DL_initPower)
                  00003b90    000000ac     yb_protocol.o (.text.Pto_Data_Receive)
                  00003c3c    000000a4     tb6600.o (.text.SMotor_Init)
                  00003ce0    000000a2     libclang_rt.builtins.a : udivmoddi4.S.obj (.text)
                  00003d82    00000002                            : aeabi_div0.c.obj (.text.__aeabi_ldiv0)
                  00003d84    000000a0     slave_control.o (.text.Page_Debug)
                  00003e24    00000098     oled_hardware_i2c.o (.text.OLED_WR_Byte)
                  00003ebc    00000094     tb6600.o (.text.SMotor_Set_Speed)
                  00003f50    00000090     main.o (.text.main)
                  00003fe0    0000008c     slave_control.o (.text.Real_To_Deg)
                  0000406c    0000008c     libclang_rt.builtins.a : mulsf3.S.obj (.text.__mulsf3)
                  000040f8    00000086     slave_control.o (.text.Constrain_Deg)
                  0000417e    00000002     --HOLE-- [fill = 0]
                  00004180    00000084     clock.o (.text.__NVIC_SetPriority)
                  00004204    00000084     ti_msp_dl_config.o (.text.__NVIC_SetPriority)
                  00004288    00000082     libclang_rt.builtins.a : divsf3.S.obj (.text.__divsf3)
                  0000430a    00000002     --HOLE-- [fill = 0]
                  0000430c    0000007c     libc.a : copy_decompress_lzss.c.obj (.text:decompress:lzss)
                  00004388    00000078     ti_msp_dl_config.o (.text.SYSCFG_DL_SM_PUL_HOR_init)
                  00004400    00000078     ti_msp_dl_config.o (.text.SYSCFG_DL_SM_PUL_VER_init)
                  00004478    00000074     libclang_rt.builtins.a : comparedf2.c.obj (.text.__gedf2)
                  000044ec    00000004     startup_mspm0g350x_ticlang.o (.text.Default_Handler)
                  000044f0    00000074     libclang_rt.builtins.a : truncdfsf2.S.obj (.text.__truncdfsf2)
                  00004564    00000070     oled_hardware_i2c.o (.text.OLED_ShowString)
                  000045d4    0000006a     oled_hardware_i2c.o (.text.OLED_Clear)
                  0000463e    00000002     --HOLE-- [fill = 0]
                  00004640    00000068     libclang_rt.builtins.a : comparedf2.c.obj (.text.__ledf2)
                  000046a8    00000066     libc.a : _printfi.c.obj (.text._mcpy)
                  0000470e    00000064     tb6600.o (.text.SMotor_Turn_Pulse)
                  00004772    00000002     --HOLE-- [fill = 0]
                  00004774    00000062     libclang_rt.builtins.a : aeabi_dcmp.S.obj (.text.__aeabi_dcmp)
                  000047d6    00000002     --HOLE-- [fill = 0]
                  000047d8    00000062                            : aeabi_fcmp.S.obj (.text.__aeabi_fcmp)
                  0000483a    00000002     --HOLE-- [fill = 0]
                  0000483c    00000060     oled_hardware_i2c.o (.text.oled_i2c_sda_unlock)
                  0000489c    0000005e     driverlib.a : dl_i2c.o (.text.DL_I2C_fillControllerTXFIFO)
                  000048fa    00000002     --HOLE-- [fill = 0]
                  000048fc    0000005c     libc.a : s_frexp.c.obj (.text.frexp)
                  00004958    0000005c     oled_hardware_i2c.o (.text.mspm0_i2c_enable)
                  000049b4    00000058     ti_msp_dl_config.o (.text.SYSCFG_DL_I2C_OLED_init)
                  00004a0c    00000058     libc.a : _ltoa.c.obj (.text.__TI_ltoa)
                  00004a64    00000058            : _printfi.c.obj (.text._pconv_f)
                  00004abc    00000056     libclang_rt.builtins.a : aeabi_idivmod.S.obj (.text.__aeabi_idivmod)
                  00004b12    00000002     --HOLE-- [fill = 0]
                  00004b14    00000054     ti_msp_dl_config.o (.text.SYSCFG_DL_K230_init)
                  00004b68    00000054     ti_msp_dl_config.o (.text.SYSCFG_DL_PC_init)
                  00004bbc    00000052     libc.a : _printfi.c.obj (.text._ecpy)
                  00004c0e    00000002     --HOLE-- [fill = 0]
                  00004c10    00000050     oled_hardware_i2c.o (.text.DL_I2C_startControllerTransfer)
                  00004c60    00000050     clock.o (.text.SysTick_Config)
                  00004cb0    0000004c     ti_msp_dl_config.o (.text.DL_UART_setBaudRateDivisor)
                  00004cfc    0000004c     slave_control.o (.text.Get_Deg_SinPI)
                  00004d48    0000004c     tb6600.o (.text.SMotor_Turn_Degree)
                  00004d94    0000004c     ti_msp_dl_config.o (.text.SYSCFG_DL_init)
                  00004de0    0000004a     libclang_rt.builtins.a : fixdfsi.S.obj (.text.__fixdfsi)
                  00004e2a    00000002     --HOLE-- [fill = 0]
                  00004e2c    00000048     driverlib.a : dl_uart.o (.text.DL_UART_init)
                  00004e74    00000048     slave_control.o (.text.Page_Calib)
                  00004ebc    00000048     tb6600.o (.text.TIMA1_IRQHandler)
                  00004f04    00000048     tb6600.o (.text.TIMG6_IRQHandler)
                  00004f4c    00000044     driverlib.a : dl_sysctl_mspm0g1x0x_g3x0x.o (.text.DL_SYSCTL_switchMCLKfromSYSOSCtoHSCLK)
                  00004f90    00000044     oled_hardware_i2c.o (.text.mspm0_i2c_disable)
                  00004fd4    00000040     libclang_rt.builtins.a : aeabi_uidivmod.S.obj (.text.__aeabi_uidivmod)
                  00005014    00000040                            : extendsfdf2.S.obj (.text.__extendsfdf2)
                  00005054    00000040     libc.a : atoi.c.obj (.text.atoi)
                  00005094    0000003c     oled_hardware_i2c.o (.text.DL_GPIO_initPeripheralInputFunctionFeatures)
                  000050d0    0000003c     ti_msp_dl_config.o (.text.DL_GPIO_initPeripheralInputFunctionFeatures)
                  0000510c    0000003c     ti_msp_dl_config.o (.text.DL_Timer_setCounterControl)
                  00005148    0000003c     oled_hardware_i2c.o (.text.OLED_Set_Pos)
                  00005184    0000003c     ti_msp_dl_config.o (.text.SYSCFG_DL_SYSCTL_init)
                  000051c0    0000003c     libclang_rt.builtins.a : floatsisf.S.obj (.text.__floatsisf)
                  000051fc    0000003c                            : comparesf2.S.obj (.text.__gtsf2)
                  00005238    0000003c     libc.a : autoinit.c.obj (.text:__TI_auto_init_nobinit_nopinit)
                  00005274    0000003a     libclang_rt.builtins.a : comparesf2.S.obj (.text.__eqsf2)
                  000052ae    00000002     --HOLE-- [fill = 0]
                  000052b0    0000003a                            : muldsi3.S.obj (.text.__muldsi3)
                  000052ea    00000002     --HOLE-- [fill = 0]
                  000052ec    00000038                            : fixsfsi.S.obj (.text.__fixsfsi)
                  00005324    00000038     libc.a : sprintf.c.obj (.text.sprintf)
                  0000535c    00000034     oled_hardware_i2c.o (.text.DL_GPIO_initDigitalInputFeatures)
                  00005390    00000034     ti_msp_dl_config.o (.text.DL_GPIO_initDigitalInputFeatures)
                  000053c4    00000032     libclang_rt.builtins.a : fixunssfsi.S.obj (.text.__fixunssfsi)
                  000053f6    00000002     --HOLE-- [fill = 0]
                  000053f8    00000030     slave_control.o (.text.Beep)
                  00005428    00000030     slave_control.o (.text.UART2_IRQHandler)
                  00005458    00000030     libc.a : _printfi.c.obj (.text._fcpy)
                  00005488    00000030     clock.o (.text.mspm0_delay_ms)
                  000054b8    0000002c     ti_msp_dl_config.o (.text.SYSCFG_DL_MOTOR_TIM_INST_init)
                  000054e4    0000002c     interrupt.o (.text.__NVIC_EnableIRQ)
                  00005510    0000002c     main.o (.text.__NVIC_EnableIRQ)
                  0000553c    0000002c     tb6600.o (.text.__NVIC_EnableIRQ)
                  00005568    0000002c     libclang_rt.builtins.a : floatsidf.S.obj (.text.__floatsidf)
                  00005594    0000002c     clock.o (.text.mspm0_get_clock_ms)
                  000055c0    00000028     oled_hardware_i2c.o (.text.DL_Common_updateReg)
                  000055e8    00000028     ti_msp_dl_config.o (.text.DL_Common_updateReg)
                  00005610    00000028     ti_msp_dl_config.o (.text.DL_I2C_setControllerRXFIFOThreshold)
                  00005638    00000028     ti_msp_dl_config.o (.text.DL_I2C_setControllerTXFIFOThreshold)
                  00005660    00000028     libclang_rt.builtins.a : floatunsisf.S.obj (.text.__floatunsisf)
                  00005688    00000028     libc.a : boot_cortex_m.c.obj (.text:_c_int00_noargs)
                  000056b0    00000026     ti_msp_dl_config.o (.text.DL_I2C_setAnalogGlitchFilterPulseWidth)
                  000056d6    00000026     driverlib.a : dl_i2c.o (.text.DL_I2C_setClockConfig)
                  000056fc    00000026     tb6600.o (.text.SMotor_Stop)
                  00005722    00000002     --HOLE-- [fill = 0]
                  00005724    00000024     libclang_rt.builtins.a : muldi3.S.obj (.text.__muldi3)
                  00005748    00000022     libc.a : memccpy.c.obj (.text.memccpy)
                  0000576a    00000002     --HOLE-- [fill = 0]
                  0000576c    00000020     ti_msp_dl_config.o (.text.DL_GPIO_initPeripheralInputFunction)
                  0000578c    00000020     ti_msp_dl_config.o (.text.DL_SYSCTL_setFlashWaitState)
                  000057ac    00000020     driverlib.a : dl_uart.o (.text.DL_UART_receiveDataBlocking)
                  000057cc    00000020     tb6600.o (.text.SMotor_Start)
                  000057ec    00000020     tb6600.o (.text.SMotor_Turn_To)
                  0000580c    0000001e     ti_msp_dl_config.o (.text.DL_UART_setOversampling)
                  0000582a    00000002     --HOLE-- [fill = 0]
                  0000582c    0000001e     libclang_rt.builtins.a : ashldi3.S.obj (.text.__ashldi3)
                  0000584a    00000002     --HOLE-- [fill = 0]
                  0000584c    0000001c     oled_hardware_i2c.o (.text.DL_GPIO_enableHiZ)
                  00005868    0000001c     ti_msp_dl_config.o (.text.DL_GPIO_enableHiZ)
                  00005884    0000001c     ti_msp_dl_config.o (.text.DL_GPIO_initPeripheralOutputFunction)
                  000058a0    0000001c     oled_hardware_i2c.o (.text.DL_I2C_getSDAStatus)
                  000058bc    0000001c     interrupt.o (.text.DL_Interrupt_getPendingGroup)
                  000058d8    0000001c     ti_msp_dl_config.o (.text.DL_SYSCTL_setSYSOSCFreq)
                  000058f4    0000001c     ti_msp_dl_config.o (.text.DL_SYSCTL_setULPCLKDivider)
                  00005910    0000001c     ti_msp_dl_config.o (.text.DL_Timer_enableInterrupt)
                  0000592c    0000001c     driverlib.a : dl_timer.o (.text.DL_Timer_setCaptCompUpdateMethod)
                  00005948    0000001c                 : dl_timer.o (.text.DL_Timer_setClockConfig)
                  00005964    0000001c     ti_msp_dl_config.o (.text.DL_UART_enableInterrupt)
                  00005980    0000001c     interrupt.o (.text.Interrupt_Init)
                  0000599c    00000018     oled_hardware_i2c.o (.text.DL_GPIO_enableOutput)
                  000059b4    00000018     ti_msp_dl_config.o (.text.DL_GPIO_enableOutput)
                  000059cc    00000018     ti_msp_dl_config.o (.text.DL_GPIO_enablePower)
                  000059e4    00000018     oled_hardware_i2c.o (.text.DL_GPIO_initDigitalOutput)
                  000059fc    00000018     ti_msp_dl_config.o (.text.DL_GPIO_initDigitalOutput)
                  00005a14    00000018     ti_msp_dl_config.o (.text.DL_GPIO_reset)
                  00005a2c    00000018     keyboard.o (.text.DL_GPIO_setPins)
                  00005a44    00000018     main.o (.text.DL_GPIO_setPins)
                  00005a5c    00000018     oled_hardware_i2c.o (.text.DL_GPIO_setPins)
                  00005a74    00000018     slave_control.o (.text.DL_GPIO_setPins)
                  00005a8c    00000018     tb6600.o (.text.DL_GPIO_setPins)
                  00005aa4    00000018     ti_msp_dl_config.o (.text.DL_GPIO_setPins)
                  00005abc    00000018     oled_hardware_i2c.o (.text.DL_I2C_clearInterruptStatus)
                  00005ad4    00000018     ti_msp_dl_config.o (.text.DL_I2C_enableAnalogGlitchFilter)
                  00005aec    00000018     ti_msp_dl_config.o (.text.DL_I2C_enableController)
                  00005b04    00000018     ti_msp_dl_config.o (.text.DL_I2C_enableControllerClockStretching)
                  00005b1c    00000018     oled_hardware_i2c.o (.text.DL_I2C_enablePower)
                  00005b34    00000018     ti_msp_dl_config.o (.text.DL_I2C_enablePower)
                  00005b4c    00000018     oled_hardware_i2c.o (.text.DL_I2C_getRawInterruptStatus)
                  00005b64    00000018     oled_hardware_i2c.o (.text.DL_I2C_reset)
                  00005b7c    00000018     ti_msp_dl_config.o (.text.DL_I2C_reset)
                  00005b94    00000018     ti_msp_dl_config.o (.text.DL_I2C_setTimerPeriod)
                  00005bac    00000018     ti_msp_dl_config.o (.text.DL_SYSCTL_setBORThreshold)
                  00005bc4    00000018     ti_msp_dl_config.o (.text.DL_Timer_enablePower)
                  00005bdc    00000018     ti_msp_dl_config.o (.text.DL_Timer_reset)
                  00005bf4    00000018     driverlib.a : dl_timer.o (.text.DL_Timer_setCaptureCompareOutCtl)
                  00005c0c    00000018     tb6600.o (.text.DL_Timer_setLoadValue)
                  00005c24    00000018     tb6600.o (.text.DL_Timer_startCounter)
                  00005c3c    00000018     tb6612.o (.text.DL_Timer_startCounter)
                  00005c54    00000018     tb6600.o (.text.DL_Timer_stopCounter)
                  00005c6c    00000018     ti_msp_dl_config.o (.text.DL_UART_enablePower)
                  00005c84    00000018     ti_msp_dl_config.o (.text.DL_UART_reset)
                  00005c9c    00000018     clock.o (.text.SysTick_Init)
                  00005cb4    00000018     libc.a : sprintf.c.obj (.text._outs)
                  00005ccc    00000016     keyboard.o (.text.DL_GPIO_readPins)
                  00005ce2    00000016     oled_hardware_i2c.o (.text.DL_GPIO_readPins)
                  00005cf8    00000016     ti_msp_dl_config.o (.text.DL_UART_enable)
                  00005d0e    00000016     libc.a : k_rem_pio2.c.obj (.text.OUTLINED_FUNCTION_0)
                  00005d24    00000010     libclang_rt.builtins.a : adddf3.S.obj (.tramp.__aeabi_dadd.1)
                  00005d34    00000014     keyboard.o (.text.DL_GPIO_clearPins)
                  00005d48    00000014     oled_hardware_i2c.o (.text.DL_GPIO_clearPins)
                  00005d5c    00000014     slave_control.o (.text.DL_GPIO_clearPins)
                  00005d70    00000014     tb6600.o (.text.DL_GPIO_clearPins)
                  00005d84    00000014     ti_msp_dl_config.o (.text.DL_GPIO_clearPins)
                  00005d98    00000014     oled_hardware_i2c.o (.text.DL_I2C_getControllerStatus)
                  00005dac    00000014     ti_msp_dl_config.o (.text.DL_I2C_resetControllerTransfer)
                  00005dc0    00000014     ti_msp_dl_config.o (.text.DL_SYSCTL_disableSYSPLL)
                  00005dd4    00000014     ti_msp_dl_config.o (.text.DL_Timer_enableClock)
                  00005de8    00000014     tb6612.o (.text.DL_Timer_getLoadValue)
                  00005dfc    00000014     ti_msp_dl_config.o (.text.DL_Timer_setCCPDirection)
                  00005e10    00000014     yb_protocol.o (.text.Pto_Clear_CMD_Flag)
                  00005e24    00000014     libclang_rt.builtins.a : aeabi_uldivmod.S.obj (.text.__aeabi_uldivmod)
                  00005e38    00000014     libc.a : _printfi.c.obj (.text.strchr)
                  00005e4c    00000012     tb6600.o (.text.DL_Timer_getPendingInterrupt)
                  00005e5e    00000012     slave_control.o (.text.DL_UART_getPendingInterrupt)
                  00005e70    00000012     driverlib.a : dl_uart.o (.text.DL_UART_setClockConfig)
                  00005e82    00000012     libc.a : memcpy16.S.obj (.text:TI_memcpy_small)
                  00005e94    00000012            : copy_decompress_none.c.obj (.text:decompress:none)
                  00005ea6    00000002     --HOLE-- [fill = 0]
                  00005ea8    00000010     ti_msp_dl_config.o (.text.DL_SYSCTL_disableHFXT)
                  00005eb8    00000010     driverlib.a : dl_timer.o (.text.DL_Timer_setCaptureCompareValue)
                  00005ec8    00000010     libc.a : k_rem_pio2.c.obj (.text.OUTLINED_FUNCTION_2)
                  00005ed8    00000010     interrupt.o (.text.SysTick_Handler)
                  00005ee8    00000010     oled_hardware_i2c.o (.text.delay_ms)
                  00005ef8    00000010     libc.a : wcslen.c.obj (.text.wcslen)
                  00005f08    00000010            : copy_zero_init.c.obj (.text:decompress:ZI)
                  00005f18    0000000e            : s_cos.c.obj (.text.OUTLINED_FUNCTION_1)
                  00005f26    00000002     --HOLE-- [fill = 0]
                  00005f28    00000010     libclang_rt.builtins.a : adddf3.S.obj (.tramp.__aeabi_dsub.1)
                  00005f38    0000000e     libc.a : s_sin.c.obj (.text.OUTLINED_FUNCTION_1)
                  00005f46    0000000e            : s_cos.c.obj (.text.OUTLINED_FUNCTION_2)
                  00005f54    0000000e            : s_sin.c.obj (.text.OUTLINED_FUNCTION_2)
                  00005f62    00000002     --HOLE-- [fill = 0]
                  00005f64    0000000e     libclang_rt.builtins.a : aeabi_memset.S.obj (.text.__aeabi_memset)
                  00005f72    0000000e     libc.a : _printfi.c.obj (.text.strlen)
                  00005f80    0000000e            : memset16.S.obj (.text:TI_memset_small)
                  00005f8e    00000002     --HOLE-- [fill = 0]
                  00005f90    0000000c     libclang_rt.builtins.a : aeabi_memset.S.obj (.text.__aeabi_memclr)
                  00005f9c    0000000a     driverlib.a : dl_common.o (.text.DL_Common_delayCycles)
                  00005fa6    0000000a     interrupt.o (.text.GROUP1_IRQHandler)
                  00005fb0    0000000a     libc.a : _printfi.c.obj (.text.OUTLINED_FUNCTION_0)
                  00005fba    0000000a            : s_atan.c.obj (.text.OUTLINED_FUNCTION_0)
                  00005fc4    00000010     libclang_rt.builtins.a : muldf3.S.obj (.tramp.__aeabi_dmul.1)
                  00005fd4    0000000a     libc.a : _printfi.c.obj (.text.OUTLINED_FUNCTION_1)
                  00005fde    0000000a            : k_rem_pio2.c.obj (.text.OUTLINED_FUNCTION_1)
                  00005fe8    0000000a            : s_cos.c.obj (.text.OUTLINED_FUNCTION_7)
                  00005ff2    00000002     --HOLE-- [fill = 0]
                  00005ff4    00000010            : k_sin.c.obj (.tramp.__kernel_sin.1)
                  00006004    0000000a            : sprintf.c.obj (.text._outc)
                  0000600e    00000008            : s_atan.c.obj (.text.OUTLINED_FUNCTION_2)
                  00006016    00000002     --HOLE-- [fill = 0]
                  00006018    00000008            : aeabi_portable.c.obj (.text.__aeabi_errno_addr)
                  00006020    00000008     libclang_rt.builtins.a : aeabi_memcpy.S.obj (.text.__aeabi_memcpy)
                  00006028    00000006     libc.a : k_cos.c.obj (.text.OUTLINED_FUNCTION_0)
                  0000602e    00000006            : k_sin.c.obj (.text.OUTLINED_FUNCTION_0)
                  00006034    00000006            : s_cos.c.obj (.text.OUTLINED_FUNCTION_0)
                  0000603a    00000006            : s_sin.c.obj (.text.OUTLINED_FUNCTION_0)
                  00006040    00000006            : s_atan.c.obj (.text.OUTLINED_FUNCTION_1)
                  00006046    00000006            : s_cos.c.obj (.text.OUTLINED_FUNCTION_4)
                  0000604c    00000006            : s_sin.c.obj (.text.OUTLINED_FUNCTION_4)
                  00006052    00000006            : s_cos.c.obj (.text.OUTLINED_FUNCTION_6)
                  00006058    00000006            : s_sin.c.obj (.text.OUTLINED_FUNCTION_6)
                  0000605e    00000006            : exit.c.obj (.text:abort)
                  00006064    00000004     libsysbm.a : hostexit.c.obj (.text.HOSTexit)
                  00006068    00000004     libc.a : s_cos.c.obj (.text.OUTLINED_FUNCTION_3)
                  0000606c    00000004            : s_sin.c.obj (.text.OUTLINED_FUNCTION_3)
                  00006070    00000004            : s_cos.c.obj (.text.OUTLINED_FUNCTION_5)
                  00006074    00000004            : s_sin.c.obj (.text.OUTLINED_FUNCTION_5)
                  00006078    00000004     startup_mspm0g350x_ticlang.o (.text.Reset_Handler)
                  0000607c    00000010     libc.a : boot_cortex_m.c.obj (.tramp._c_int00_noargs.1)
                  0000608c    00000004            : pre_init.c.obj (.text._system_pre_init)

.cinit     0    00006cb0    00000048     
                  00006cb0    00000022     (.cinit..data.load) [load image, compression = lzss]
                  00006cd2    00000002     --HOLE-- [fill = 0]
                  00006cd4    0000000c     (__TI_handler_table)
                  00006ce0    00000008     (.cinit..bss.load) [load image, compression = zero_init]
                  00006ce8    00000010     (__TI_cinit_table)

.rodata    0    00006090    00000c20     
                  00006090    000005f0     oled_hardware_i2c.o (.rodata.asc2_1608)
                  00006680    00000228     oled_hardware_i2c.o (.rodata.asc2_0806)
                  000068a8    00000108     libc.a : k_rem_pio2.c.obj (.rodata.ipio2)
                  000069b0    00000101            : aeabi_ctype.S.obj (.rodata:__aeabi_ctype_table_)
                  00006ab1    00000003     ti_msp_dl_config.o (.rodata.gMOTOR_TIM_INSTClockConfig)
                  00006ab4    00000003     ti_msp_dl_config.o (.rodata.gPWM_MOTORClockConfig)
                  00006ab7    00000001     --HOLE-- [fill = 0]
                  00006ab8    00000040     libc.a : k_rem_pio2.c.obj (.rodata.PIo2)
                  00006af8    00000040            : s_atan.c.obj (.rodata.cst32)
                  00006b38    00000028     ti_msp_dl_config.o (.rodata.gSYSPLLConfig)
                  00006b60    00000014     ti_msp_dl_config.o (.rodata.gMOTOR_TIM_INSTTimerConfig)
                  00006b74    00000011     libc.a : _printfi.c.obj (.rodata.str1.10348868589481759720.1)
                  00006b85    00000011            : _printfi.c.obj (.rodata.str1.15363888844622738466.1)
                  00006b96    00000002     ti_msp_dl_config.o (.rodata.gI2C_OLEDClockConfig)
                  00006b98    00000010     libc.a : k_rem_pio2.c.obj (.rodata.cst16)
                  00006ba8    00000010     slave_control.o (.rodata.str1.181331023340699192.1)
                  00006bb8    00000010     slave_control.o (.rodata.str1.5473277251982731154.1)
                  00006bc8    0000000e     slave_control.o (.rodata.str1.13990379041799614126.1)
                  00006bd6    0000000e     slave_control.o (.rodata.str1.5595428644238167034.1)
                  00006be4    0000000e     slave_control.o (.rodata.str1.6302045221187371990.1)
                  00006bf2    0000000d     slave_control.o (.rodata.str1.10475564603013461994.1)
                  00006bff    0000000d     slave_control.o (.rodata.str1.6931031396114040696.1)
                  00006c0c    0000000d     slave_control.o (.rodata.str1.8471773180393040059.1)
                  00006c19    0000000d     slave_control.o (.rodata.str1.9574044608604678251.1)
                  00006c26    0000000c     slave_control.o (.rodata.str1.7462468074651370922.1)
                  00006c32    0000000b     slave_control.o (.rodata.str1.5162442518715854346.1)
                  00006c3d    0000000b     slave_control.o (.rodata.str1.8126557095944658998.1)
                  00006c48    0000000a     ti_msp_dl_config.o (.rodata.gK230Config)
                  00006c52    0000000a     ti_msp_dl_config.o (.rodata.gPCConfig)
                  00006c5c    0000000a     slave_control.o (.rodata.str1.6507674665030924177.1)
                  00006c66    00000009     slave_control.o (.rodata.str1.14476422381677706553.1)
                  00006c6f    00000009     slave_control.o (.rodata.str1.4168099739114660002.1)
                  00006c78    00000008     ti_msp_dl_config.o (.rodata.gPWM_MOTORConfig)
                  00006c80    00000008     ti_msp_dl_config.o (.rodata.gSM_PUL_HORConfig)
                  00006c88    00000008     ti_msp_dl_config.o (.rodata.gSM_PUL_VERConfig)
                  00006c90    00000008     slave_control.o (.rodata.str1.16047937720596240741.1)
                  00006c98    00000003     ti_msp_dl_config.o (.rodata.gSM_PUL_HORClockConfig)
                  00006c9b    00000003     ti_msp_dl_config.o (.rodata.gSM_PUL_VERClockConfig)
                  00006c9e    00000002     ti_msp_dl_config.o (.rodata.gK230ClockConfig)
                  00006ca0    00000002     ti_msp_dl_config.o (.rodata.gPCClockConfig)
                  00006ca2    0000000e     --HOLE-- [fill = 0]

.init_array 
*          0    00000000    00000000     UNINITIALIZED

.binit     0    00000000    00000000     

.bss       0    20200000    000043e4     UNINITIALIZED
                  20200000    00001048     (.common:motor_bl)
                  20201048    00001048     (.common:motor_br)
                  20202090    00001048     (.common:motor_fl)
                  202030d8    00001048     (.common:motor_fr)
                  20204120    000000bc     (.common:gPWM_MOTORBackup)
                  202041dc    000000bc     (.common:gSM_PUL_VERBackup)
                  20204298    000000a0     (.common:gSM_PUL_HORBackup)
                  20204338    00000032     (.common:RxBuffer)
                  2020436a    00000002     --HOLE--
                  2020436c    00000024     (.common:smotor_hor)
                  20204390    00000024     (.common:smotor_ver)
                  202043b4    00000020     (.common:oled_buffer)
                  202043d4    00000008     (.common:tmp_deg)
                  202043dc    00000004     (.common:start_time)
                  202043e0    00000004     (.common:tick_ms)

.data      0    202043e4    00000030     UNINITIALIZED
                  202043e4    00000008     keyboard.o (.data.col_pins)
                  202043ec    00000008     keyboard.o (.data.col_ports)
                  202043f4    00000008     keyboard.o (.data.row_pins)
                  202043fc    00000008     keyboard.o (.data.row_ports)
                  20204404    00000004     keyboard.o (.data.KeyboardData)
                  20204408    00000004     libc.a : aeabi_portable.c.obj (.data.__aeabi_errno)
                  2020440c    00000001     yb_protocol.o (.data.New_CMD_flag)
                  2020440d    00000001     yb_protocol.o (.data.New_CMD_length)
                  2020440e    00000001     yb_protocol.o (.data.RxFlag)
                  2020440f    00000001     yb_protocol.o (.data.RxIndex)
                  20204410    00000001     slave_control.o (.data.echo_data)
                  20204411    00000001     interrupt.o (.data.enable_group1_irq)
                  20204412    00000001     slave_control.o (.data.key)
                  20204413    00000001     slave_control.o (.data.page_state)

.stack     0    20207e00    00000200     UNINITIALIZED
                  20207e00    00000004     libc.a : boot_cortex_m.c.obj (.stack)
                  20207e04    000001fc     --HOLE--

__llvm_prf_cnts 
*          0    20200000    00000000     UNINITIALIZED

__llvm_prf_bits 
*          0    20200000    00000000     UNINITIALIZED

MODULE SUMMARY

       Module                         code    ro data   rw data
       ------                         ----    -------   -------
    .\
       ti_msp_dl_config.o             2906    122       536    
       main.o                         212     0         32     
       startup_mspm0g350x_ticlang.o   8       192       0      
    +--+------------------------------+-------+---------+---------+
       Total:                         3126    314       568    
                                                               
    .\Drivers\MSPM0\
       clock.o                        328     0         8      
       interrupt.o                    126     0         1      
    +--+------------------------------+-------+---------+---------+
       Total:                         454     0         9      
                                                               
    .\Drivers\OLED_Hardware_I2C\
       oled_hardware_i2c.o            1772    2072      0      
    +--+------------------------------+-------+---------+---------+
       Total:                         1772    2072      0      
                                                               
    .\Keyboard\
       keyboard.o                     282     0         36     
    +--+------------------------------+-------+---------+---------+
       Total:                         282     0         36     
                                                               
    .\Slave_Control\
       slave_control.o                1816    196       11     
    +--+------------------------------+-------+---------+---------+
       Total:                         1816    196       11     
                                                               
    .\TB6600\
       tb6600.o                       912     0         72     
    +--+------------------------------+-------+---------+---------+
       Total:                         912     0         72     
                                                               
    .\TB6612\
       tb6612.o                       584     0         16672  
    +--+------------------------------+-------+---------+---------+
       Total:                         584     0         16672  
                                                               
    .\yb_protocol\
       yb_protocol.o                  192     0         54     
    +--+------------------------------+-------+---------+---------+
       Total:                         192     0         54     
                                                               
    C:/ti/mspm0_sdk_2_05_00_05/source/ti/driverlib/lib/ticlang/m0p/mspm0g1x0x_g3x0x/driverlib.a
       dl_timer.o                     588     0         0      
       dl_sysctl_mspm0g1x0x_g3x0x.o   288     0         0      
       dl_i2c.o                       132     0         0      
       dl_uart.o                      122     0         0      
       dl_common.o                    10      0         0      
    +--+------------------------------+-------+---------+---------+
       Total:                         1140    0         0      
                                                               
    C:\ti\ccs2010\ccs\tools\compiler\ti-cgt-armllvm_4.0.3.LTS\lib\armv6m-ti-none-eabi/c/libc.a
       _printfi.c.obj                 4510    34        0      
       k_rem_pio2.c.obj               1652    344       0      
       s_sin.c.obj                    1166    0         0      
       s_cos.c.obj                    1152    0         0      
       s_atan.c.obj                   784     64        0      
       k_sin.c.obj                    382     0         0      
       k_cos.c.obj                    342     0         0      
       s_floor.c.obj                  324     0         0      
       aeabi_ctype.S.obj              0       257       0      
       s_scalbn.c.obj                 216     0         0      
       copy_decompress_lzss.c.obj     124     0         0      
       s_frexp.c.obj                  92      0         0      
       sprintf.c.obj                  90      0         0      
       _ltoa.c.obj                    88      0         0      
       atoi.c.obj                     64      0         0      
       autoinit.c.obj                 60      0         0      
       boot_cortex_m.c.obj            56      0         0      
       memccpy.c.obj                  34      0         0      
       copy_decompress_none.c.obj     18      0         0      
       memcpy16.S.obj                 18      0         0      
       copy_zero_init.c.obj           16      0         0      
       wcslen.c.obj                   16      0         0      
       memset16.S.obj                 14      0         0      
       aeabi_portable.c.obj           8       0         4      
       exit.c.obj                     6       0         0      
       pre_init.c.obj                 4       0         0      
    +--+------------------------------+-------+---------+---------+
       Total:                         11236   699       4      
                                                               
    C:\ti\ccs2010\ccs\tools\compiler\ti-cgt-armllvm_4.0.3.LTS\lib\armv6m-ti-none-eabi/c/libsysbm.a
       hostexit.c.obj                 4       0         0      
    +--+------------------------------+-------+---------+---------+
       Total:                         4       0         0      
                                                               
    C:\ti\ccs2010\ccs\tools\compiler\ti-cgt-armllvm_4.0.3.LTS\lib\armv6m-ti-none-eabi/libclang_rt.builtins.a
       adddf3.S.obj                   434     0         0      
       divdf3.S.obj                   268     0         0      
       muldf3.S.obj                   244     0         0      
       comparedf2.c.obj               220     0         0      
       addsf3.S.obj                   216     0         0      
       udivmoddi4.S.obj               162     0         0      
       mulsf3.S.obj                   140     0         0      
       divsf3.S.obj                   130     0         0      
       comparesf2.S.obj               118     0         0      
       truncdfsf2.S.obj               116     0         0      
       aeabi_dcmp.S.obj               98      0         0      
       aeabi_fcmp.S.obj               98      0         0      
       aeabi_idivmod.S.obj            86      0         0      
       fixdfsi.S.obj                  74      0         0      
       aeabi_uidivmod.S.obj           64      0         0      
       extendsfdf2.S.obj              64      0         0      
       floatsisf.S.obj                60      0         0      
       muldsi3.S.obj                  58      0         0      
       fixsfsi.S.obj                  56      0         0      
       fixunssfsi.S.obj               50      0         0      
       floatsidf.S.obj                44      0         0      
       floatunsisf.S.obj              40      0         0      
       muldi3.S.obj                   36      0         0      
       ashldi3.S.obj                  30      0         0      
       aeabi_memset.S.obj             26      0         0      
       aeabi_uldivmod.S.obj           20      0         0      
       aeabi_memcpy.S.obj             8       0         0      
       aeabi_div0.c.obj               4       0         0      
    +--+------------------------------+-------+---------+---------+
       Total:                         2964    0         0      
                                                               
       Stack:                         0       0         512    
       Linker Generated:              0       70        0      
    +--+------------------------------+-------+---------+---------+
       Grand Total:                   24482   3351      17938  


LINKER GENERATED COPY TABLES

__TI_cinit_table @ 00006ce8 records: 2, size/record: 8, table size: 16
	.data: load addr=00006cb0, load size=00000022 bytes, run addr=202043e4, run size=00000030 bytes, compression=lzss
	.bss: load addr=00006ce0, load size=00000008 bytes, run addr=20200000, run size=000043e4 bytes, compression=zero_init


LINKER GENERATED HANDLER TABLE

__TI_handler_table @ 00006cd4 records: 3, size/record: 4, table size: 12
	index: 0, handler: __TI_decompress_lzss
	index: 1, handler: __TI_decompress_none
	index: 2, handler: __TI_zero_init


FAR CALL TRAMPOLINES

callee name               trampoline name
   callee addr  tramp addr   call addr  call info
--------------  -----------  ---------  ----------------
__aeabi_dadd              $Tramp$TT$L$PI$$__aeabi_dadd
   0000248b     00005d24     00005d22   libc.a : k_rem_pio2.c.obj (.text.OUTLINED_FUNCTION_0)
                             00005fe6          : k_rem_pio2.c.obj (.text.OUTLINED_FUNCTION_1)
                             00006038          : s_cos.c.obj (.text.OUTLINED_FUNCTION_0)
                             0000603e          : s_sin.c.obj (.text.OUTLINED_FUNCTION_0)
                             00006044          : s_atan.c.obj (.text.OUTLINED_FUNCTION_1)
                             0000606a          : s_cos.c.obj (.text.OUTLINED_FUNCTION_3)
                             0000606e          : s_sin.c.obj (.text.OUTLINED_FUNCTION_3)
__aeabi_dsub              $Tramp$TT$L$PI$$__aeabi_dsub
   00002481     00005f28     00005f24   libc.a : s_cos.c.obj (.text.OUTLINED_FUNCTION_1)
                             00005f44          : s_sin.c.obj (.text.OUTLINED_FUNCTION_1)
                             00005f52          : s_cos.c.obj (.text.OUTLINED_FUNCTION_2)
                             00005f60          : s_sin.c.obj (.text.OUTLINED_FUNCTION_2)
                             00005fb8          : _printfi.c.obj (.text.OUTLINED_FUNCTION_0)
                             00006056          : s_cos.c.obj (.text.OUTLINED_FUNCTION_6)
                             0000605c          : s_sin.c.obj (.text.OUTLINED_FUNCTION_6)
                             00006072          : s_cos.c.obj (.text.OUTLINED_FUNCTION_5)
                             00006076          : s_sin.c.obj (.text.OUTLINED_FUNCTION_5)
__aeabi_dmul              $Tramp$TT$L$PI$$__aeabi_dmul
   00003385     00005fc4     00005fc2   libc.a : s_atan.c.obj (.text.OUTLINED_FUNCTION_0)
                             00006014          : s_atan.c.obj (.text.OUTLINED_FUNCTION_2)
                             0000602c          : k_cos.c.obj (.text.OUTLINED_FUNCTION_0)
                             00006032          : k_sin.c.obj (.text.OUTLINED_FUNCTION_0)
                             0000604a          : s_cos.c.obj (.text.OUTLINED_FUNCTION_4)
                             00006050          : s_sin.c.obj (.text.OUTLINED_FUNCTION_4)
__kernel_sin              $Tramp$TT$L$PI$$__kernel_sin
   00002615     00005ff4     00005ff0   libc.a : s_cos.c.obj (.text.OUTLINED_FUNCTION_7)
_c_int00_noargs           $Tramp$TT$L$PI$$_c_int00_noargs
   00005689     0000607c     00006078   startup_mspm0g350x_ticlang.o (.text.Reset_Handler)

[5 trampolines]
[24 trampoline calls]


GLOBAL SYMBOLS: SORTED ALPHABETICALLY BY Name 

address   name                                 
-------   ----                                 
000044ed  ADC0_IRQHandler                      
000044ed  ADC1_IRQHandler                      
000044ed  AES_IRQHandler                       
000053f9  Beep                                 
00006064  C$$EXIT                              
000044ed  CANFD0_IRQHandler                    
000040f9  Constrain_Deg                        
000044ed  DAC0_IRQHandler                      
00005f9d  DL_Common_delayCycles                
0000489d  DL_I2C_fillControllerTXFIFO          
000056d7  DL_I2C_setClockConfig                
00003469  DL_SYSCTL_configSYSPLL               
00004f4d  DL_SYSCTL_switchMCLKfromSYSOSCtoHSCLK
00002fa1  DL_Timer_initFourCCPWMMode           
0000329d  DL_Timer_initTimerMode               
0000592d  DL_Timer_setCaptCompUpdateMethod     
00005bf5  DL_Timer_setCaptureCompareOutCtl     
00005eb9  DL_Timer_setCaptureCompareValue      
00005949  DL_Timer_setClockConfig              
00004e2d  DL_UART_init                         
000057ad  DL_UART_receiveDataBlocking          
00005e71  DL_UART_setClockConfig               
000044ed  DMA_IRQHandler                       
000044ed  Default_Handler                      
0000396d  Draw_SinPI                           
000044ed  GROUP0_IRQHandler                    
00005fa7  GROUP1_IRQHandler                    
00004cfd  Get_Deg_SinPI                        
00006065  HOSTexit                             
000044ed  HardFault_Handler                    
000044ed  I2C0_IRQHandler                      
000044ed  I2C1_IRQHandler                      
00005981  Interrupt_Init                       
20204404  KeyboardData                         
00001e85  Motor_Init                           
000044ed  NMI_Handler                          
2020440c  New_CMD_flag                         
2020440d  New_CMD_length                       
000045d5  OLED_Clear                           
00002d85  OLED_Init                            
00005149  OLED_Set_Pos                         
00002c6d  OLED_ShowChar                        
00004565  OLED_ShowString                      
00003e25  OLED_WR_Byte                         
00004e75  Page_Calib                           
00003d85  Page_Debug                           
000030a5  Page_Debug_Step_Hor                  
000031a1  Page_Debug_Step_Ver                  
000038a5  Page_Home                            
00003a31  Page_Test                            
000044ed  PendSV_Handler                       
00005e11  Pto_Clear_CMD_Flag                   
00003b91  Pto_Data_Receive                     
000044ed  RTC_IRQHandler                       
00003fe1  Real_To_Deg                          
00006079  Reset_Handler                        
20204338  RxBuffer                             
2020440e  RxFlag                               
2020440f  RxIndex                              
00003c3d  SMotor_Init                          
00003ebd  SMotor_Set_Speed                     
000057cd  SMotor_Start                         
000056fd  SMotor_Stop                          
00004d49  SMotor_Turn_Degree                   
0000470f  SMotor_Turn_Pulse                    
000057ed  SMotor_Turn_To                       
000044ed  SPI0_IRQHandler                      
000044ed  SPI1_IRQHandler                      
000044ed  SVC_Handler                          
000020a1  SYSCFG_DL_GPIO_init                  
000049b5  SYSCFG_DL_I2C_OLED_init              
00004b15  SYSCFG_DL_K230_init                  
000054b9  SYSCFG_DL_MOTOR_TIM_INST_init        
00004b69  SYSCFG_DL_PC_init                    
00003545  SYSCFG_DL_PWM_MOTOR_init             
00004389  SYSCFG_DL_SM_PUL_HOR_init            
00004401  SYSCFG_DL_SM_PUL_VER_init            
00005185  SYSCFG_DL_SYSCTL_init                
00004d95  SYSCFG_DL_init                       
00003ae1  SYSCFG_DL_initPower                  
0000361d  Scan_Keyboard                        
00005ed9  SysTick_Handler                      
00005c9d  SysTick_Init                         
000044ed  TIMA0_IRQHandler                     
00004ebd  TIMA1_IRQHandler                     
000044ed  TIMG0_IRQHandler                     
000044ed  TIMG12_IRQHandler                    
00004f05  TIMG6_IRQHandler                     
000044ed  TIMG7_IRQHandler                     
000044ed  TIMG8_IRQHandler                     
00005e83  TI_memcpy_small                      
00005f81  TI_memset_small                      
000044ed  UART0_IRQHandler                     
000044ed  UART1_IRQHandler                     
00005429  UART2_IRQHandler                     
000044ed  UART3_IRQHandler                     
20208000  __STACK_END                          
00000200  __STACK_SIZE                         
00000000  __TI_ATRegion0_region_sz             
00000000  __TI_ATRegion0_src_addr              
00000000  __TI_ATRegion0_trg_addr              
00000000  __TI_ATRegion1_region_sz             
00000000  __TI_ATRegion1_src_addr              
00000000  __TI_ATRegion1_trg_addr              
00000000  __TI_ATRegion2_region_sz             
00000000  __TI_ATRegion2_src_addr              
00000000  __TI_ATRegion2_trg_addr              
00006ce8  __TI_CINIT_Base                      
00006cf8  __TI_CINIT_Limit                     
00006cf8  __TI_CINIT_Warm                      
00006cd4  __TI_Handler_Table_Base              
00006ce0  __TI_Handler_Table_Limit             
00005239  __TI_auto_init_nobinit_nopinit       
0000430d  __TI_decompress_lzss                 
00005e95  __TI_decompress_none                 
00004a0d  __TI_ltoa                            
ffffffff  __TI_pprof_out_hndl                  
000000c1  __TI_printfi                         
ffffffff  __TI_prof_data_size                  
ffffffff  __TI_prof_data_start                 
00000000  __TI_static_base__                   
00005f09  __TI_zero_init                       
0000248b  __adddf3                             
000037d7  __addsf3                             
000069b0  __aeabi_ctype_table_                 
000069b0  __aeabi_ctype_table_C                
000044f1  __aeabi_d2f                          
00004de1  __aeabi_d2iz                         
0000248b  __aeabi_dadd                         
00004775  __aeabi_dcmpeq                       
000047b1  __aeabi_dcmpge                       
000047c5  __aeabi_dcmpgt                       
0000479d  __aeabi_dcmple                       
00004789  __aeabi_dcmplt                       
00002e95  __aeabi_ddiv                         
00003385  __aeabi_dmul                         
00002481  __aeabi_dsub                         
20204408  __aeabi_errno                        
00006019  __aeabi_errno_addr                   
00005015  __aeabi_f2d                          
000052ed  __aeabi_f2iz                         
000053c5  __aeabi_f2uiz                        
000037d7  __aeabi_fadd                         
000047d9  __aeabi_fcmpeq                       
00004815  __aeabi_fcmpge                       
00004829  __aeabi_fcmpgt                       
00004801  __aeabi_fcmple                       
000047ed  __aeabi_fcmplt                       
00004289  __aeabi_fdiv                         
0000406d  __aeabi_fmul                         
000037cd  __aeabi_fsub                         
00005569  __aeabi_i2d                          
000051c1  __aeabi_i2f                          
00004abd  __aeabi_idiv                         
00002613  __aeabi_idiv0                        
00004abd  __aeabi_idivmod                      
00003d83  __aeabi_ldiv0                        
0000582d  __aeabi_llsl                         
00005725  __aeabi_lmul                         
00005f91  __aeabi_memclr                       
00005f91  __aeabi_memclr4                      
00005f91  __aeabi_memclr8                      
00006021  __aeabi_memcpy                       
00006021  __aeabi_memcpy4                      
00006021  __aeabi_memcpy8                      
00005f65  __aeabi_memset                       
00005f65  __aeabi_memset4                      
00005f65  __aeabi_memset8                      
00005661  __aeabi_ui2f                         
00004fd5  __aeabi_uidiv                        
00004fd5  __aeabi_uidivmod                     
00005e25  __aeabi_uldivmod                     
0000582d  __ashldi3                            
ffffffff  __binit__                            
00004641  __cmpdf2                             
00005275  __cmpsf2                             
00002e95  __divdf3                             
00004289  __divsf3                             
00004641  __eqdf2                              
00005275  __eqsf2                              
00005015  __extendsfdf2                        
00004de1  __fixdfsi                            
000052ed  __fixsfsi                            
000053c5  __fixunssfsi                         
00005569  __floatsidf                          
000051c1  __floatsisf                          
00005661  __floatunsisf                        
00004479  __gedf2                              
000051fd  __gesf2                              
00004479  __gtdf2                              
000051fd  __gtsf2                              
0000277d  __kernel_cos                         
00000a91  __kernel_rem_pio2                    
00002615  __kernel_sin                         
00004641  __ledf2                              
00005275  __lesf2                              
00004641  __ltdf2                              
00005275  __ltsf2                              
UNDEFED   __mpu_init                           
00003385  __muldf3                             
00005725  __muldi3                             
000052b1  __muldsi3                            
0000406d  __mulsf3                             
00004641  __nedf2                              
00005275  __nesf2                              
20207e00  __stack                              
20200000  __start___llvm_prf_bits              
20200000  __start___llvm_prf_cnts              
20200000  __stop___llvm_prf_bits               
20200000  __stop___llvm_prf_cnts               
00002481  __subdf3                             
000037cd  __subsf3                             
000044f1  __truncdfsf2                         
00003ce1  __udivmoddi4                         
00005689  _c_int00_noargs                      
UNDEFED   _system_post_cinit                   
0000608d  _system_pre_init                     
0000605f  abort                                
00006680  asc2_0806                            
00006090  asc2_1608                            
0000196d  atan                                 
0000196d  atanl                                
00005055  atoi                                 
ffffffff  binit                                
202043e4  col_pins                             
202043ec  col_ports                            
0000152d  cos                                  
0000152d  cosl                                 
00005ee9  delay_ms                             
20204410  echo_data                            
20204411  enable_group1_irq                    
000028cd  floor                                
000028cd  floorl                               
000048fd  frexp                                
000048fd  frexpl                               
20204120  gPWM_MOTORBackup                     
20204298  gSM_PUL_HORBackup                    
202041dc  gSM_PUL_VERBackup                    
00000000  interruptVectors                     
20204412  key                                  
000036f5  ldexp                                
000036f5  ldexpl                               
00003f51  main                                 
00005749  memccpy                              
20200000  motor_bl                             
20201048  motor_br                             
20202090  motor_fl                             
202030d8  motor_fr                             
00005489  mspm0_delay_ms                       
00005595  mspm0_get_clock_ms                   
202043b4  oled_buffer                          
0000483d  oled_i2c_sda_unlock                  
20204413  page_state                           
202043f4  row_pins                             
202043fc  row_ports                            
000036f5  scalbn                               
000036f5  scalbnl                              
000010d5  sin                                  
000010d5  sinl                                 
2020436c  smotor_hor                           
20204390  smotor_ver                           
00005325  sprintf                              
202043dc  start_time                           
202043e0  tick_ms                              
202043d4  tmp_deg                              
00005ef9  wcslen                               


GLOBAL SYMBOLS: SORTED BY Symbol Address 

address   name                                 
-------   ----                                 
00000000  __TI_ATRegion0_region_sz             
00000000  __TI_ATRegion0_src_addr              
00000000  __TI_ATRegion0_trg_addr              
00000000  __TI_ATRegion1_region_sz             
00000000  __TI_ATRegion1_src_addr              
00000000  __TI_ATRegion1_trg_addr              
00000000  __TI_ATRegion2_region_sz             
00000000  __TI_ATRegion2_src_addr              
00000000  __TI_ATRegion2_trg_addr              
00000000  __TI_static_base__                   
00000000  interruptVectors                     
000000c1  __TI_printfi                         
00000200  __STACK_SIZE                         
00000a91  __kernel_rem_pio2                    
000010d5  sin                                  
000010d5  sinl                                 
0000152d  cos                                  
0000152d  cosl                                 
0000196d  atan                                 
0000196d  atanl                                
00001e85  Motor_Init                           
000020a1  SYSCFG_DL_GPIO_init                  
00002481  __aeabi_dsub                         
00002481  __subdf3                             
0000248b  __adddf3                             
0000248b  __aeabi_dadd                         
00002613  __aeabi_idiv0                        
00002615  __kernel_sin                         
0000277d  __kernel_cos                         
000028cd  floor                                
000028cd  floorl                               
00002c6d  OLED_ShowChar                        
00002d85  OLED_Init                            
00002e95  __aeabi_ddiv                         
00002e95  __divdf3                             
00002fa1  DL_Timer_initFourCCPWMMode           
000030a5  Page_Debug_Step_Hor                  
000031a1  Page_Debug_Step_Ver                  
0000329d  DL_Timer_initTimerMode               
00003385  __aeabi_dmul                         
00003385  __muldf3                             
00003469  DL_SYSCTL_configSYSPLL               
00003545  SYSCFG_DL_PWM_MOTOR_init             
0000361d  Scan_Keyboard                        
000036f5  ldexp                                
000036f5  ldexpl                               
000036f5  scalbn                               
000036f5  scalbnl                              
000037cd  __aeabi_fsub                         
000037cd  __subsf3                             
000037d7  __addsf3                             
000037d7  __aeabi_fadd                         
000038a5  Page_Home                            
0000396d  Draw_SinPI                           
00003a31  Page_Test                            
00003ae1  SYSCFG_DL_initPower                  
00003b91  Pto_Data_Receive                     
00003c3d  SMotor_Init                          
00003ce1  __udivmoddi4                         
00003d83  __aeabi_ldiv0                        
00003d85  Page_Debug                           
00003e25  OLED_WR_Byte                         
00003ebd  SMotor_Set_Speed                     
00003f51  main                                 
00003fe1  Real_To_Deg                          
0000406d  __aeabi_fmul                         
0000406d  __mulsf3                             
000040f9  Constrain_Deg                        
00004289  __aeabi_fdiv                         
00004289  __divsf3                             
0000430d  __TI_decompress_lzss                 
00004389  SYSCFG_DL_SM_PUL_HOR_init            
00004401  SYSCFG_DL_SM_PUL_VER_init            
00004479  __gedf2                              
00004479  __gtdf2                              
000044ed  ADC0_IRQHandler                      
000044ed  ADC1_IRQHandler                      
000044ed  AES_IRQHandler                       
000044ed  CANFD0_IRQHandler                    
000044ed  DAC0_IRQHandler                      
000044ed  DMA_IRQHandler                       
000044ed  Default_Handler                      
000044ed  GROUP0_IRQHandler                    
000044ed  HardFault_Handler                    
000044ed  I2C0_IRQHandler                      
000044ed  I2C1_IRQHandler                      
000044ed  NMI_Handler                          
000044ed  PendSV_Handler                       
000044ed  RTC_IRQHandler                       
000044ed  SPI0_IRQHandler                      
000044ed  SPI1_IRQHandler                      
000044ed  SVC_Handler                          
000044ed  TIMA0_IRQHandler                     
000044ed  TIMG0_IRQHandler                     
000044ed  TIMG12_IRQHandler                    
000044ed  TIMG7_IRQHandler                     
000044ed  TIMG8_IRQHandler                     
000044ed  UART0_IRQHandler                     
000044ed  UART1_IRQHandler                     
000044ed  UART3_IRQHandler                     
000044f1  __aeabi_d2f                          
000044f1  __truncdfsf2                         
00004565  OLED_ShowString                      
000045d5  OLED_Clear                           
00004641  __cmpdf2                             
00004641  __eqdf2                              
00004641  __ledf2                              
00004641  __ltdf2                              
00004641  __nedf2                              
0000470f  SMotor_Turn_Pulse                    
00004775  __aeabi_dcmpeq                       
00004789  __aeabi_dcmplt                       
0000479d  __aeabi_dcmple                       
000047b1  __aeabi_dcmpge                       
000047c5  __aeabi_dcmpgt                       
000047d9  __aeabi_fcmpeq                       
000047ed  __aeabi_fcmplt                       
00004801  __aeabi_fcmple                       
00004815  __aeabi_fcmpge                       
00004829  __aeabi_fcmpgt                       
0000483d  oled_i2c_sda_unlock                  
0000489d  DL_I2C_fillControllerTXFIFO          
000048fd  frexp                                
000048fd  frexpl                               
000049b5  SYSCFG_DL_I2C_OLED_init              
00004a0d  __TI_ltoa                            
00004abd  __aeabi_idiv                         
00004abd  __aeabi_idivmod                      
00004b15  SYSCFG_DL_K230_init                  
00004b69  SYSCFG_DL_PC_init                    
00004cfd  Get_Deg_SinPI                        
00004d49  SMotor_Turn_Degree                   
00004d95  SYSCFG_DL_init                       
00004de1  __aeabi_d2iz                         
00004de1  __fixdfsi                            
00004e2d  DL_UART_init                         
00004e75  Page_Calib                           
00004ebd  TIMA1_IRQHandler                     
00004f05  TIMG6_IRQHandler                     
00004f4d  DL_SYSCTL_switchMCLKfromSYSOSCtoHSCLK
00004fd5  __aeabi_uidiv                        
00004fd5  __aeabi_uidivmod                     
00005015  __aeabi_f2d                          
00005015  __extendsfdf2                        
00005055  atoi                                 
00005149  OLED_Set_Pos                         
00005185  SYSCFG_DL_SYSCTL_init                
000051c1  __aeabi_i2f                          
000051c1  __floatsisf                          
000051fd  __gesf2                              
000051fd  __gtsf2                              
00005239  __TI_auto_init_nobinit_nopinit       
00005275  __cmpsf2                             
00005275  __eqsf2                              
00005275  __lesf2                              
00005275  __ltsf2                              
00005275  __nesf2                              
000052b1  __muldsi3                            
000052ed  __aeabi_f2iz                         
000052ed  __fixsfsi                            
00005325  sprintf                              
000053c5  __aeabi_f2uiz                        
000053c5  __fixunssfsi                         
000053f9  Beep                                 
00005429  UART2_IRQHandler                     
00005489  mspm0_delay_ms                       
000054b9  SYSCFG_DL_MOTOR_TIM_INST_init        
00005569  __aeabi_i2d                          
00005569  __floatsidf                          
00005595  mspm0_get_clock_ms                   
00005661  __aeabi_ui2f                         
00005661  __floatunsisf                        
00005689  _c_int00_noargs                      
000056d7  DL_I2C_setClockConfig                
000056fd  SMotor_Stop                          
00005725  __aeabi_lmul                         
00005725  __muldi3                             
00005749  memccpy                              
000057ad  DL_UART_receiveDataBlocking          
000057cd  SMotor_Start                         
000057ed  SMotor_Turn_To                       
0000582d  __aeabi_llsl                         
0000582d  __ashldi3                            
0000592d  DL_Timer_setCaptCompUpdateMethod     
00005949  DL_Timer_setClockConfig              
00005981  Interrupt_Init                       
00005bf5  DL_Timer_setCaptureCompareOutCtl     
00005c9d  SysTick_Init                         
00005e11  Pto_Clear_CMD_Flag                   
00005e25  __aeabi_uldivmod                     
00005e71  DL_UART_setClockConfig               
00005e83  TI_memcpy_small                      
00005e95  __TI_decompress_none                 
00005eb9  DL_Timer_setCaptureCompareValue      
00005ed9  SysTick_Handler                      
00005ee9  delay_ms                             
00005ef9  wcslen                               
00005f09  __TI_zero_init                       
00005f65  __aeabi_memset                       
00005f65  __aeabi_memset4                      
00005f65  __aeabi_memset8                      
00005f81  TI_memset_small                      
00005f91  __aeabi_memclr                       
00005f91  __aeabi_memclr4                      
00005f91  __aeabi_memclr8                      
00005f9d  DL_Common_delayCycles                
00005fa7  GROUP1_IRQHandler                    
00006019  __aeabi_errno_addr                   
00006021  __aeabi_memcpy                       
00006021  __aeabi_memcpy4                      
00006021  __aeabi_memcpy8                      
0000605f  abort                                
00006064  C$$EXIT                              
00006065  HOSTexit                             
00006079  Reset_Handler                        
0000608d  _system_pre_init                     
00006090  asc2_1608                            
00006680  asc2_0806                            
000069b0  __aeabi_ctype_table_                 
000069b0  __aeabi_ctype_table_C                
00006cd4  __TI_Handler_Table_Base              
00006ce0  __TI_Handler_Table_Limit             
00006ce8  __TI_CINIT_Base                      
00006cf8  __TI_CINIT_Limit                     
00006cf8  __TI_CINIT_Warm                      
20200000  __start___llvm_prf_bits              
20200000  __start___llvm_prf_cnts              
20200000  __stop___llvm_prf_bits               
20200000  __stop___llvm_prf_cnts               
20200000  motor_bl                             
20201048  motor_br                             
20202090  motor_fl                             
202030d8  motor_fr                             
20204120  gPWM_MOTORBackup                     
202041dc  gSM_PUL_VERBackup                    
20204298  gSM_PUL_HORBackup                    
20204338  RxBuffer                             
2020436c  smotor_hor                           
20204390  smotor_ver                           
202043b4  oled_buffer                          
202043d4  tmp_deg                              
202043dc  start_time                           
202043e0  tick_ms                              
202043e4  col_pins                             
202043ec  col_ports                            
202043f4  row_pins                             
202043fc  row_ports                            
20204404  KeyboardData                         
20204408  __aeabi_errno                        
2020440c  New_CMD_flag                         
2020440d  New_CMD_length                       
2020440e  RxFlag                               
2020440f  RxIndex                              
20204410  echo_data                            
20204411  enable_group1_irq                    
20204412  key                                  
20204413  page_state                           
20207e00  __stack                              
20208000  __STACK_END                          
ffffffff  __TI_pprof_out_hndl                  
ffffffff  __TI_prof_data_size                  
ffffffff  __TI_prof_data_start                 
ffffffff  __binit__                            
ffffffff  binit                                
UNDEFED   __mpu_init                           
UNDEFED   _system_post_cinit                   

[266 symbols]
