******************************************************************************
            TI ARM Clang Linker PC v4.0.3                      
******************************************************************************
>> Linked Sat Aug  2 16:05:19 2025

OUTPUT FILE NAME:   <Target.out>
ENTRY POINT SYMBOL: "_c_int00_noargs"  address: 00007471


MEMORY CONFIGURATION

         name            origin    length      used     unused   attr    fill
----------------------  --------  ---------  --------  --------  ----  --------
  FLASH                 00000000   00020000  00008c40  000173c0  R  X
  SRAM                  20200000   00008000  00004771  0000388f  RW X
  BCR_CONFIG            41c00000   000000ff  00000000  000000ff  R   
  BSL_CONFIG            41c00100   00000080  00000000  00000080  R   


SEGMENT ALLOCATION MAP

run origin  load origin   length   init length attrs members
----------  ----------- ---------- ----------- ----- -------
00000000    00000000    00008c40   00008c40    r-x
  00000000    00000000    000000c0   000000c0    r-- .intvecs
  000000c0    000000c0    00007f60   00007f60    r-x .text
  00008020    00008020    00000ba0   00000ba0    r-- .rodata
  00008bc0    00008bc0    00000080   00000080    r-- .cinit
20200000    20200000    00004571   00000000    rw-
  20200000    20200000    000044c8   00000000    rw- .bss
  202044c8    202044c8    000000a9   00000000    rw- .data
20207e00    20207e00    00000200   00000000    rw-
  20207e00    20207e00    00000200   00000000    rw- .stack


SECTION ALLOCATION MAP

 output                                  attributes/
section   page    origin      length       input sections
--------  ----  ----------  ----------   ----------------
.intvecs   0    00000000    000000c0     
                  00000000    000000c0     startup_mspm0g350x_ticlang.o (.intvecs)

.text      0    000000c0    00007f60     
                  000000c0    00001324     slave_control.o (.text.Page_Test)
                  000013e4    00000a48     libc.a : e_pow.c.obj (.text.pow)
                  00001e2c    000009d0            : _printfi.c.obj (.text:__TI_printfi)
                  000027fc    000003f4     slave_control.o (.text.Page_Debug_Gyro)
                  00002bf0    00000368     interrupt.o (.text.UART0_IRQHandler)
                  00002f58    000002c0     slave_control.o (.text.Page_Calib)
                  00003218    00000228     libc.a : e_fmod.c.obj (.text.fmod)
                  00003440    00000220            : _printfi.c.obj (.text._pconv_a)
                  00003660    0000021c     tb6612.o (.text.Motor_Init)
                  0000387c    000001e8     slave_control.o (.text.Page_Debug)
                  00003a64    000001e8     ti_msp_dl_config.o (.text.SYSCFG_DL_GPIO_init)
                  00003c4c    000001dc     libc.a : _printfi.c.obj (.text._pconv_g)
                  00003e28    00000192     libclang_rt.builtins.a : adddf3.S.obj (.text.adddf3_subdf3)
                  00003fba    00000002                            : aeabi_div0.c.obj (.text.__aeabi_idiv0)
                  00003fbc    00000170     libc.a : e_sqrt.c.obj (.text.sqrt)
                  0000412c    00000148     slave_control.o (.text.Page_Debug_Step)
                  00004274    0000013c     libc.a : _printfi.c.obj (.text.fcvt)
                  000043b0    00000124     slave_control.o (.text.Get_Shortest_Arc)
                  000044d4    00000120     libc.a : _printfi.c.obj (.text._pconv_e)
                  000045f4    0000011e     yb_protocol.o (.text.Pto_Data_Parse)
                  00004712    00000002     libclang_rt.builtins.a : aeabi_div0.c.obj (.text.__aeabi_ldiv0)
                  00004714    00000118     oled_hardware_i2c.o (.text.OLED_ShowChar)
                  0000482c    00000110     oled_hardware_i2c.o (.text.OLED_Init)
                  0000493c    0000010c     libclang_rt.builtins.a : divdf3.S.obj (.text.__divdf3)
                  00004a48    00000104     driverlib.a : dl_timer.o (.text.DL_Timer_initFourCCPWMMode)
                  00004b4c    000000f2     pid.o (.text.PID_Loc)
                  00004c3e    00000002     --HOLE-- [fill = 0]
                  00004c40    000000e8     driverlib.a : dl_timer.o (.text.DL_Timer_initTimerMode)
                  00004d28    000000e4     libclang_rt.builtins.a : muldf3.S.obj (.text.__muldf3)
                  00004e0c    000000dc     driverlib.a : dl_sysctl_mspm0g1x0x_g3x0x.o (.text.DL_SYSCTL_configSYSPLL)
                  00004ee8    000000dc     keyboard.o (.text.Scan_Keyboard)
                  00004fc4    000000d8     ti_msp_dl_config.o (.text.SYSCFG_DL_PWM_MOTOR_init)
                  0000509c    000000d8     libc.a : s_scalbn.c.obj (.text.scalbn)
                  00005174    000000d8     libclang_rt.builtins.a : addsf3.S.obj (.text)
                  0000524c    000000c8     slave_control.o (.text.Page_Home)
                  00005314    000000bc     slave_control.o (.text.Normalize_Angle_Positive)
                  000053d0    000000b8     tb6612.o (.text.Motor_Set_Duty)
                  00005488    000000b0     ti_msp_dl_config.o (.text.SYSCFG_DL_initPower)
                  00005538    000000ac     yb_protocol.o (.text.Pto_Data_Receive)
                  000055e4    000000a8     tb6600.o (.text.SMotor_Init)
                  0000568c    000000a2     libclang_rt.builtins.a : udivmoddi4.S.obj (.text)
                  0000572e    00000002     --HOLE-- [fill = 0]
                  00005730    000000a0     libc.a : e_sqrtf.c.obj (.text.sqrtf)
                  000057d0    00000098     oled_hardware_i2c.o (.text.OLED_WR_Byte)
                  00005868    00000094     trace.o (.text.Get_Trace_Sum)
                  000058fc    00000094     tb6600.o (.text.SMotor_Set_Speed)
                  00005990    0000008c     libclang_rt.builtins.a : mulsf3.S.obj (.text.__mulsf3)
                  00005a1c    0000008c     main.o (.text.main)
                  00005aa8    00000084     clock.o (.text.__NVIC_SetPriority)
                  00005b2c    00000084     ti_msp_dl_config.o (.text.__NVIC_SetPriority)
                  00005bb0    00000082     libclang_rt.builtins.a : divsf3.S.obj (.text.__divsf3)
                  00005c32    00000002     --HOLE-- [fill = 0]
                  00005c34    00000080     trace.o (.text.Trace_Read_Bit)
                  00005cb4    0000007c     libc.a : copy_decompress_lzss.c.obj (.text:decompress:lzss)
                  00005d30    00000078     ti_msp_dl_config.o (.text.SYSCFG_DL_SM_PUL_HOR_init)
                  00005da8    00000078     ti_msp_dl_config.o (.text.SYSCFG_DL_SM_PUL_VER_init)
                  00005e20    00000074     libclang_rt.builtins.a : comparedf2.c.obj (.text.__gedf2)
                  00005e94    0000000c                            : aeabi_memset.S.obj (.text.__aeabi_memclr)
                  00005ea0    00000074                            : truncdfsf2.S.obj (.text.__truncdfsf2)
                  00005f14    00000070     oled_hardware_i2c.o (.text.OLED_ShowString)
                  00005f84    00000070     ti_msp_dl_config.o (.text.SYSCFG_DL_UART_WIT_init)
                  00005ff4    0000006a     slave_control.o (.text.Distance)
                  0000605e    0000006a     oled_hardware_i2c.o (.text.OLED_Clear)
                  000060c8    00000068     libclang_rt.builtins.a : comparedf2.c.obj (.text.__ledf2)
                  00006130    00000066     libc.a : _printfi.c.obj (.text._mcpy)
                  00006196    00000064     tb6600.o (.text.SMotor_Turn_Pulse)
                  000061fa    00000002     --HOLE-- [fill = 0]
                  000061fc    00000062     libclang_rt.builtins.a : aeabi_dcmp.S.obj (.text.__aeabi_dcmp)
                  0000625e    00000002     --HOLE-- [fill = 0]
                  00006260    00000062                            : aeabi_fcmp.S.obj (.text.__aeabi_fcmp)
                  000062c2    00000002     --HOLE-- [fill = 0]
                  000062c4    00000060     oled_hardware_i2c.o (.text.oled_i2c_sda_unlock)
                  00006324    0000005e     driverlib.a : dl_i2c.o (.text.DL_I2C_fillControllerTXFIFO)
                  00006382    00000002     --HOLE-- [fill = 0]
                  00006384    0000005c     libc.a : s_frexp.c.obj (.text.frexp)
                  000063e0    0000005c     oled_hardware_i2c.o (.text.mspm0_i2c_enable)
                  0000643c    00000058     slave_control.o (.text.Motor_Modify_Left)
                  00006494    00000058     slave_control.o (.text.Motor_Modify_Left_1)
                  000064ec    00000058     slave_control.o (.text.Motor_Modify_Right)
                  00006544    00000058     slave_control.o (.text.Motor_Modify_Right_1)
                  0000659c    00000058     ti_msp_dl_config.o (.text.SYSCFG_DL_I2C_OLED_init)
                  000065f4    00000058     libc.a : _ltoa.c.obj (.text.__TI_ltoa)
                  0000664c    00000058            : _printfi.c.obj (.text._pconv_f)
                  000066a4    00000056     libclang_rt.builtins.a : aeabi_idivmod.S.obj (.text.__aeabi_idivmod)
                  000066fa    00000002     --HOLE-- [fill = 0]
                  000066fc    00000054     driverlib.a : dl_uart.o (.text.DL_UART_drainRXFIFO)
                  00006750    00000054     ti_msp_dl_config.o (.text.SYSCFG_DL_K230_init)
                  000067a4    00000052     libc.a : _printfi.c.obj (.text._ecpy)
                  000067f6    00000002     --HOLE-- [fill = 0]
                  000067f8    00000050     oled_hardware_i2c.o (.text.DL_I2C_startControllerTransfer)
                  00006848    00000050     ti_msp_dl_config.o (.text.SYSCFG_DL_init)
                  00006898    00000050     clock.o (.text.SysTick_Config)
                  000068e8    0000004c     driverlib.a : dl_dma.o (.text.DL_DMA_initChannel)
                  00006934    0000004c     ti_msp_dl_config.o (.text.DL_UART_setBaudRateDivisor)
                  00006980    0000004c     tb6600.o (.text.SMotor_Turn_Degree)
                  000069cc    0000004a     libclang_rt.builtins.a : fixdfsi.S.obj (.text.__fixdfsi)
                  00006a16    00000002     --HOLE-- [fill = 0]
                  00006a18    00000048     driverlib.a : dl_uart.o (.text.DL_UART_init)
                  00006a60    00000048     tb6600.o (.text.TIMA1_IRQHandler)
                  00006aa8    00000048     tb6600.o (.text.TIMG6_IRQHandler)
                  00006af0    00000044     pid.o (.text.Constrain_Float)
                  00006b34    00000044     driverlib.a : dl_sysctl_mspm0g1x0x_g3x0x.o (.text.DL_SYSCTL_switchMCLKfromSYSOSCtoHSCLK)
                  00006b78    00000044     wit.o (.text.WIT_Init)
                  00006bbc    00000044     oled_hardware_i2c.o (.text.mspm0_i2c_disable)
                  00006c00    00000040     libclang_rt.builtins.a : aeabi_uidivmod.S.obj (.text.__aeabi_uidivmod)
                  00006c40    00000040                            : extendsfdf2.S.obj (.text.__extendsfdf2)
                  00006c80    00000040     libc.a : atoi.c.obj (.text.atoi)
                  00006cc0    0000003c     oled_hardware_i2c.o (.text.DL_GPIO_initPeripheralInputFunctionFeatures)
                  00006cfc    0000003c     ti_msp_dl_config.o (.text.DL_GPIO_initPeripheralInputFunctionFeatures)
                  00006d38    0000003c     ti_msp_dl_config.o (.text.DL_Timer_setCounterControl)
                  00006d74    0000003c     oled_hardware_i2c.o (.text.OLED_Set_Pos)
                  00006db0    0000003c     ti_msp_dl_config.o (.text.SYSCFG_DL_SYSCTL_init)
                  00006dec    0000003c     libclang_rt.builtins.a : floatsisf.S.obj (.text.__floatsisf)
                  00006e28    0000003c                            : comparesf2.S.obj (.text.__gtsf2)
                  00006e64    0000003c     libc.a : autoinit.c.obj (.text:__TI_auto_init_nobinit_nopinit)
                  00006ea0    0000003a     libclang_rt.builtins.a : comparesf2.S.obj (.text.__eqsf2)
                  00006eda    00000002     --HOLE-- [fill = 0]
                  00006edc    0000003a                            : muldsi3.S.obj (.text.__muldsi3)
                  00006f16    00000002     --HOLE-- [fill = 0]
                  00006f18    00000038     tb6612.o (.text.Motor_Stop)
                  00006f50    00000038     libclang_rt.builtins.a : fixsfsi.S.obj (.text.__fixsfsi)
                  00006f88    00000038     libc.a : sprintf.c.obj (.text.sprintf)
                  00006fc0    00000034     oled_hardware_i2c.o (.text.DL_GPIO_initDigitalInputFeatures)
                  00006ff4    00000034     ti_msp_dl_config.o (.text.DL_GPIO_initDigitalInputFeatures)
                  00007028    00000032     libclang_rt.builtins.a : fixunssfsi.S.obj (.text.__fixunssfsi)
                  0000705a    00000002     --HOLE-- [fill = 0]
                  0000705c    00000030     slave_control.o (.text.Beep)
                  0000708c    00000030     interrupt.o (.text.DL_DMA_setTransferSize)
                  000070bc    00000030     wit.o (.text.DL_DMA_setTransferSize)
                  000070ec    00000030     slave_control.o (.text.UART2_IRQHandler)
                  0000711c    00000030     libc.a : _printfi.c.obj (.text._fcpy)
                  0000714c    00000030     clock.o (.text.mspm0_delay_ms)
                  0000717c    0000002c     slave_control.o (.text.Motor_Stop_All)
                  000071a8    0000002c     ti_msp_dl_config.o (.text.SYSCFG_DL_MOTOR_TIM_INST_init)
                  000071d4    0000002c     interrupt.o (.text.__NVIC_EnableIRQ)
                  00007200    0000002c     main.o (.text.__NVIC_EnableIRQ)
                  0000722c    0000002c     tb6600.o (.text.__NVIC_EnableIRQ)
                  00007258    0000002c     wit.o (.text.__NVIC_EnableIRQ)
                  00007284    0000002c     libclang_rt.builtins.a : floatsidf.S.obj (.text.__floatsidf)
                  000072b0    0000002c     clock.o (.text.mspm0_get_clock_ms)
                  000072dc    0000002a     pid.o (.text.Pid_Clear)
                  00007306    00000028     oled_hardware_i2c.o (.text.DL_Common_updateReg)
                  0000732e    00000028     ti_msp_dl_config.o (.text.DL_Common_updateReg)
                  00007356    00000002     --HOLE-- [fill = 0]
                  00007358    00000028     interrupt.o (.text.DL_DMA_setDestAddr)
                  00007380    00000028     wit.o (.text.DL_DMA_setDestAddr)
                  000073a8    00000028     wit.o (.text.DL_DMA_setSrcAddr)
                  000073d0    00000028     ti_msp_dl_config.o (.text.DL_I2C_setControllerRXFIFOThreshold)
                  000073f8    00000028     ti_msp_dl_config.o (.text.DL_I2C_setControllerTXFIFOThreshold)
                  00007420    00000028     ti_msp_dl_config.o (.text.DL_UART_setRXFIFOThreshold)
                  00007448    00000028     libclang_rt.builtins.a : floatunsisf.S.obj (.text.__floatunsisf)
                  00007470    00000028     libc.a : boot_cortex_m.c.obj (.text:_c_int00_noargs)
                  00007498    00000026     interrupt.o (.text.DL_DMA_disableChannel)
                  000074be    00000026     interrupt.o (.text.DL_DMA_enableChannel)
                  000074e4    00000026     wit.o (.text.DL_DMA_enableChannel)
                  0000750a    00000026     ti_msp_dl_config.o (.text.DL_I2C_setAnalogGlitchFilterPulseWidth)
                  00007530    00000026     driverlib.a : dl_i2c.o (.text.DL_I2C_setClockConfig)
                  00007556    00000026     tb6600.o (.text.SMotor_Stop)
                  0000757c    00000024     interrupt.o (.text.DL_DMA_getTransferSize)
                  000075a0    00000024     ti_msp_dl_config.o (.text.DL_UART_setRXInterruptTimeout)
                  000075c4    00000024     slave_control.o (.text.Motor_Set_Left_Duty)
                  000075e8    00000024     slave_control.o (.text.Motor_Set_Right_Duty)
                  0000760c    00000024     libclang_rt.builtins.a : muldi3.S.obj (.text.__muldi3)
                  00007630    00000022     libc.a : memccpy.c.obj (.text.memccpy)
                  00007652    00000002     --HOLE-- [fill = 0]
                  00007654    00000020     ti_msp_dl_config.o (.text.DL_GPIO_initPeripheralInputFunction)
                  00007674    00000020     ti_msp_dl_config.o (.text.DL_SYSCTL_setFlashWaitState)
                  00007694    00000020     driverlib.a : dl_uart.o (.text.DL_UART_receiveDataBlocking)
                  000076b4    00000020     slave_control.o (.text.Motor_Walk_Strt_1)
                  000076d4    00000020     tb6600.o (.text.SMotor_Start)
                  000076f4    00000020     tb6600.o (.text.SMotor_Turn_To)
                  00007714    0000001e     ti_msp_dl_config.o (.text.DL_UART_setOversampling)
                  00007732    00000002     --HOLE-- [fill = 0]
                  00007734    0000001e     libclang_rt.builtins.a : ashldi3.S.obj (.text.__ashldi3)
                  00007752    00000002     --HOLE-- [fill = 0]
                  00007754    0000001c     oled_hardware_i2c.o (.text.DL_GPIO_enableHiZ)
                  00007770    0000001c     ti_msp_dl_config.o (.text.DL_GPIO_enableHiZ)
                  0000778c    0000001c     ti_msp_dl_config.o (.text.DL_GPIO_initPeripheralOutputFunction)
                  000077a8    0000001c     oled_hardware_i2c.o (.text.DL_I2C_getSDAStatus)
                  000077c4    0000001c     interrupt.o (.text.DL_Interrupt_getPendingGroup)
                  000077e0    0000001c     ti_msp_dl_config.o (.text.DL_SYSCTL_setSYSOSCFreq)
                  000077fc    0000001c     ti_msp_dl_config.o (.text.DL_SYSCTL_setULPCLKDivider)
                  00007818    0000001c     ti_msp_dl_config.o (.text.DL_Timer_enableInterrupt)
                  00007834    0000001c     driverlib.a : dl_timer.o (.text.DL_Timer_setCaptCompUpdateMethod)
                  00007850    0000001c                 : dl_timer.o (.text.DL_Timer_setClockConfig)
                  0000786c    0000001c     ti_msp_dl_config.o (.text.DL_UART_enableInterrupt)
                  00007888    0000001c     interrupt.o (.text.Interrupt_Init)
                  000078a4    0000001c     slave_control.o (.text.Motor_Turn_Left_1)
                  000078c0    0000001c     slave_control.o (.text.Motor_Walk_Strt)
                  000078dc    00000018     oled_hardware_i2c.o (.text.DL_GPIO_enableOutput)
                  000078f4    00000018     ti_msp_dl_config.o (.text.DL_GPIO_enableOutput)
                  0000790c    00000018     ti_msp_dl_config.o (.text.DL_GPIO_enablePower)
                  00007924    00000018     oled_hardware_i2c.o (.text.DL_GPIO_initDigitalOutput)
                  0000793c    00000018     ti_msp_dl_config.o (.text.DL_GPIO_initDigitalOutput)
                  00007954    00000018     ti_msp_dl_config.o (.text.DL_GPIO_reset)
                  0000796c    00000018     keyboard.o (.text.DL_GPIO_setPins)
                  00007984    00000018     oled_hardware_i2c.o (.text.DL_GPIO_setPins)
                  0000799c    00000018     slave_control.o (.text.DL_GPIO_setPins)
                  000079b4    00000018     tb6600.o (.text.DL_GPIO_setPins)
                  000079cc    00000018     tb6612.o (.text.DL_GPIO_setPins)
                  000079e4    00000018     ti_msp_dl_config.o (.text.DL_GPIO_setPins)
                  000079fc    00000018     slave_control.o (.text.DL_GPIO_togglePins)
                  00007a14    00000018     oled_hardware_i2c.o (.text.DL_I2C_clearInterruptStatus)
                  00007a2c    00000018     ti_msp_dl_config.o (.text.DL_I2C_enableAnalogGlitchFilter)
                  00007a44    00000018     ti_msp_dl_config.o (.text.DL_I2C_enableController)
                  00007a5c    00000018     ti_msp_dl_config.o (.text.DL_I2C_enableControllerClockStretching)
                  00007a74    00000018     oled_hardware_i2c.o (.text.DL_I2C_enablePower)
                  00007a8c    00000018     ti_msp_dl_config.o (.text.DL_I2C_enablePower)
                  00007aa4    00000018     oled_hardware_i2c.o (.text.DL_I2C_getRawInterruptStatus)
                  00007abc    00000018     oled_hardware_i2c.o (.text.DL_I2C_reset)
                  00007ad4    00000018     ti_msp_dl_config.o (.text.DL_I2C_reset)
                  00007aec    00000018     ti_msp_dl_config.o (.text.DL_I2C_setTimerPeriod)
                  00007b04    00000018     ti_msp_dl_config.o (.text.DL_SYSCTL_setBORThreshold)
                  00007b1c    00000018     ti_msp_dl_config.o (.text.DL_Timer_enablePower)
                  00007b34    00000018     ti_msp_dl_config.o (.text.DL_Timer_reset)
                  00007b4c    00000018     driverlib.a : dl_timer.o (.text.DL_Timer_setCaptureCompareOutCtl)
                  00007b64    00000018     tb6600.o (.text.DL_Timer_setLoadValue)
                  00007b7c    00000018     tb6600.o (.text.DL_Timer_startCounter)
                  00007b94    00000018     tb6612.o (.text.DL_Timer_startCounter)
                  00007bac    00000018     tb6600.o (.text.DL_Timer_stopCounter)
                  00007bc4    00000018     ti_msp_dl_config.o (.text.DL_UART_enableDMAReceiveEvent)
                  00007bdc    00000018     ti_msp_dl_config.o (.text.DL_UART_enableFIFOs)
                  00007bf4    00000018     ti_msp_dl_config.o (.text.DL_UART_enablePower)
                  00007c0c    00000018     slave_control.o (.text.DL_UART_getErrorStatus)
                  00007c24    00000018     interrupt.o (.text.DL_UART_isRXFIFOEmpty)
                  00007c3c    00000018     ti_msp_dl_config.o (.text.DL_UART_reset)
                  00007c54    00000018     ti_msp_dl_config.o (.text.SYSCFG_DL_DMA_WIT_init)
                  00007c6c    00000018     clock.o (.text.SysTick_Init)
                  00007c84    00000018     libc.a : sprintf.c.obj (.text._outs)
                  00007c9c    00000016     keyboard.o (.text.DL_GPIO_readPins)
                  00007cb2    00000016     oled_hardware_i2c.o (.text.DL_GPIO_readPins)
                  00007cc8    00000016     trace.o (.text.DL_GPIO_readPins)
                  00007cde    00000016     ti_msp_dl_config.o (.text.DL_UART_enable)
                  00007cf4    00000014     keyboard.o (.text.DL_GPIO_clearPins)
                  00007d08    00000014     oled_hardware_i2c.o (.text.DL_GPIO_clearPins)
                  00007d1c    00000014     slave_control.o (.text.DL_GPIO_clearPins)
                  00007d30    00000014     tb6600.o (.text.DL_GPIO_clearPins)
                  00007d44    00000014     tb6612.o (.text.DL_GPIO_clearPins)
                  00007d58    00000014     ti_msp_dl_config.o (.text.DL_GPIO_clearPins)
                  00007d6c    00000014     oled_hardware_i2c.o (.text.DL_I2C_getControllerStatus)
                  00007d80    00000014     ti_msp_dl_config.o (.text.DL_I2C_resetControllerTransfer)
                  00007d94    00000014     ti_msp_dl_config.o (.text.DL_SYSCTL_disableSYSPLL)
                  00007da8    00000014     ti_msp_dl_config.o (.text.DL_Timer_enableClock)
                  00007dbc    00000014     tb6612.o (.text.DL_Timer_getLoadValue)
                  00007dd0    00000014     ti_msp_dl_config.o (.text.DL_Timer_setCCPDirection)
                  00007de4    00000014     interrupt.o (.text.DL_UART_receiveData)
                  00007df8    00000014     yb_protocol.o (.text.Pto_Clear_CMD_Flag)
                  00007e0c    00000014     libclang_rt.builtins.a : aeabi_uldivmod.S.obj (.text.__aeabi_uldivmod)
                  00007e20    00000014     libc.a : _printfi.c.obj (.text.strchr)
                  00007e34    00000012     tb6600.o (.text.DL_Timer_getPendingInterrupt)
                  00007e46    00000012     slave_control.o (.text.DL_UART_getPendingInterrupt)
                  00007e58    00000012     driverlib.a : dl_uart.o (.text.DL_UART_setClockConfig)
                  00007e6a    00000012     libc.a : memcpy16.S.obj (.text:TI_memcpy_small)
                  00007e7c    00000012            : copy_decompress_none.c.obj (.text:decompress:none)
                  00007e8e    00000002     --HOLE-- [fill = 0]
                  00007e90    00000010     ti_msp_dl_config.o (.text.DL_SYSCTL_disableHFXT)
                  00007ea0    00000010     driverlib.a : dl_timer.o (.text.DL_Timer_setCaptureCompareValue)
                  00007eb0    00000010     yb_protocol.o (.text.Pto_Char_To_Int)
                  00007ec0    00000010     interrupt.o (.text.SysTick_Handler)
                  00007ed0    00000010     oled_hardware_i2c.o (.text.delay_ms)
                  00007ee0    00000010     libc.a : wcslen.c.obj (.text.wcslen)
                  00007ef0    00000010            : copy_zero_init.c.obj (.text:decompress:ZI)
                  00007f00    0000000e     libclang_rt.builtins.a : aeabi_memset.S.obj (.text.__aeabi_memset)
                  00007f0e    0000000e     libc.a : _printfi.c.obj (.text.strlen)
                  00007f1c    0000000e            : memset16.S.obj (.text:TI_memset_small)
                  00007f2a    0000000a     driverlib.a : dl_common.o (.text.DL_Common_delayCycles)
                  00007f34    0000000a     interrupt.o (.text.GROUP1_IRQHandler)
                  00007f3e    0000000a     libc.a : _printfi.c.obj (.text.OUTLINED_FUNCTION_0)
                  00007f48    00000010     libclang_rt.builtins.a : adddf3.S.obj (.tramp.__aeabi_dsub.1)
                  00007f58    0000000a     libc.a : e_pow.c.obj (.text.OUTLINED_FUNCTION_0)
                  00007f62    00000002     --HOLE-- [fill = 0]
                  00007f64    00000010     libclang_rt.builtins.a : muldf3.S.obj (.tramp.__aeabi_dmul.1)
                  00007f74    0000000a     libc.a : _printfi.c.obj (.text.OUTLINED_FUNCTION_1)
                  00007f7e    0000000a            : e_pow.c.obj (.text.OUTLINED_FUNCTION_1)
                  00007f88    0000000a            : e_pow.c.obj (.text.OUTLINED_FUNCTION_6)
                  00007f92    0000000a            : sprintf.c.obj (.text._outc)
                  00007f9c    00000008            : e_pow.c.obj (.text.OUTLINED_FUNCTION_2)
                  00007fa4    00000008     ti_msp_dl_config.o (.text.SYSCFG_DL_DMA_init)
                  00007fac    00000008     libc.a : aeabi_portable.c.obj (.text.__aeabi_errno_addr)
                  00007fb4    00000008     libclang_rt.builtins.a : aeabi_memcpy.S.obj (.text.__aeabi_memcpy)
                  00007fbc    00000006     libc.a : e_pow.c.obj (.text.OUTLINED_FUNCTION_3)
                  00007fc2    00000002     --HOLE-- [fill = 0]
                  00007fc4    00000010     libclang_rt.builtins.a : adddf3.S.obj (.tramp.__aeabi_dadd.1)
                  00007fd4    00000006     libc.a : e_pow.c.obj (.text.OUTLINED_FUNCTION_4)
                  00007fda    00000006            : e_pow.c.obj (.text.OUTLINED_FUNCTION_5)
                  00007fe0    00000006            : exit.c.obj (.text:abort)
                  00007fe6    00000004     startup_mspm0g350x_ticlang.o (.text.Default_Handler)
                  00007fea    00000004     libsysbm.a : hostexit.c.obj (.text.HOSTexit)
                  00007fee    00000004     libc.a : e_pow.c.obj (.text.OUTLINED_FUNCTION_10)
                  00007ff2    00000004            : e_pow.c.obj (.text.OUTLINED_FUNCTION_7)
                  00007ff6    00000004            : e_pow.c.obj (.text.OUTLINED_FUNCTION_8)
                  00007ffa    00000004            : e_pow.c.obj (.text.OUTLINED_FUNCTION_9)
                  00007ffe    00000004     startup_mspm0g350x_ticlang.o (.text.Reset_Handler)
                  00008002    00000002     --HOLE-- [fill = 0]
                  00008004    00000010     libc.a : boot_cortex_m.c.obj (.tramp._c_int00_noargs.1)
                  00008014    00000004            : pre_init.c.obj (.text._system_pre_init)
                  00008018    00000008     --HOLE-- [fill = 0]

.cinit     0    00008bc0    00000080     
                  00008bc0    00000059     (.cinit..data.load) [load image, compression = lzss]
                  00008c19    00000003     --HOLE-- [fill = 0]
                  00008c1c    0000000c     (__TI_handler_table)
                  00008c28    00000008     (.cinit..bss.load) [load image, compression = zero_init]
                  00008c30    00000010     (__TI_cinit_table)

.rodata    0    00008020    00000ba0     
                  00008020    000005f0     oled_hardware_i2c.o (.rodata.asc2_1608)
                  00008610    00000228     oled_hardware_i2c.o (.rodata.asc2_0806)
                  00008838    00000008     ti_msp_dl_config.o (.rodata.gPWM_MOTORConfig)
                  00008840    00000101     libc.a : aeabi_ctype.S.obj (.rodata:__aeabi_ctype_table_)
                  00008941    00000003     ti_msp_dl_config.o (.rodata.gMOTOR_TIM_INSTClockConfig)
                  00008944    00000003     ti_msp_dl_config.o (.rodata.gPWM_MOTORClockConfig)
                  00008947    00000001     --HOLE-- [fill = 0]
                  00008948    00000030     libc.a : e_pow.c.obj (.rodata.cst16)
                  00008978    00000028     ti_msp_dl_config.o (.rodata.gSYSPLLConfig)
                  000089a0    00000018     ti_msp_dl_config.o (.rodata.gDMA_WITConfig)
                  000089b8    00000016     slave_control.o (.rodata.str1.369370871370282537.1)
                  000089ce    00000015     slave_control.o (.rodata.str1.181331023340699192.1)
                  000089e3    00000015     slave_control.o (.rodata.str1.5473277251982731154.1)
                  000089f8    00000014     ti_msp_dl_config.o (.rodata.gMOTOR_TIM_INSTTimerConfig)
                  00008a0c    00000012     slave_control.o (.rodata.str1.7462468074651370922.1)
                  00008a1e    00000011     libc.a : _printfi.c.obj (.rodata.str1.10348868589481759720.1)
                  00008a2f    00000011            : _printfi.c.obj (.rodata.str1.15363888844622738466.1)
                  00008a40    00000011     slave_control.o (.rodata.str1.15525949550182208629.1)
                  00008a51    00000011     slave_control.o (.rodata.str1.6931031396114040696.1)
                  00008a62    00000003     ti_msp_dl_config.o (.rodata.gSM_PUL_HORClockConfig)
                  00008a65    00000003     ti_msp_dl_config.o (.rodata.gSM_PUL_VERClockConfig)
                  00008a68    00000010     libc.a : e_fmod.c.obj (.rodata.cst16)
                  00008a78    00000010     slave_control.o (.rodata.str1.1006182106699770870.1)
                  00008a88    00000010     slave_control.o (.rodata.str1.4168099739114660002.1)
                  00008a98    00000010     slave_control.o (.rodata.str1.8543509728947385288.1)
                  00008aa8    0000000e     slave_control.o (.rodata.str1.13923087245300085618.1)
                  00008ab6    0000000e     slave_control.o (.rodata.str1.16047937720596240741.1)
                  00008ac4    0000000e     slave_control.o (.rodata.str1.5595428644238167034.1)
                  00008ad2    0000000e     slave_control.o (.rodata.str1.6302045221187371990.1)
                  00008ae0    0000000e     slave_control.o (.rodata.str1.7962028249264667288.1)
                  00008aee    0000000d     slave_control.o (.rodata.str1.10475564603013461994.1)
                  00008afb    0000000d     slave_control.o (.rodata.str1.740961259844707590.1)
                  00008b08    0000000c     slave_control.o (.rodata.str1.13990379041799614126.1)
                  00008b14    0000000c     slave_control.o (.rodata.str1.14476422381677706553.1)
                  00008b20    0000000c     slave_control.o (.rodata.str1.17256730692979851966.1)
                  00008b2c    0000000c     slave_control.o (.rodata.str1.2040218487186650791.1)
                  00008b38    0000000c     slave_control.o (.rodata.str1.2328748832998369038.1)
                  00008b44    0000000c     slave_control.o (.rodata.str1.77396118466644672.1)
                  00008b50    0000000c     slave_control.o (.rodata.str1.8126557095944658998.1)
                  00008b5c    0000000b     slave_control.o (.rodata.str1.10572102781991435550.1)
                  00008b67    0000000b     slave_control.o (.rodata.str1.5162442518715854346.1)
                  00008b72    0000000a     ti_msp_dl_config.o (.rodata.gK230Config)
                  00008b7c    0000000a     ti_msp_dl_config.o (.rodata.gUART_WITConfig)
                  00008b86    0000000a     slave_control.o (.rodata.str1.6507674665030924177.1)
                  00008b90    0000000a     slave_control.o (.rodata.str1.8471773180393040059.1)
                  00008b9a    0000000a     slave_control.o (.rodata.str1.9574044608604678251.1)
                  00008ba4    00000008     ti_msp_dl_config.o (.rodata.gSM_PUL_HORConfig)
                  00008bac    00000008     ti_msp_dl_config.o (.rodata.gSM_PUL_VERConfig)
                  00008bb4    00000002     ti_msp_dl_config.o (.rodata.gI2C_OLEDClockConfig)
                  00008bb6    00000002     ti_msp_dl_config.o (.rodata.gK230ClockConfig)
                  00008bb8    00000002     ti_msp_dl_config.o (.rodata.gUART_WITClockConfig)
                  00008bba    00000006     --HOLE-- [fill = 0]

.init_array 
*          0    00000000    00000000     UNINITIALIZED

.binit     0    00000000    00000000     

.bss       0    20200000    000044c8     UNINITIALIZED
                  20200000    00001048     (.common:motor_bl)
                  20201048    00001048     (.common:motor_br)
                  20202090    00001048     (.common:motor_fl)
                  202030d8    00001048     (.common:motor_fr)
                  20204120    000000bc     (.common:gPWM_MOTORBackup)
                  202041dc    000000bc     (.common:gSM_PUL_HORBackup)
                  20204298    000000a0     (.common:gSM_PUL_VERBackup)
                  20204338    00000038     (.common:hori_laser_pid)
                  20204370    00000038     (.common:vert_laser_pid)
                  202043a8    00000032     (.common:RxBuffer)
                  202043da    00000001     (.common:bit)
                  202043db    00000001     (.common:flag)
                  202043dc    00000024     (.common:smotor_hor)
                  20204400    00000024     (.common:smotor_ver)
                  20204424    00000021     (.common:wit_dmaBuffer)
                  20204445    00000020     (.common:oled_buffer)
                  20204465    00000003     --HOLE--
                  20204468    00000020     (.common:wit_data)
                  20204488    00000018     (.common:recv_data)
                  202044a0    00000005     (.common:trace_states)
                  202044a5    00000003     --HOLE--
                  202044a8    00000004     (.common:delta)
                  202044ac    00000004     (.common:laser_pos)
                  202044b0    00000004     (.common:last_pos)
                  202044b4    00000004     (.common:start_time)
                  202044b8    00000004     (.common:target_pos)
                  202044bc    00000004     (.common:temp_pos)
                  202044c0    00000004     (.common:tick_ms)
                  202044c4    00000004     (.common:trace_sum)

.data      0    202044c8    000000a9     UNINITIALIZED
                  202044c8    00000014     trace.o (.data.gravitys)
                  202044dc    00000014     trace.o (.data.trace_pins)
                  202044f0    00000014     trace.o (.data.trace_ports)
                  20204504    0000000c     keyboard.o (.data.col_pins)
                  20204510    0000000c     keyboard.o (.data.col_ports)
                  2020451c    0000000c     keyboard.o (.data.row_pins)
                  20204528    0000000c     keyboard.o (.data.row_ports)
                  20204534    00000009     keyboard.o (.data.KeyboardData)
                  2020453d    00000001     yb_protocol.o (.data.New_CMD_flag)
                  2020453e    00000002     slave_control.o (.data.round_num)
                  20204540    00000004     libc.a : aeabi_portable.c.obj (.data.__aeabi_errno)
                  20204544    00000004     slave_control.o (.data.curr_time)
                  20204548    00000004     slave_control.o (.data.gyro_hori_deg)
                  2020454c    00000004     slave_control.o (.data.gyro_vert_deg)
                  20204550    00000004     slave_control.o (.data.last_time)
                  20204554    00000004     slave_control.o (.data.turn_left_1_delay)
                  20204558    00000004     slave_control.o (.data.turn_left_1_left_duty)
                  2020455c    00000004     slave_control.o (.data.turn_left_1_right_duty)
                  20204560    00000004     slave_control.o (.data.walk_strt_1_duty)
                  20204564    00000001     yb_protocol.o (.data.New_CMD_length)
                  20204565    00000001     yb_protocol.o (.data.RxFlag)
                  20204566    00000001     yb_protocol.o (.data.RxIndex)
                  20204567    00000001     slave_control.o (.data.circle_num)
                  20204568    00000001     slave_control.o (.data.echo_data)
                  20204569    00000001     interrupt.o (.data.enable_group1_irq)
                  2020456a    00000001     slave_control.o (.data.key)
                  2020456b    00000001     slave_control.o (.data.page_state)
                  2020456c    00000001     slave_control.o (.data.param_index)
                  2020456d    00000001     slave_control.o (.data.target_succeed_max)
                  2020456e    00000001     slave_control.o (.data.target_succeed_num)
                  2020456f    00000001     slave_control.o (.data.trace_turn_times)
                  20204570    00000001     slave_control.o (.data.turn_left_1_succeed_times)

.stack     0    20207e00    00000200     UNINITIALIZED
                  20207e00    00000004     libc.a : boot_cortex_m.c.obj (.stack)
                  20207e04    000001fc     --HOLE--

__llvm_prf_cnts 
*          0    20200000    00000000     UNINITIALIZED

__llvm_prf_bits 
*          0    20200000    00000000     UNINITIALIZED

MODULE SUMMARY

       Module                         code    ro data   rw data
       ------                         ----    -------   -------
    .\
       ti_msp_dl_config.o             3066    146       536    
       main.o                         184     0         32     
       startup_mspm0g350x_ticlang.o   8       192       0      
    +--+------------------------------+-------+---------+---------+
       Total:                         3258    338       568    
                                                               
    .\Drivers\MSPM0\
       interrupt.o                    1242    0         1      
       clock.o                        328     0         8      
    +--+------------------------------+-------+---------+---------+
       Total:                         1570    0         9      
                                                               
    .\Drivers\OLED_Hardware_I2C\
       oled_hardware_i2c.o            1772    2072      0      
    +--+------------------------------+-------+---------+---------+
       Total:                         1772    2072      0      
                                                               
    .\Drivers\WIT\
       wit.o                          278     0         65     
    +--+------------------------------+-------+---------+---------+
       Total:                         278     0         65     
                                                               
    .\Keyboard\
       keyboard.o                     286     0         57     
    +--+------------------------------+-------+---------+---------+
       Total:                         286     0         57     
                                                               
    .\Pid\
       pid.o                          352     0         0      
    +--+------------------------------+-------+---------+---------+
       Total:                         352     0         0      
                                                               
    .\Slave_Control\
       slave_control.o                8980    396       200    
    +--+------------------------------+-------+---------+---------+
       Total:                         8980    396       200    
                                                               
    .\TB6600\
       tb6600.o                       916     0         72     
    +--+------------------------------+-------+---------+---------+
       Total:                         916     0         72     
                                                               
    .\TB6612\
       tb6612.o                       868     0         16672  
    +--+------------------------------+-------+---------+---------+
       Total:                         868     0         16672  
                                                               
    .\Trace5\
       trace.o                        298     0         70     
    +--+------------------------------+-------+---------+---------+
       Total:                         298     0         70     
                                                               
    .\yb_protocol\
       yb_protocol.o                  494     0         54     
    +--+------------------------------+-------+---------+---------+
       Total:                         494     0         54     
                                                               
    C:/ti/mspm0_sdk_2_05_00_05/source/ti/driverlib/lib/ticlang/m0p/mspm0g1x0x_g3x0x/driverlib.a
       dl_timer.o                     588     0         0      
       dl_sysctl_mspm0g1x0x_g3x0x.o   288     0         0      
       dl_uart.o                      206     0         0      
       dl_i2c.o                       132     0         0      
       dl_dma.o                       76      0         0      
       dl_common.o                    10      0         0      
    +--+------------------------------+-------+---------+---------+
       Total:                         1300    0         0      
                                                               
    C:\ti\ccs2010\ccs\tools\compiler\ti-cgt-armllvm_4.0.3.LTS\lib\armv6m-ti-none-eabi/c/libc.a
       _printfi.c.obj                 4510    34        0      
       e_pow.c.obj                    2704    48        0      
       e_fmod.c.obj                   552     16        0      
       e_sqrt.c.obj                   368     0         0      
       aeabi_ctype.S.obj              0       257       0      
       s_scalbn.c.obj                 216     0         0      
       e_sqrtf.c.obj                  160     0         0      
       copy_decompress_lzss.c.obj     124     0         0      
       s_frexp.c.obj                  92      0         0      
       sprintf.c.obj                  90      0         0      
       _ltoa.c.obj                    88      0         0      
       atoi.c.obj                     64      0         0      
       autoinit.c.obj                 60      0         0      
       boot_cortex_m.c.obj            56      0         0      
       memccpy.c.obj                  34      0         0      
       copy_decompress_none.c.obj     18      0         0      
       memcpy16.S.obj                 18      0         0      
       copy_zero_init.c.obj           16      0         0      
       wcslen.c.obj                   16      0         0      
       memset16.S.obj                 14      0         0      
       aeabi_portable.c.obj           8       0         4      
       exit.c.obj                     6       0         0      
       pre_init.c.obj                 4       0         0      
    +--+------------------------------+-------+---------+---------+
       Total:                         9218    355       4      
                                                               
    C:\ti\ccs2010\ccs\tools\compiler\ti-cgt-armllvm_4.0.3.LTS\lib\armv6m-ti-none-eabi/c/libsysbm.a
       hostexit.c.obj                 4       0         0      
    +--+------------------------------+-------+---------+---------+
       Total:                         4       0         0      
                                                               
    C:\ti\ccs2010\ccs\tools\compiler\ti-cgt-armllvm_4.0.3.LTS\lib\armv6m-ti-none-eabi/libclang_rt.builtins.a
       adddf3.S.obj                   434     0         0      
       divdf3.S.obj                   268     0         0      
       muldf3.S.obj                   244     0         0      
       comparedf2.c.obj               220     0         0      
       addsf3.S.obj                   216     0         0      
       udivmoddi4.S.obj               162     0         0      
       mulsf3.S.obj                   140     0         0      
       divsf3.S.obj                   130     0         0      
       comparesf2.S.obj               118     0         0      
       truncdfsf2.S.obj               116     0         0      
       aeabi_dcmp.S.obj               98      0         0      
       aeabi_fcmp.S.obj               98      0         0      
       aeabi_idivmod.S.obj            86      0         0      
       fixdfsi.S.obj                  74      0         0      
       aeabi_uidivmod.S.obj           64      0         0      
       extendsfdf2.S.obj              64      0         0      
       floatsisf.S.obj                60      0         0      
       muldsi3.S.obj                  58      0         0      
       fixsfsi.S.obj                  56      0         0      
       fixunssfsi.S.obj               50      0         0      
       floatsidf.S.obj                44      0         0      
       floatunsisf.S.obj              40      0         0      
       muldi3.S.obj                   36      0         0      
       ashldi3.S.obj                  30      0         0      
       aeabi_memset.S.obj             26      0         0      
       aeabi_uldivmod.S.obj           20      0         0      
       aeabi_memcpy.S.obj             8       0         0      
       aeabi_div0.c.obj               4       0         0      
    +--+------------------------------+-------+---------+---------+
       Total:                         2964    0         0      
                                                               
       Stack:                         0       0         512    
       Linker Generated:              0       125       0      
    +--+------------------------------+-------+---------+---------+
       Grand Total:                   32558   3286      18283  


LINKER GENERATED COPY TABLES

__TI_cinit_table @ 00008c30 records: 2, size/record: 8, table size: 16
	.data: load addr=00008bc0, load size=00000059 bytes, run addr=202044c8, run size=000000a9 bytes, compression=lzss
	.bss: load addr=00008c28, load size=00000008 bytes, run addr=20200000, run size=000044c8 bytes, compression=zero_init


LINKER GENERATED HANDLER TABLE

__TI_handler_table @ 00008c1c records: 3, size/record: 4, table size: 12
	index: 0, handler: __TI_decompress_lzss
	index: 1, handler: __TI_decompress_none
	index: 2, handler: __TI_zero_init


FAR CALL TRAMPOLINES

callee name               trampoline name
   callee addr  tramp addr   call addr  call info
--------------  -----------  ---------  ----------------
__aeabi_dsub              $Tramp$TT$L$PI$$__aeabi_dsub
   00003e29     00007f48     00007f46   libc.a : _printfi.c.obj (.text.OUTLINED_FUNCTION_0)
                             00007fa2          : e_pow.c.obj (.text.OUTLINED_FUNCTION_2)
__aeabi_dmul              $Tramp$TT$L$PI$$__aeabi_dmul
   00004d29     00007f64     00007f60   libc.a : e_pow.c.obj (.text.OUTLINED_FUNCTION_0)
                             00007f86          : e_pow.c.obj (.text.OUTLINED_FUNCTION_1)
                             00007f90          : e_pow.c.obj (.text.OUTLINED_FUNCTION_6)
                             00007fd8          : e_pow.c.obj (.text.OUTLINED_FUNCTION_4)
                             00007fde          : e_pow.c.obj (.text.OUTLINED_FUNCTION_5)
                             00007ff8          : e_pow.c.obj (.text.OUTLINED_FUNCTION_8)
__aeabi_dadd              $Tramp$TT$L$PI$$__aeabi_dadd
   00003e33     00007fc4     00007fc0   libc.a : e_pow.c.obj (.text.OUTLINED_FUNCTION_3)
                             00007ff0          : e_pow.c.obj (.text.OUTLINED_FUNCTION_10)
                             00007ff4          : e_pow.c.obj (.text.OUTLINED_FUNCTION_7)
                             00007ffc          : e_pow.c.obj (.text.OUTLINED_FUNCTION_9)
_c_int00_noargs           $Tramp$TT$L$PI$$_c_int00_noargs
   00007471     00008004     00007ffe   startup_mspm0g350x_ticlang.o (.text.Reset_Handler)

[4 trampolines]
[13 trampoline calls]


GLOBAL SYMBOLS: SORTED ALPHABETICALLY BY Name 

address   name                                 
-------   ----                                 
00007fe7  ADC0_IRQHandler                      
00007fe7  ADC1_IRQHandler                      
00007fe7  AES_IRQHandler                       
0000705d  Beep                                 
00007fea  C$$EXIT                              
00007fe7  CANFD0_IRQHandler                    
00006af1  Constrain_Float                      
00007fe7  DAC0_IRQHandler                      
00007f2b  DL_Common_delayCycles                
000068e9  DL_DMA_initChannel                   
00006325  DL_I2C_fillControllerTXFIFO          
00007531  DL_I2C_setClockConfig                
00004e0d  DL_SYSCTL_configSYSPLL               
00006b35  DL_SYSCTL_switchMCLKfromSYSOSCtoHSCLK
00004a49  DL_Timer_initFourCCPWMMode           
00004c41  DL_Timer_initTimerMode               
00007835  DL_Timer_setCaptCompUpdateMethod     
00007b4d  DL_Timer_setCaptureCompareOutCtl     
00007ea1  DL_Timer_setCaptureCompareValue      
00007851  DL_Timer_setClockConfig              
000066fd  DL_UART_drainRXFIFO                  
00006a19  DL_UART_init                         
00007695  DL_UART_receiveDataBlocking          
00007e59  DL_UART_setClockConfig               
00007fe7  DMA_IRQHandler                       
00007fe7  Default_Handler                      
00005ff5  Distance                             
00007fe7  GROUP0_IRQHandler                    
00007f35  GROUP1_IRQHandler                    
000043b1  Get_Shortest_Arc                     
00005869  Get_Trace_Sum                        
00007feb  HOSTexit                             
00007fe7  HardFault_Handler                    
00007fe7  I2C0_IRQHandler                      
00007fe7  I2C1_IRQHandler                      
00007889  Interrupt_Init                       
20204534  KeyboardData                         
00003661  Motor_Init                           
0000643d  Motor_Modify_Left                    
00006495  Motor_Modify_Left_1                  
000064ed  Motor_Modify_Right                   
00006545  Motor_Modify_Right_1                 
000053d1  Motor_Set_Duty                       
000075c5  Motor_Set_Left_Duty                  
000075e9  Motor_Set_Right_Duty                 
00006f19  Motor_Stop                           
0000717d  Motor_Stop_All                       
000078a5  Motor_Turn_Left_1                    
000078c1  Motor_Walk_Strt                      
000076b5  Motor_Walk_Strt_1                    
00007fe7  NMI_Handler                          
2020453d  New_CMD_flag                         
20204564  New_CMD_length                       
00005315  Normalize_Angle_Positive             
0000605f  OLED_Clear                           
0000482d  OLED_Init                            
00006d75  OLED_Set_Pos                         
00004715  OLED_ShowChar                        
00005f15  OLED_ShowString                      
000057d1  OLED_WR_Byte                         
00004b4d  PID_Loc                              
00002f59  Page_Calib                           
0000387d  Page_Debug                           
000027fd  Page_Debug_Gyro                      
0000412d  Page_Debug_Step                      
0000524d  Page_Home                            
000000c1  Page_Test                            
00007fe7  PendSV_Handler                       
000072dd  Pid_Clear                            
00007eb1  Pto_Char_To_Int                      
00007df9  Pto_Clear_CMD_Flag                   
000045f5  Pto_Data_Parse                       
00005539  Pto_Data_Receive                     
00007fe7  RTC_IRQHandler                       
00007fff  Reset_Handler                        
202043a8  RxBuffer                             
20204565  RxFlag                               
20204566  RxIndex                              
000055e5  SMotor_Init                          
000058fd  SMotor_Set_Speed                     
000076d5  SMotor_Start                         
00007557  SMotor_Stop                          
00006981  SMotor_Turn_Degree                   
00006197  SMotor_Turn_Pulse                    
000076f5  SMotor_Turn_To                       
00007fe7  SPI0_IRQHandler                      
00007fe7  SPI1_IRQHandler                      
00007fe7  SVC_Handler                          
00007c55  SYSCFG_DL_DMA_WIT_init               
00007fa5  SYSCFG_DL_DMA_init                   
00003a65  SYSCFG_DL_GPIO_init                  
0000659d  SYSCFG_DL_I2C_OLED_init              
00006751  SYSCFG_DL_K230_init                  
000071a9  SYSCFG_DL_MOTOR_TIM_INST_init        
00004fc5  SYSCFG_DL_PWM_MOTOR_init             
00005d31  SYSCFG_DL_SM_PUL_HOR_init            
00005da9  SYSCFG_DL_SM_PUL_VER_init            
00006db1  SYSCFG_DL_SYSCTL_init                
00005f85  SYSCFG_DL_UART_WIT_init              
00006849  SYSCFG_DL_init                       
00005489  SYSCFG_DL_initPower                  
00004ee9  Scan_Keyboard                        
00007ec1  SysTick_Handler                      
00007c6d  SysTick_Init                         
00007fe7  TIMA0_IRQHandler                     
00006a61  TIMA1_IRQHandler                     
00007fe7  TIMG0_IRQHandler                     
00007fe7  TIMG12_IRQHandler                    
00006aa9  TIMG6_IRQHandler                     
00007fe7  TIMG7_IRQHandler                     
00007fe7  TIMG8_IRQHandler                     
00007e6b  TI_memcpy_small                      
00007f1d  TI_memset_small                      
00005c35  Trace_Read_Bit                       
00002bf1  UART0_IRQHandler                     
00007fe7  UART1_IRQHandler                     
000070ed  UART2_IRQHandler                     
00007fe7  UART3_IRQHandler                     
00006b79  WIT_Init                             
20208000  __STACK_END                          
00000200  __STACK_SIZE                         
00000000  __TI_ATRegion0_region_sz             
00000000  __TI_ATRegion0_src_addr              
00000000  __TI_ATRegion0_trg_addr              
00000000  __TI_ATRegion1_region_sz             
00000000  __TI_ATRegion1_src_addr              
00000000  __TI_ATRegion1_trg_addr              
00000000  __TI_ATRegion2_region_sz             
00000000  __TI_ATRegion2_src_addr              
00000000  __TI_ATRegion2_trg_addr              
00008c30  __TI_CINIT_Base                      
00008c40  __TI_CINIT_Limit                     
00008c40  __TI_CINIT_Warm                      
00008c1c  __TI_Handler_Table_Base              
00008c28  __TI_Handler_Table_Limit             
00006e65  __TI_auto_init_nobinit_nopinit       
00005cb5  __TI_decompress_lzss                 
00007e7d  __TI_decompress_none                 
000065f5  __TI_ltoa                            
ffffffff  __TI_pprof_out_hndl                  
00001e2d  __TI_printfi                         
ffffffff  __TI_prof_data_size                  
ffffffff  __TI_prof_data_start                 
00000000  __TI_static_base__                   
00007ef1  __TI_zero_init                       
00003e33  __adddf3                             
0000517f  __addsf3                             
00008840  __aeabi_ctype_table_                 
00008840  __aeabi_ctype_table_C                
00005ea1  __aeabi_d2f                          
000069cd  __aeabi_d2iz                         
00003e33  __aeabi_dadd                         
000061fd  __aeabi_dcmpeq                       
00006239  __aeabi_dcmpge                       
0000624d  __aeabi_dcmpgt                       
00006225  __aeabi_dcmple                       
00006211  __aeabi_dcmplt                       
0000493d  __aeabi_ddiv                         
00004d29  __aeabi_dmul                         
00003e29  __aeabi_dsub                         
20204540  __aeabi_errno                        
00007fad  __aeabi_errno_addr                   
00006c41  __aeabi_f2d                          
00006f51  __aeabi_f2iz                         
00007029  __aeabi_f2uiz                        
0000517f  __aeabi_fadd                         
00006261  __aeabi_fcmpeq                       
0000629d  __aeabi_fcmpge                       
000062b1  __aeabi_fcmpgt                       
00006289  __aeabi_fcmple                       
00006275  __aeabi_fcmplt                       
00005bb1  __aeabi_fdiv                         
00005991  __aeabi_fmul                         
00005175  __aeabi_fsub                         
00007285  __aeabi_i2d                          
00006ded  __aeabi_i2f                          
000066a5  __aeabi_idiv                         
00003fbb  __aeabi_idiv0                        
000066a5  __aeabi_idivmod                      
00004713  __aeabi_ldiv0                        
00007735  __aeabi_llsl                         
0000760d  __aeabi_lmul                         
00005e95  __aeabi_memclr                       
00005e95  __aeabi_memclr4                      
00005e95  __aeabi_memclr8                      
00007fb5  __aeabi_memcpy                       
00007fb5  __aeabi_memcpy4                      
00007fb5  __aeabi_memcpy8                      
00007f01  __aeabi_memset                       
00007f01  __aeabi_memset4                      
00007f01  __aeabi_memset8                      
00007449  __aeabi_ui2f                         
00006c01  __aeabi_uidiv                        
00006c01  __aeabi_uidivmod                     
00007e0d  __aeabi_uldivmod                     
00007735  __ashldi3                            
ffffffff  __binit__                            
000060c9  __cmpdf2                             
00006ea1  __cmpsf2                             
0000493d  __divdf3                             
00005bb1  __divsf3                             
000060c9  __eqdf2                              
00006ea1  __eqsf2                              
00006c41  __extendsfdf2                        
000069cd  __fixdfsi                            
00006f51  __fixsfsi                            
00007029  __fixunssfsi                         
00007285  __floatsidf                          
00006ded  __floatsisf                          
00007449  __floatunsisf                        
00005e21  __gedf2                              
00006e29  __gesf2                              
00005e21  __gtdf2                              
00006e29  __gtsf2                              
000060c9  __ledf2                              
00006ea1  __lesf2                              
000060c9  __ltdf2                              
00006ea1  __ltsf2                              
UNDEFED   __mpu_init                           
00004d29  __muldf3                             
0000760d  __muldi3                             
00006edd  __muldsi3                            
00005991  __mulsf3                             
000060c9  __nedf2                              
00006ea1  __nesf2                              
20207e00  __stack                              
20200000  __start___llvm_prf_bits              
20200000  __start___llvm_prf_cnts              
20200000  __stop___llvm_prf_bits               
20200000  __stop___llvm_prf_cnts               
00003e29  __subdf3                             
00005175  __subsf3                             
00005ea1  __truncdfsf2                         
0000568d  __udivmoddi4                         
00007471  _c_int00_noargs                      
UNDEFED   _system_post_cinit                   
00008015  _system_pre_init                     
00007fe1  abort                                
00008610  asc2_0806                            
00008020  asc2_1608                            
00006c81  atoi                                 
ffffffff  binit                                
202043da  bit                                  
20204567  circle_num                           
20204504  col_pins                             
20204510  col_ports                            
20204544  curr_time                            
00007ed1  delay_ms                             
202044a8  delta                                
20204568  echo_data                            
20204569  enable_group1_irq                    
202043db  flag                                 
00003219  fmod                                 
00003219  fmodl                                
00006385  frexp                                
00006385  frexpl                               
20204120  gPWM_MOTORBackup                     
202041dc  gSM_PUL_HORBackup                    
20204298  gSM_PUL_VERBackup                    
202044c8  gravitys                             
20204548  gyro_hori_deg                        
2020454c  gyro_vert_deg                        
20204338  hori_laser_pid                       
00000000  interruptVectors                     
2020456a  key                                  
202044ac  laser_pos                            
202044b0  last_pos                             
20204550  last_time                            
0000509d  ldexp                                
0000509d  ldexpl                               
00005a1d  main                                 
00007631  memccpy                              
20200000  motor_bl                             
20201048  motor_br                             
20202090  motor_fl                             
202030d8  motor_fr                             
0000714d  mspm0_delay_ms                       
000072b1  mspm0_get_clock_ms                   
20204445  oled_buffer                          
000062c5  oled_i2c_sda_unlock                  
2020456b  page_state                           
2020456c  param_index                          
000013e5  pow                                  
000013e5  powl                                 
20204488  recv_data                            
2020453e  round_num                            
2020451c  row_pins                             
20204528  row_ports                            
0000509d  scalbn                               
0000509d  scalbnl                              
202043dc  smotor_hor                           
20204400  smotor_ver                           
00006f89  sprintf                              
00003fbd  sqrt                                 
00005731  sqrtf                                
00003fbd  sqrtl                                
202044b4  start_time                           
202044b8  target_pos                           
2020456d  target_succeed_max                   
2020456e  target_succeed_num                   
202044bc  temp_pos                             
202044c0  tick_ms                              
202044dc  trace_pins                           
202044f0  trace_ports                          
202044a0  trace_states                         
202044c4  trace_sum                            
2020456f  trace_turn_times                     
20204554  turn_left_1_delay                    
20204558  turn_left_1_left_duty                
2020455c  turn_left_1_right_duty               
20204570  turn_left_1_succeed_times            
20204370  vert_laser_pid                       
20204560  walk_strt_1_duty                     
00007ee1  wcslen                               
20204468  wit_data                             
20204424  wit_dmaBuffer                        


GLOBAL SYMBOLS: SORTED BY Symbol Address 

address   name                                 
-------   ----                                 
00000000  __TI_ATRegion0_region_sz             
00000000  __TI_ATRegion0_src_addr              
00000000  __TI_ATRegion0_trg_addr              
00000000  __TI_ATRegion1_region_sz             
00000000  __TI_ATRegion1_src_addr              
00000000  __TI_ATRegion1_trg_addr              
00000000  __TI_ATRegion2_region_sz             
00000000  __TI_ATRegion2_src_addr              
00000000  __TI_ATRegion2_trg_addr              
00000000  __TI_static_base__                   
00000000  interruptVectors                     
000000c1  Page_Test                            
00000200  __STACK_SIZE                         
000013e5  pow                                  
000013e5  powl                                 
00001e2d  __TI_printfi                         
000027fd  Page_Debug_Gyro                      
00002bf1  UART0_IRQHandler                     
00002f59  Page_Calib                           
00003219  fmod                                 
00003219  fmodl                                
00003661  Motor_Init                           
0000387d  Page_Debug                           
00003a65  SYSCFG_DL_GPIO_init                  
00003e29  __aeabi_dsub                         
00003e29  __subdf3                             
00003e33  __adddf3                             
00003e33  __aeabi_dadd                         
00003fbb  __aeabi_idiv0                        
00003fbd  sqrt                                 
00003fbd  sqrtl                                
0000412d  Page_Debug_Step                      
000043b1  Get_Shortest_Arc                     
000045f5  Pto_Data_Parse                       
00004713  __aeabi_ldiv0                        
00004715  OLED_ShowChar                        
0000482d  OLED_Init                            
0000493d  __aeabi_ddiv                         
0000493d  __divdf3                             
00004a49  DL_Timer_initFourCCPWMMode           
00004b4d  PID_Loc                              
00004c41  DL_Timer_initTimerMode               
00004d29  __aeabi_dmul                         
00004d29  __muldf3                             
00004e0d  DL_SYSCTL_configSYSPLL               
00004ee9  Scan_Keyboard                        
00004fc5  SYSCFG_DL_PWM_MOTOR_init             
0000509d  ldexp                                
0000509d  ldexpl                               
0000509d  scalbn                               
0000509d  scalbnl                              
00005175  __aeabi_fsub                         
00005175  __subsf3                             
0000517f  __addsf3                             
0000517f  __aeabi_fadd                         
0000524d  Page_Home                            
00005315  Normalize_Angle_Positive             
000053d1  Motor_Set_Duty                       
00005489  SYSCFG_DL_initPower                  
00005539  Pto_Data_Receive                     
000055e5  SMotor_Init                          
0000568d  __udivmoddi4                         
00005731  sqrtf                                
000057d1  OLED_WR_Byte                         
00005869  Get_Trace_Sum                        
000058fd  SMotor_Set_Speed                     
00005991  __aeabi_fmul                         
00005991  __mulsf3                             
00005a1d  main                                 
00005bb1  __aeabi_fdiv                         
00005bb1  __divsf3                             
00005c35  Trace_Read_Bit                       
00005cb5  __TI_decompress_lzss                 
00005d31  SYSCFG_DL_SM_PUL_HOR_init            
00005da9  SYSCFG_DL_SM_PUL_VER_init            
00005e21  __gedf2                              
00005e21  __gtdf2                              
00005e95  __aeabi_memclr                       
00005e95  __aeabi_memclr4                      
00005e95  __aeabi_memclr8                      
00005ea1  __aeabi_d2f                          
00005ea1  __truncdfsf2                         
00005f15  OLED_ShowString                      
00005f85  SYSCFG_DL_UART_WIT_init              
00005ff5  Distance                             
0000605f  OLED_Clear                           
000060c9  __cmpdf2                             
000060c9  __eqdf2                              
000060c9  __ledf2                              
000060c9  __ltdf2                              
000060c9  __nedf2                              
00006197  SMotor_Turn_Pulse                    
000061fd  __aeabi_dcmpeq                       
00006211  __aeabi_dcmplt                       
00006225  __aeabi_dcmple                       
00006239  __aeabi_dcmpge                       
0000624d  __aeabi_dcmpgt                       
00006261  __aeabi_fcmpeq                       
00006275  __aeabi_fcmplt                       
00006289  __aeabi_fcmple                       
0000629d  __aeabi_fcmpge                       
000062b1  __aeabi_fcmpgt                       
000062c5  oled_i2c_sda_unlock                  
00006325  DL_I2C_fillControllerTXFIFO          
00006385  frexp                                
00006385  frexpl                               
0000643d  Motor_Modify_Left                    
00006495  Motor_Modify_Left_1                  
000064ed  Motor_Modify_Right                   
00006545  Motor_Modify_Right_1                 
0000659d  SYSCFG_DL_I2C_OLED_init              
000065f5  __TI_ltoa                            
000066a5  __aeabi_idiv                         
000066a5  __aeabi_idivmod                      
000066fd  DL_UART_drainRXFIFO                  
00006751  SYSCFG_DL_K230_init                  
00006849  SYSCFG_DL_init                       
000068e9  DL_DMA_initChannel                   
00006981  SMotor_Turn_Degree                   
000069cd  __aeabi_d2iz                         
000069cd  __fixdfsi                            
00006a19  DL_UART_init                         
00006a61  TIMA1_IRQHandler                     
00006aa9  TIMG6_IRQHandler                     
00006af1  Constrain_Float                      
00006b35  DL_SYSCTL_switchMCLKfromSYSOSCtoHSCLK
00006b79  WIT_Init                             
00006c01  __aeabi_uidiv                        
00006c01  __aeabi_uidivmod                     
00006c41  __aeabi_f2d                          
00006c41  __extendsfdf2                        
00006c81  atoi                                 
00006d75  OLED_Set_Pos                         
00006db1  SYSCFG_DL_SYSCTL_init                
00006ded  __aeabi_i2f                          
00006ded  __floatsisf                          
00006e29  __gesf2                              
00006e29  __gtsf2                              
00006e65  __TI_auto_init_nobinit_nopinit       
00006ea1  __cmpsf2                             
00006ea1  __eqsf2                              
00006ea1  __lesf2                              
00006ea1  __ltsf2                              
00006ea1  __nesf2                              
00006edd  __muldsi3                            
00006f19  Motor_Stop                           
00006f51  __aeabi_f2iz                         
00006f51  __fixsfsi                            
00006f89  sprintf                              
00007029  __aeabi_f2uiz                        
00007029  __fixunssfsi                         
0000705d  Beep                                 
000070ed  UART2_IRQHandler                     
0000714d  mspm0_delay_ms                       
0000717d  Motor_Stop_All                       
000071a9  SYSCFG_DL_MOTOR_TIM_INST_init        
00007285  __aeabi_i2d                          
00007285  __floatsidf                          
000072b1  mspm0_get_clock_ms                   
000072dd  Pid_Clear                            
00007449  __aeabi_ui2f                         
00007449  __floatunsisf                        
00007471  _c_int00_noargs                      
00007531  DL_I2C_setClockConfig                
00007557  SMotor_Stop                          
000075c5  Motor_Set_Left_Duty                  
000075e9  Motor_Set_Right_Duty                 
0000760d  __aeabi_lmul                         
0000760d  __muldi3                             
00007631  memccpy                              
00007695  DL_UART_receiveDataBlocking          
000076b5  Motor_Walk_Strt_1                    
000076d5  SMotor_Start                         
000076f5  SMotor_Turn_To                       
00007735  __aeabi_llsl                         
00007735  __ashldi3                            
00007835  DL_Timer_setCaptCompUpdateMethod     
00007851  DL_Timer_setClockConfig              
00007889  Interrupt_Init                       
000078a5  Motor_Turn_Left_1                    
000078c1  Motor_Walk_Strt                      
00007b4d  DL_Timer_setCaptureCompareOutCtl     
00007c55  SYSCFG_DL_DMA_WIT_init               
00007c6d  SysTick_Init                         
00007df9  Pto_Clear_CMD_Flag                   
00007e0d  __aeabi_uldivmod                     
00007e59  DL_UART_setClockConfig               
00007e6b  TI_memcpy_small                      
00007e7d  __TI_decompress_none                 
00007ea1  DL_Timer_setCaptureCompareValue      
00007eb1  Pto_Char_To_Int                      
00007ec1  SysTick_Handler                      
00007ed1  delay_ms                             
00007ee1  wcslen                               
00007ef1  __TI_zero_init                       
00007f01  __aeabi_memset                       
00007f01  __aeabi_memset4                      
00007f01  __aeabi_memset8                      
00007f1d  TI_memset_small                      
00007f2b  DL_Common_delayCycles                
00007f35  GROUP1_IRQHandler                    
00007fa5  SYSCFG_DL_DMA_init                   
00007fad  __aeabi_errno_addr                   
00007fb5  __aeabi_memcpy                       
00007fb5  __aeabi_memcpy4                      
00007fb5  __aeabi_memcpy8                      
00007fe1  abort                                
00007fe7  ADC0_IRQHandler                      
00007fe7  ADC1_IRQHandler                      
00007fe7  AES_IRQHandler                       
00007fe7  CANFD0_IRQHandler                    
00007fe7  DAC0_IRQHandler                      
00007fe7  DMA_IRQHandler                       
00007fe7  Default_Handler                      
00007fe7  GROUP0_IRQHandler                    
00007fe7  HardFault_Handler                    
00007fe7  I2C0_IRQHandler                      
00007fe7  I2C1_IRQHandler                      
00007fe7  NMI_Handler                          
00007fe7  PendSV_Handler                       
00007fe7  RTC_IRQHandler                       
00007fe7  SPI0_IRQHandler                      
00007fe7  SPI1_IRQHandler                      
00007fe7  SVC_Handler                          
00007fe7  TIMA0_IRQHandler                     
00007fe7  TIMG0_IRQHandler                     
00007fe7  TIMG12_IRQHandler                    
00007fe7  TIMG7_IRQHandler                     
00007fe7  TIMG8_IRQHandler                     
00007fe7  UART1_IRQHandler                     
00007fe7  UART3_IRQHandler                     
00007fea  C$$EXIT                              
00007feb  HOSTexit                             
00007fff  Reset_Handler                        
00008015  _system_pre_init                     
00008020  asc2_1608                            
00008610  asc2_0806                            
00008840  __aeabi_ctype_table_                 
00008840  __aeabi_ctype_table_C                
00008c1c  __TI_Handler_Table_Base              
00008c28  __TI_Handler_Table_Limit             
00008c30  __TI_CINIT_Base                      
00008c40  __TI_CINIT_Limit                     
00008c40  __TI_CINIT_Warm                      
20200000  __start___llvm_prf_bits              
20200000  __start___llvm_prf_cnts              
20200000  __stop___llvm_prf_bits               
20200000  __stop___llvm_prf_cnts               
20200000  motor_bl                             
20201048  motor_br                             
20202090  motor_fl                             
202030d8  motor_fr                             
20204120  gPWM_MOTORBackup                     
202041dc  gSM_PUL_HORBackup                    
20204298  gSM_PUL_VERBackup                    
20204338  hori_laser_pid                       
20204370  vert_laser_pid                       
202043a8  RxBuffer                             
202043da  bit                                  
202043db  flag                                 
202043dc  smotor_hor                           
20204400  smotor_ver                           
20204424  wit_dmaBuffer                        
20204445  oled_buffer                          
20204468  wit_data                             
20204488  recv_data                            
202044a0  trace_states                         
202044a8  delta                                
202044ac  laser_pos                            
202044b0  last_pos                             
202044b4  start_time                           
202044b8  target_pos                           
202044bc  temp_pos                             
202044c0  tick_ms                              
202044c4  trace_sum                            
202044c8  gravitys                             
202044dc  trace_pins                           
202044f0  trace_ports                          
20204504  col_pins                             
20204510  col_ports                            
2020451c  row_pins                             
20204528  row_ports                            
20204534  KeyboardData                         
2020453d  New_CMD_flag                         
2020453e  round_num                            
20204540  __aeabi_errno                        
20204544  curr_time                            
20204548  gyro_hori_deg                        
2020454c  gyro_vert_deg                        
20204550  last_time                            
20204554  turn_left_1_delay                    
20204558  turn_left_1_left_duty                
2020455c  turn_left_1_right_duty               
20204560  walk_strt_1_duty                     
20204564  New_CMD_length                       
20204565  RxFlag                               
20204566  RxIndex                              
20204567  circle_num                           
20204568  echo_data                            
20204569  enable_group1_irq                    
2020456a  key                                  
2020456b  page_state                           
2020456c  param_index                          
2020456d  target_succeed_max                   
2020456e  target_succeed_num                   
2020456f  trace_turn_times                     
20204570  turn_left_1_succeed_times            
20207e00  __stack                              
20208000  __STACK_END                          
ffffffff  __TI_pprof_out_hndl                  
ffffffff  __TI_prof_data_size                  
ffffffff  __TI_prof_data_start                 
ffffffff  __binit__                            
ffffffff  binit                                
UNDEFED   __mpu_init                           
UNDEFED   _system_post_cinit                   

[316 symbols]
